
> frontend@0.1.0 test:unit
> vitest --run


 RUN  v3.2.4 /Users/systemsystems/portfolio/TraceLab/frontend

[baseline-browser-mapping] The data in this module is over two months old.  To ensure accurate Baseline data, please update: `npm i baseline-browser-mapping@latest -D`
stderr | src/components/AppShell.test.tsx > the shared shell > opens focused search from the Home entry point
An update to Navigation inside a test was not wrapped in act(...).

When testing, code that causes React state updates should be wrapped into act(...):

act(() => {
  /* fire events that update state */
});
/* assert on the output */

This ensures that you're testing the behavior the user would see in the browser. Learn more at https://react.dev/link/wrap-tests-with-act
An update to Navigation inside a test was not wrapped in act(...).

When testing, code that causes React state updates should be wrapped into act(...):

act(() => {
  /* fire events that update state */
});
/* assert on the output */

This ensures that you're testing the behavior the user would see in the browser. Learn more at https://react.dev/link/wrap-tests-with-act
An update to CommandPalette inside a test was not wrapped in act(...).

When testing, code that causes React state updates should be wrapped into act(...):

act(() => {
  /* fire events that update state */
});
/* assert on the output */

This ensures that you're testing the behavior the user would see in the browser. Learn more at https://react.dev/link/wrap-tests-with-act

stderr | src/components/AppShell.test.tsx > the shared shell > provides one main and banner, and marks only the deepest navigation route current
An update to Navigation inside a test was not wrapped in act(...).

When testing, code that causes React state updates should be wrapped into act(...):

act(() => {
  /* fire events that update state */
});
/* assert on the output */

This ensures that you're testing the behavior the user would see in the browser. Learn more at https://react.dev/link/wrap-tests-with-act
An update to Navigation inside a test was not wrapped in act(...).

When testing, code that causes React state updates should be wrapped into act(...):

act(() => {
  /* fire events that update state */
});
/* assert on the output */

This ensures that you're testing the behavior the user would see in the browser. Learn more at https://react.dev/link/wrap-tests-with-act

 ✓ src/__tests__/admin/users.test.tsx (15 tests) 18275ms
   ✓ UsersAdmin — list + lifecycle > lists users from the API  2375ms
   ✓ UsersAdmin — list + lifecycle > creates a user at a role and reloads the list  3412ms
   ✓ UsersAdmin — list + lifecycle > enables a disabled user (toggle direction is not hardcoded)  1728ms
   ✓ UsersAdmin — list + lifecycle > does not PATCH the role when the selection is unchanged  640ms
   ✓ UsersAdmin — list + lifecycle > changes a user's role  439ms
   ✓ UsersAdmin — list + lifecycle > disables a user  966ms
   ✓ UsersAdmin — list + lifecycle > requires confirmation (with the cascade warning) before deleting  975ms
   ✓ UsersAdmin — list + lifecycle > disables the delete control for your own account  545ms
   ✓ UsersAdmin — owner-gating > hides the owner role option from an admin caller  998ms
   ✓ UsersAdmin — owner-gating > offers the owner role option to an owner caller  720ms
   ✓ UsersAdmin — error surfacing > surfaces a 409 duplicate-email error from create  939ms
   ✓ UsersAdmin — error surfacing > blocks submit and shows a field error when the display name is blank  1290ms
   ✓ UsersAdmin — error surfacing > surfaces a 403 from a role change  1684ms
   ✓ UsersAdmin — error surfacing > surfaces a delete failure, dismisses the dialog, and does not reload  1267ms
 ✓ src/__tests__/evidence.test.tsx (9 tests) 18633ms
   ✓ the evidence browser > marks the whole opened group seen once, not once per page (BADGE-1)  5899ms
   ✓ the evidence browser > preserves Home's mission and session scope through pagination, then clears it when switching projects  1933ms
   ✓ the evidence browser > requires a project and uses the server total while paging  1996ms
   ✓ the evidence browser > submits search with all filters and counts results independently of the visible page  1335ms
   ✓ the evidence browser > surfaces failed reads and retries without calling them empty  647ms
   ✓ the evidence browser > opens entry provenance and uses accessible source-history totals  1308ms
   ✓ the evidence browser > offers Open report for the capturing mission's result report only  1197ms
   ✓ the evidence browser > requires an explicit confirmation before promoting the entire session and permits retry  3725ms
   ✓ the evidence browser > gives report and document pages the same one-click evidence destination  554ms
stderr | src/components/AppShell.test.tsx > the shared shell > keeps admin destinations out of both navigation and command search for non-admins
An update to Navigation inside a test was not wrapped in act(...).

When testing, code that causes React state updates should be wrapped into act(...):

act(() => {
  /* fire events that update state */
});
/* assert on the output */

This ensures that you're testing the behavior the user would see in the browser. Learn more at https://react.dev/link/wrap-tests-with-act
An update to Navigation inside a test was not wrapped in act(...).

When testing, code that causes React state updates should be wrapped into act(...):

act(() => {
  /* fire events that update state */
});
/* assert on the output */

This ensures that you're testing the behavior the user would see in the browser. Learn more at https://react.dev/link/wrap-tests-with-act
An update to CommandPalette inside a test was not wrapped in act(...).

When testing, code that causes React state updates should be wrapped into act(...):

act(() => {
  /* fire events that update state */
});
/* assert on the output */

This ensures that you're testing the behavior the user would see in the browser. Learn more at https://react.dev/link/wrap-tests-with-act

stderr | src/components/CommandPalette.test.tsx > scoped palette data and actions > keeps old lookup results out of a new query and a new account
An update to Navigation inside a test was not wrapped in act(...).

When testing, code that causes React state updates should be wrapped into act(...):

act(() => {
  /* fire events that update state */
});
/* assert on the output */

This ensures that you're testing the behavior the user would see in the browser. Learn more at https://react.dev/link/wrap-tests-with-act
An update to Navigation inside a test was not wrapped in act(...).

When testing, code that causes React state updates should be wrapped into act(...):

act(() => {
  /* fire events that update state */
});
/* assert on the output */

This ensures that you're testing the behavior the user would see in the browser. Learn more at https://react.dev/link/wrap-tests-with-act

stderr | src/components/AppShell.test.tsx > the shared shell > opens focused keyboard search and submits an encoded research query ({"ctrlKey":true})
An update to Navigation inside a test was not wrapped in act(...).

When testing, code that causes React state updates should be wrapped into act(...):

act(() => {
  /* fire events that update state */
});
/* assert on the output */

This ensures that you're testing the behavior the user would see in the browser. Learn more at https://react.dev/link/wrap-tests-with-act
An update to Navigation inside a test was not wrapped in act(...).

When testing, code that causes React state updates should be wrapped into act(...):

act(() => {
  /* fire events that update state */
});
/* assert on the output */

This ensures that you're testing the behavior the user would see in the browser. Learn more at https://react.dev/link/wrap-tests-with-act

stderr | src/components/AppShell.test.tsx > the shared shell > opens focused keyboard search and submits an encoded research query ({"metaKey":true})
An update to Navigation inside a test was not wrapped in act(...).

When testing, code that causes React state updates should be wrapped into act(...):

act(() => {
  /* fire events that update state */
});
/* assert on the output */

This ensures that you're testing the behavior the user would see in the browser. Learn more at https://react.dev/link/wrap-tests-with-act
An update to Navigation inside a test was not wrapped in act(...).

When testing, code that causes React state updates should be wrapped into act(...):

act(() => {
  /* fire events that update state */
});
/* assert on the output */

This ensures that you're testing the behavior the user would see in the browser. Learn more at https://react.dev/link/wrap-tests-with-act

 ✓ src/components/CommandPalette.test.tsx (6 tests) 24822ms
   ✓ scoped palette data and actions > queries names only while open and exposes every server-returned entity link  7668ms
   ✓ scoped palette data and actions > pages a full scoped group and resets its page for a new name  2294ms
   ✓ scoped palette data and actions > distinguishes a failed lookup from no matches and allows retry  1807ms
   ✓ scoped palette data and actions > keeps a quickly reopened palette active when the previous native close event arrives late  3484ms
   ✓ scoped palette data and actions > keeps old lookup results out of a new query and a new account  5217ms
   ✓ scoped palette data and actions > runs a saved search in the Librarian, not the retired /search alias, and exposes useful actions  4329ms
stderr | src/components/AppShell.test.tsx > the shared shell > jumps to a section and restores drawer state on close
An update to Navigation inside a test was not wrapped in act(...).

When testing, code that causes React state updates should be wrapped into act(...):

act(() => {
  /* fire events that update state */
});
/* assert on the output */

This ensures that you're testing the behavior the user would see in the browser. Learn more at https://react.dev/link/wrap-tests-with-act
An update to Navigation inside a test was not wrapped in act(...).

When testing, code that causes React state updates should be wrapped into act(...):

act(() => {
  /* fire events that update state */
});
/* assert on the output */

This ensures that you're testing the behavior the user would see in the browser. Learn more at https://react.dev/link/wrap-tests-with-act

 ✓ src/components/AppShell.test.tsx (8 tests) 26099ms
   ✓ the shared shell > opens focused search from the Home entry point  4217ms
   ✓ the shared shell > provides one main and banner, and marks only the deepest navigation route current  4064ms
   ✓ the shared shell > shows new-item counts on the Missions, Evidence and Reports entries in the sidebar and the drawer, hidden at zero  4147ms
   ✓ the shared shell > keeps admin destinations out of both navigation and command search for non-admins  6757ms
   ✓ the shared shell > opens focused keyboard search and submits an encoded research query ({"ctrlKey":true})  1620ms
   ✓ the shared shell > opens focused keyboard search and submits an encoded research query ({"metaKey":true})  1728ms
   ✓ the shared shell > jumps to a section and restores drawer state on close  3162ms
   ✓ the shared shell > keeps login in the same themed landmark shell without exposing workspace controls  379ms
stderr | src/__tests__/librarian.test.tsx > Librarian page, asking the documents > sends the chosen budget and links each citation to the chunk it came from
An update to LibrarianContent inside a test was not wrapped in act(...).

When testing, code that causes React state updates should be wrapped into act(...):

act(() => {
  /* fire events that update state */
});
/* assert on the output */

This ensures that you're testing the behavior the user would see in the browser. Learn more at https://react.dev/link/wrap-tests-with-act
An update to LibrarianContent inside a test was not wrapped in act(...).

When testing, code that causes React state updates should be wrapped into act(...):

act(() => {
  /* fire events that update state */
});
/* assert on the output */

This ensures that you're testing the behavior the user would see in the browser. Learn more at https://react.dev/link/wrap-tests-with-act

stderr | src/__tests__/librarian.test.tsx > Librarian page, asking the documents > asks for a short answer unless the user chooses a full synthesis
An update to LibrarianContent inside a test was not wrapped in act(...).

When testing, code that causes React state updates should be wrapped into act(...):

act(() => {
  /* fire events that update state */
});
/* assert on the output */

This ensures that you're testing the behavior the user would see in the browser. Learn more at https://react.dev/link/wrap-tests-with-act
An update to LibrarianContent inside a test was not wrapped in act(...).

When testing, code that causes React state updates should be wrapped into act(...):

act(() => {
  /* fire events that update state */
});
/* assert on the output */

This ensures that you're testing the behavior the user would see in the browser. Learn more at https://react.dev/link/wrap-tests-with-act

 ✓ src/__tests__/mission-authoring.test.tsx (9 tests) 32310ms
   ✓ saves and previews inline, preserves authored fields, and submits the same pristine draft  9567ms
   ✓ retains a saved draft after failed submission and maps lint errors to the field  3932ms
   ✓ normalizes optional empty loop inputs and blocks malformed JSON before saving  7588ms
   ✓ does not reset a run after an ambiguous submission response  2971ms
   ✓ seeds collection instructions and document references into a reviewed draft before submission  1773ms
   ✓ shows the collection destination after project options load and retains user changes  693ms
   ✓ shows the rerun destination after project options load and retains user changes  1679ms
   ✓ does not choose a destination project for mixed-project collection context  920ms
   ✓ preserves document identity when editing or removing references with duplicate filenames  3104ms
stderr | src/__tests__/librarian.test.tsx > Librarian page, asking the documents > renders a refusal as a note that asserts nothing, and keeps it that way after a reload
An update to LibrarianContent inside a test was not wrapped in act(...).

When testing, code that causes React state updates should be wrapped into act(...):

act(() => {
  /* fire events that update state */
});
/* assert on the output */

This ensures that you're testing the behavior the user would see in the browser. Learn more at https://react.dev/link/wrap-tests-with-act
An update to LibrarianContent inside a test was not wrapped in act(...).

When testing, code that causes React state updates should be wrapped into act(...):

act(() => {
  /* fire events that update state */
});
/* assert on the output */

This ensures that you're testing the behavior the user would see in the browser. Learn more at https://react.dev/link/wrap-tests-with-act

(node:48695) TimeoutNaNWarning: NaN is not a number.
Timeout duration was set to 1.
(Use `node --trace-warnings ...` to show where the warning was created)
 ✓ src/__tests__/librarian.test.tsx (19 tests) 39443ms
   ✓ Librarian page > renders world knowledge as prose and corpus claims as cited passages  6129ms
   ✓ Librarian page > shows a withheld notice instead of an unproven claim and keeps talking without a project  3113ms
   ✓ Librarian page > drafts a mission from the transcript, shows the compiled contract, and creates it on confirmation  5147ms
   ✓ Librarian page > lets a user with no project create one inline and selects it  2170ms
   ✓ Librarian page > shows no Space picker to someone whose only Space is their own  818ms
   ✓ Librarian page > lets a member of a shared Space create the new project there  1489ms
   ✓ Librarian page > keeps the conversation and project when the page is left and reopened, until the user starts over  1589ms
   ✓ Librarian page > explains the three steps until the user asks it not to  1149ms
   ✓ Librarian page, asking the documents > sends the chosen budget and links each citation to the chunk it came from  2558ms
   ✓ Librarian page, asking the documents > asks for a short answer unless the user chooses a full synthesis  766ms
   ✓ Librarian page, asking the documents > renders a refusal as a note that asserts nothing, and keeps it that way after a reload  2736ms
   ✓ Librarian page, asking the documents > cannot ask the documents without a project  427ms
   ✓ Librarian page, listing the chunks > puts the phrase in the URL and never sends it to the Librarian model  1530ms
   ✓ Librarian page, listing the chunks > lists the ranked chunks for the URL's phrase, each linking to its place in its document  1644ms
   ✓ Librarian page, listing the chunks > lists across every readable project when no project is named  1379ms
   ✓ Librarian page, listing the chunks > keeps the list as one collection in rank order, and a retry adds only what is missing  3041ms
   ✓ Librarian page, listing the chunks > saves the phrase as a saved search with its project and list size  2609ms
   ✓ Librarian page, listing the chunks > runs a saved search once through the call that counts its runs, and shows no answer  792ms
   ✓ Librarian page, listing the chunks > says a deleted saved search no longer exists instead of offering a retry  311ms
 ✓ src/__tests__/admin/spaces.test.tsx (18 tests) 14229ms
   ✓ SpacesAdmin > lists spaces  1130ms
   ✓ SpacesAdmin > creates a space and reloads the list  2362ms
   ✓ SpacesAdmin > blocks a blank space name client-side  697ms
   ✓ SpacesAdmin > loads a space's members and offers only active non-members in the picker  3232ms
   ✓ SpacesAdmin > adds a member  932ms
   ✓ SpacesAdmin > removes a member  1106ms
   ✓ SpacesAdmin > assigns a project to a space and un-assigns it  361ms
   ✓ SpacesAdmin > surfaces a 409 when adding a duplicate member  791ms
   ✓ SpacesAdmin > resets the member picker when switching spaces  620ms
   ✓ SpacesAdmin > ignores a stale roster response when the space is switched mid-fetch  950ms
   ✓ SpacesAdmin personal Spaces (PERSONAL-1) > disables adding members to a personal Space, so it never silently becomes shared  393ms
   ✓ SpacesAdmin personal Spaces (PERSONAL-1) > keeps adding members to a shared Space enabled  650ms
   ✓ SpacesAdmin personal Spaces (PERSONAL-1) > still offers personal Spaces for project assignment  349ms
 ✓ src/__tests__/graph.test.tsx (16 tests) 7257ms
   ✓ relationship accessibility and truthful totals > gives the list every diagram node and every edge, including repeated targets  3006ms
   ✓ the relationship page > finds roots across all six types without sending an unscoped neighborhood request  1132ms
   ✓ the relationship page > loads depth 1 from the URL and pushes root/depth changes into history  899ms
   ✓ the relationship page > loads depth 2 from the URL and pushes root/depth changes into history  587ms
   ✓ the relationship page > distinguishes HTTP 500  387ms
   ✓ the relationship page > separates loading, an isolated root and an invalid root link  619ms
 ✓ scripts/check-token-colors.test.ts (8 tests) 4246ms
   ✓ one semantic palette on every surface > rejects a new competing palette utility: dark:bg-surface  643ms
   ✓ one semantic palette on every surface > rejects a new competing palette utility: dark:hover:text-muted  895ms
   ✓ one semantic palette on every surface > rejects a new competing palette utility: dark:prose-invert  426ms
   ✓ one semantic palette on every surface > rejects a new competing palette utility: hover:dark:bg-surface  360ms
   ✓ one semantic palette on every surface > rejects a new competing palette utility: text-gray-500  754ms
   ✓ one semantic palette on every surface > accepts token colors that adapt to every theme  477ms
   ✓ one semantic palette on every surface > accepts semantic CSS apply rules  385ms
 ✓ src/__tests__/missions.test.tsx (13 tests) 15880ms
   ✓ uses server totals, query filters and recency sorts, and never pins rows by status  2487ms
   ✓ renders draft with actions appropriate to one execution  2630ms
   ✓ renders queued with actions appropriate to one execution  1589ms
   ✓ renders in_progress with actions appropriate to one execution  1705ms
   ✓ renders completed with actions appropriate to one execution  1839ms
   ✓ renders blocked with actions appropriate to one execution  1124ms
   ✓ renders cancelled with actions appropriate to one execution  941ms
   ✓ renders validation_failed with actions appropriate to one execution  454ms
   ✓ requires the shared confirmation before cancel and refreshes the persisted status  456ms
   ✓ prepares a new run only after confirmation without mutating the old result  766ms
   ✓ marks a mission viewed at its current revision when its page opens  590ms
   ✓ orients a draft reached from the Librarian once, and never a draft opened directly  825ms
   ✓ marks the run's evidence group seen when its Evidence tab opens, and only then (BADGE-1)  404ms
stderr | src/__tests__/home.test.tsx > Home's recent activity > marks an item viewed explicitly or by opening it, then refreshes from the server
Error: Not implemented: navigation (except hash changes)
    at module.exports (/Users/systemsystems/portfolio/TraceLab/frontend/node_modules/jsdom/lib/jsdom/browser/not-implemented.js:9:17)
    at navigateFetch (/Users/systemsystems/portfolio/TraceLab/frontend/node_modules/jsdom/lib/jsdom/living/window/navigation.js:77:3)
    at exports.navigate (/Users/systemsystems/portfolio/TraceLab/frontend/node_modules/jsdom/lib/jsdom/living/window/navigation.js:55:3)
    at Timeout._onTimeout (/Users/systemsystems/portfolio/TraceLab/frontend/node_modules/jsdom/lib/jsdom/living/nodes/HTMLHyperlinkElementUtils-impl.js:80:7)
    at listOnTimeout (node:internal/timers:608:17)
    at processTimers (node:internal/timers:543:7) undefined

 ✓ src/__tests__/home.test.tsx (5 tests) 3907ms
   ✓ Home's recent activity > lists what happened newest first with status as a label only, and keeps missing progress unknown  2118ms
   ✓ Home's recent activity > marks an item viewed explicitly or by opening it, then refreshes from the server  556ms
   ✓ Home's recent activity > loads more activity on demand and retains stale data when refresh fails  633ms
   ✓ Home's recent activity > opens the shared command palette from Home  472ms
 ✓ src/__tests__/project-bundles.test.tsx (9 tests) 4578ms
   ✓ project bundle resources > pages documents using the full server total and current project  2022ms
   ✓ project bundle resources > gets Evidence from its scoped paginated endpoint  395ms
   ✓ project bundle resources > gets Missions from its scoped paginated endpoint  303ms
   ✓ project bundle resources > gets Reports from its scoped paginated endpoint  501ms
   ✓ project bundle resources > distinguishes inaccessible resource failures from an empty project tab  532ms
 ✓ src/__tests__/admin/observability.test.tsx (6 tests) 4619ms
   ✓ admin observability > renders server totals separately from recent rows and preserves unknown telemetry  2090ms
   ✓ admin observability > retries failed reads without presenting an empty system  314ms
   ✓ admin observability > preserves correction actions at the new route and exposes total dead letters without a fake clear action  1477ms
   ✓ admin observability > retains a correction failure until a successful explicit retry  475ms
 ✓ src/__tests__/hygiene.test.tsx (10 tests) 6579ms
   ✓ shared feedback and page state > requires explicit acceptance before deletion, preserves failure, and retries through the same confirmation  2952ms
   ✓ shared feedback and page state > cancels an outstanding confirmation on unmount without performing a write  310ms
   ✓ shared feedback and page state > resets paging in the filter event so a new filter never requests the old page  516ms
   ✓ shared feedback and page state > failed documents reads show retry instead of a false empty state  495ms
   ✓ shared feedback and page state > failed collections reads show retry instead of a false empty state  348ms
   ✓ shared feedback and page state > failed reports reads show retry instead of a false empty state  384ms
   ✓ shared feedback and page state > requests each server collection page without hiding its scoped total  1344ms
 ✓ src/__tests__/document-upload.test.tsx (4 tests) 2670ms
   ✓ independent document uploads > keeps a rejected file visible and still uploads the next file  1494ms
   ✓ independent document uploads > retries failed processing on the saved document instead of uploading a duplicate  545ms
   ✓ independent document uploads > preserves a failed pipeline stage even when the outer response says completed  317ms
 ✓ src/__tests__/mission-run.test.tsx (9 tests) 2282ms
   ✓ keeps missing observations unknown for draft and never calls empty logs live  1214ms
   ✓ displays only observed phase and valid steps, with recent event details  318ms
 ✓ src/__tests__/project-new.test.tsx (3 tests) 2420ms
   ✓ New project page > shows no Space picker with one Space and sends no workspace_id  1328ms
   ✓ New project page > defaults to My Space, which leaves the placement to the server  393ms
   ✓ New project page > creates in the shared Space the member picks  694ms
 ✓ src/__tests__/collection-picker.test.tsx (3 tests) 3983ms
   ✓ adds a document without manufacturing a chunk and pages the complete collection total  2597ms
   ✓ keeps a created collection when adding its first document fails  709ms
   ✓ keeps excerpt callers on the existing chunk API and distinguishes collection load failure  655ms
 ✓ src/__tests__/librarian-description.test.tsx (5 tests) 3667ms
   ✓ drafts only on request, preserves edits across navigation, and dismissal never accepts  1666ms
   ✓ binds acceptance to the reviewed proposal and edits, then shows provenance and guarded restore  1229ms
   ✓ reports acceptance conflicts without discarding the review or regenerating  408ms
 ✓ src/__tests__/collection-context.test.tsx (7 tests) 9354ms
   ✓ edits instructions and links to reviewed authoring without creating a mission  4272ms
   ✓ pages the full document context and removes only after explicit confirmation  1513ms
   ✓ presents citation links from every authorized page without synthesizing raw source destinations  1422ms
   ✓ never renders a raw ledger source id as an authorized evidence link  403ms
   ✓ preserves the report total and resets paging when filters change  848ms
   ✓ keeps sparse numbered report sources separate from Evidence and withholds unavailable links  472ms
   ✓ explains missing legacy mappings without inventing chunk support  414ms
 ✓ src/components/RequireAdmin.test.tsx (12 tests) 1539ms
   ✓ RequireAdmin — fail-closed denials > denies (fail-closed) but offers a Retry when the /auth/me lookup errored  644ms
   ✓ RequireAdmin — fail-closed denials > denies a resolved non-admin role: member  338ms
 ✓ src/contexts/RoleContext.test.tsx (8 tests) 1253ms
   ✓ RoleProvider > resolves an admin role from /auth/me  735ms
 ✓ src/__tests__/document-detail.test.tsx (12 tests) 10213ms
   ✓ opens on the Text tab and shows the full text from the content endpoint, not the preview  2260ms
   ✓ renders markdown documents as markdown and plain text verbatim  1724ms
   ✓ moves stats and metadata to Overview and loads chunks only on the Chunks tab  2744ms
   ✓ falls back to Text for unknown ?tab= values  332ms
   ✓ explains empty text and offers a retry when the text fails to load  891ms
   ✓ citation deep links > opens the Chunks tab on the page holding the chunk, expanded and marked as cited  1084ms
   ✓ citation deep links > says the cited chunk is gone rather than showing another passage  391ms
 ✓ src/contexts/ThemeContext.test.tsx (5 tests) 2358ms
   ✓ per-user appearance > offers the accepted shipped palettes and explicitly defers High contrast  1325ms
   ✓ per-user appearance > follows OS changes only while System is selected  630ms
 ✓ src/components/MarkdownRenderer.test.tsx (2 tests) 1288ms
   ✓ accessible research markdown > announces task status as document content instead of unnamed form controls  892ms
   ✓ accessible research markdown > lets keyboard users reach a wide table's scroll region  381ms
 ✓ src/lib/api/admin.test.ts (12 tests) 132ms
 ✓ src/__tests__/document-upload-api.test.ts (3 tests) 62ms
 ✓ src/lib/theme.test.ts (7 tests) 192ms
 ✓ src/contexts/AuthContext.test.tsx (1 test) 257ms
 ✓ src/__tests__/document-state.test.ts (6 tests) 8ms
 ✓ src/lib/route-migration-links.test.ts (2 tests) 30ms
 ✓ src/lib/api/librarian.test.ts (3 tests) 42ms
 ✓ src/lib/api/errors.test.ts (4 tests) 29ms
 ✓ src/lib/route-migrations.test.ts (3 tests) 174ms
 ✓ src/lib/api/timestamps.test.ts (1 test) 45ms
 ✓ src/__tests__/mission-timeline.test.tsx (1 test) 511ms
   ✓ does not call a cancelled run a successful completion  504ms
 ✓ src/__tests__/settings-notifications.test.tsx (3 tests) 1326ms
   ✓ mission email preference on Settings > shows the stored preference and then whatever the server saved  901ms
   ✓ mission email preference on Settings > keeps the stored preference when saving fails  366ms

 Test Files  37 passed (37)
      Tests  267 passed (267)
   Start at  15:37:02
   Duration  125.94s (transform 36.75s, setup 59.80s, collect 233.41s, tests 264.71s, environment 165.64s, prepare 32.57s)
