
> frontend@0.1.0 build
> npm run check:tokens && next build


> frontend@0.1.0 check:tokens
> node scripts/check-token-colors.mjs

OODS color gate passed: no fixed palette colors or dark variants in rendered source.
[baseline-browser-mapping] The data in this module is over two months old.  To ensure accurate Baseline data, please update: `npm i baseline-browser-mapping@latest -D`
   ▲ Next.js 16.0.10 (Turbopack)
   - Environments: .env.production.local, .env.local

   Running TypeScript ...
   Creating an optimized production build ...
[baseline-browser-mapping] The data in this module is over two months old.  To ensure accurate Baseline data, please update: `npm i baseline-browser-mapping@latest -D`
[baseline-browser-mapping] The data in this module is over two months old.  To ensure accurate Baseline data, please update: `npm i baseline-browser-mapping@latest -D`
Browserslist: browsers data (caniuse-lite) is 10 months old. Please run:
  npx update-browserslist-db@latest
  Why you should do it regularly: https://github.com/browserslist/update-db#readme
 ✓ Compiled successfully in 18.9s
   Collecting page data using 7 workers ...
[baseline-browser-mapping] The data in this module is over two months old.  To ensure accurate Baseline data, please update: `npm i baseline-browser-mapping@latest -D`
[baseline-browser-mapping] The data in this module is over two months old.  To ensure accurate Baseline data, please update: `npm i baseline-browser-mapping@latest -D`
[baseline-browser-mapping] The data in this module is over two months old.  To ensure accurate Baseline data, please update: `npm i baseline-browser-mapping@latest -D`
[baseline-browser-mapping] The data in this module is over two months old.  To ensure accurate Baseline data, please update: `npm i baseline-browser-mapping@latest -D`
[baseline-browser-mapping] The data in this module is over two months old.  To ensure accurate Baseline data, please update: `npm i baseline-browser-mapping@latest -D`
[baseline-browser-mapping] The data in this module is over two months old.  To ensure accurate Baseline data, please update: `npm i baseline-browser-mapping@latest -D`
[baseline-browser-mapping] The data in this module is over two months old.  To ensure accurate Baseline data, please update: `npm i baseline-browser-mapping@latest -D`
   Generating static pages using 7 workers (0/29) ...
[baseline-browser-mapping] The data in this module is over two months old.  To ensure accurate Baseline data, please update: `npm i baseline-browser-mapping@latest -D`
[baseline-browser-mapping] The data in this module is over two months old.  To ensure accurate Baseline data, please update: `npm i baseline-browser-mapping@latest -D`
   Generating static pages using 7 workers (7/29)
   Generating static pages using 7 workers (14/29)
   Generating static pages using 7 workers (21/29)
 ✓ Generating static pages using 7 workers (29/29) in 3.2s
   Finalizing page optimization ...

Route (pages)
┌ ○ /
├   /_app
├ ○ /404
├ ○ /admin/corrections (607 ms)
├ ○ /admin/observability (1471 ms)
├ ○ /admin/spaces (603 ms)
├ ○ /admin/users
├ ƒ /api/version
├ ○ /collections
├ ○ /collections/[id] (606 ms)
├ ○ /collections/new (608 ms)
├ ○ /device (603 ms)
├ ○ /documents (608 ms)
├ ○ /documents/[id] (568 ms)
├ ○ /documents/upload (603 ms)
├ ○ /evidence (607 ms)
├ ○ /evidence/[id] (1472 ms)
├ ○ /graph
├ ○ /librarian (565 ms)
├ ○ /missions
├ ○ /missions/[id] (564 ms)
├ ○ /missions/new (1467 ms)
├ ● /missions/queue (564 ms)
├ ○ /projects (1471 ms)
├ ○ /projects/[id]
├ ○ /projects/new
├ ○ /reports (1471 ms)
├ ○ /reports/[id] (1467 ms)
├ ○ /saved-searches (1479 ms)
└ ○ /settings (1469 ms)

○  (Static)   prerendered as static content
●  (SSG)      prerendered as static HTML (uses getStaticProps)
ƒ  (Dynamic)  server-rendered on demand
