
> frontend@0.1.0 test:unit
> vitest --run src/__tests__/librarian-description.test.tsx src/__tests__/librarian.test.tsx


 RUN  v3.2.4 /Users/systemsystems/portfolio/TraceLab/frontend

[baseline-browser-mapping] The data in this module is over two months old.  To ensure accurate Baseline data, please update: `npm i baseline-browser-mapping@latest -D`
 ✓ src/__tests__/librarian-description.test.tsx (6 tests) 1529ms
   ✓ drafts only on request, preserves edits across navigation, and dismissal never accepts  745ms
   ✓ binds acceptance to the reviewed proposal and edits, then shows provenance and guarded restore  383ms
stderr | src/__tests__/librarian.test.tsx > Librarian page, asking the documents > sends the chosen budget and links each citation to the chunk it came from
An update to LibrarianContent inside a test was not wrapped in act(...).

When testing, code that causes React state updates should be wrapped into act(...):

act(() => {
  /* fire events that update state */
});
/* assert on the output */

This ensures that you're testing the behavior the user would see in the browser. Learn more at https://react.dev/link/wrap-tests-with-act
An update to LibrarianContent inside a test was not wrapped in act(...).

When testing, code that causes React state updates should be wrapped into act(...):

act(() => {
  /* fire events that update state */
});
/* assert on the output */

This ensures that you're testing the behavior the user would see in the browser. Learn more at https://react.dev/link/wrap-tests-with-act

stderr | src/__tests__/librarian.test.tsx > Librarian page, asking the documents > asks for a short answer unless the user chooses a full synthesis
An update to LibrarianContent inside a test was not wrapped in act(...).

When testing, code that causes React state updates should be wrapped into act(...):

act(() => {
  /* fire events that update state */
});
/* assert on the output */

This ensures that you're testing the behavior the user would see in the browser. Learn more at https://react.dev/link/wrap-tests-with-act
An update to LibrarianContent inside a test was not wrapped in act(...).

When testing, code that causes React state updates should be wrapped into act(...):

act(() => {
  /* fire events that update state */
});
/* assert on the output */

This ensures that you're testing the behavior the user would see in the browser. Learn more at https://react.dev/link/wrap-tests-with-act

stderr | src/__tests__/librarian.test.tsx > Librarian page, asking the documents > renders a refusal as a note that asserts nothing, and keeps it that way after a reload
An update to LibrarianContent inside a test was not wrapped in act(...).

When testing, code that causes React state updates should be wrapped into act(...):

act(() => {
  /* fire events that update state */
});
/* assert on the output */

This ensures that you're testing the behavior the user would see in the browser. Learn more at https://react.dev/link/wrap-tests-with-act
An update to LibrarianContent inside a test was not wrapped in act(...).

When testing, code that causes React state updates should be wrapped into act(...):

act(() => {
  /* fire events that update state */
});
/* assert on the output */

This ensures that you're testing the behavior the user would see in the browser. Learn more at https://react.dev/link/wrap-tests-with-act

(node:52489) TimeoutNaNWarning: NaN is not a number.
Timeout duration was set to 1.
(Use `node --trace-warnings ...` to show where the warning was created)
 ✓ src/__tests__/librarian.test.tsx (19 tests) 5249ms
   ✓ Librarian page > renders world knowledge as prose and corpus claims as cited passages  609ms
   ✓ Librarian page > drafts a mission from the transcript, shows the compiled contract, and creates it on confirmation  672ms
   ✓ Librarian page > keeps the conversation and project when the page is left and reopened, until the user starts over  585ms
   ✓ Librarian page, asking the documents > sends the chosen budget and links each citation to the chunk it came from  541ms
   ✓ Librarian page, asking the documents > asks for a short answer unless the user chooses a full synthesis  329ms

 Test Files  2 passed (2)
      Tests  25 passed (25)
   Start at  15:41:42
   Duration  13.71s (transform 1.74s, setup 1.63s, collect 4.47s, tests 6.78s, environment 3.23s, prepare 1.39s)
