> frontend@0.1.0 test:unit
> vitest --run src/__tests__/librarian-duplicates.test.tsx src/__tests__/librarian-description.test.tsx src/__tests__/librarian.test.tsx

[baseline-browser-mapping] The data in this module is over two months old.  To ensure accurate Baseline data, please update: `npm i baseline-browser-mapping@latest -D`

 RUN  v3.2.4 <repo>/frontend

 ✓ src/__tests__/librarian-duplicates.test.tsx (7 tests) 2304ms
   ✓ scans only on request, preserves review after navigation, and dismisses without a corpus request  1221ms
   ✓ rechecks sources before displaying full text and returns keyboard focus on close  390ms
 ✓ src/__tests__/librarian-description.test.tsx (6 tests) 2290ms
   ✓ drafts only on request, preserves edits across navigation, and dismissal never accepts  1227ms
   ✓ binds acceptance to the reviewed proposal and edits, then shows provenance and guarded restore  412ms
stderr | src/__tests__/librarian.test.tsx > Librarian page > renders world knowledge as prose and corpus claims as cited passages
Encountered two children with the same key, `reader:10000000-0000-4000-8000-000000000001`. Keys should be unique so that components maintain their identity across updates. Non-unique keys may cause children to be duplicated and/or omitted — the behavior is unsupported and could change in a future version.

stderr | src/__tests__/librarian.test.tsx > Librarian page > renders world knowledge as prose and corpus claims as cited passages
Encountered two children with the same key, `reader:10000000-0000-4000-8000-000000000001`. Keys should be unique so that components maintain their identity across updates. Non-unique keys may cause children to be duplicated and/or omitted — the behavior is unsupported and could change in a future version.
Encountered two children with the same key, `reader:10000000-0000-4000-8000-000000000001`. Keys should be unique so that components maintain their identity across updates. Non-unique keys may cause children to be duplicated and/or omitted — the behavior is unsupported and could change in a future version.

stderr | src/__tests__/librarian.test.tsx > Librarian page > renders world knowledge as prose and corpus claims as cited passages
Encountered two children with the same key, `reader:10000000-0000-4000-8000-000000000001`. Keys should be unique so that components maintain their identity across updates. Non-unique keys may cause children to be duplicated and/or omitted — the behavior is unsupported and could change in a future version.

stderr | src/__tests__/librarian.test.tsx > Librarian page > drafts a mission from the transcript, shows the compiled contract, and creates it on confirmation
Encountered two children with the same key, `reader:10000000-0000-4000-8000-000000000001`. Keys should be unique so that components maintain their identity across updates. Non-unique keys may cause children to be duplicated and/or omitted — the behavior is unsupported and could change in a future version.

stderr | src/__tests__/librarian.test.tsx > Librarian page > drafts a mission from the transcript, shows the compiled contract, and creates it on confirmation
Encountered two children with the same key, `reader:10000000-0000-4000-8000-000000000001`. Keys should be unique so that components maintain their identity across updates. Non-unique keys may cause children to be duplicated and/or omitted — the behavior is unsupported and could change in a future version.
Encountered two children with the same key, `reader:10000000-0000-4000-8000-000000000001`. Keys should be unique so that components maintain their identity across updates. Non-unique keys may cause children to be duplicated and/or omitted — the behavior is unsupported and could change in a future version.

stderr | src/__tests__/librarian.test.tsx > Librarian page > drafts a mission from the transcript, shows the compiled contract, and creates it on confirmation
Encountered two children with the same key, `reader:10000000-0000-4000-8000-000000000001`. Keys should be unique so that components maintain their identity across updates. Non-unique keys may cause children to be duplicated and/or omitted — the behavior is unsupported and could change in a future version.

stderr | src/__tests__/librarian.test.tsx > Librarian page > drafts a mission from the transcript, shows the compiled contract, and creates it on confirmation
Encountered two children with the same key, `reader:10000000-0000-4000-8000-000000000001`. Keys should be unique so that components maintain their identity across updates. Non-unique keys may cause children to be duplicated and/or omitted — the behavior is unsupported and could change in a future version.

stderr | src/__tests__/librarian.test.tsx > Librarian page > drafts a mission from the transcript, shows the compiled contract, and creates it on confirmation
Encountered two children with the same key, `reader:10000000-0000-4000-8000-000000000001`. Keys should be unique so that components maintain their identity across updates. Non-unique keys may cause children to be duplicated and/or omitted — the behavior is unsupported and could change in a future version.

stderr | src/__tests__/librarian.test.tsx > Librarian page > drafts a mission from the transcript, shows the compiled contract, and creates it on confirmation
Encountered two children with the same key, `reader:10000000-0000-4000-8000-000000000001`. Keys should be unique so that components maintain their identity across updates. Non-unique keys may cause children to be duplicated and/or omitted — the behavior is unsupported and could change in a future version.

stderr | src/__tests__/librarian.test.tsx > Librarian page > drafts a mission from the transcript, shows the compiled contract, and creates it on confirmation
Encountered two children with the same key, `reader:10000000-0000-4000-8000-000000000001`. Keys should be unique so that components maintain their identity across updates. Non-unique keys may cause children to be duplicated and/or omitted — the behavior is unsupported and could change in a future version.

stderr | src/__tests__/librarian.test.tsx > Librarian page > lets a user with no project create one inline and selects it
Encountered two children with the same key, `reader:10000000-0000-4000-8000-000000000001`. Keys should be unique so that components maintain their identity across updates. Non-unique keys may cause children to be duplicated and/or omitted — the behavior is unsupported and could change in a future version.

stderr | src/__tests__/librarian.test.tsx > Librarian page > lets a member of a shared Space create the new project there
Encountered two children with the same key, `reader:10000000-0000-4000-8000-000000000001`. Keys should be unique so that components maintain their identity across updates. Non-unique keys may cause children to be duplicated and/or omitted — the behavior is unsupported and could change in a future version.

stderr | src/__tests__/librarian.test.tsx > Librarian page > keeps the conversation and project when the page is left and reopened, until the user starts over
Encountered two children with the same key, `reader:10000000-0000-4000-8000-000000000001`. Keys should be unique so that components maintain their identity across updates. Non-unique keys may cause children to be duplicated and/or omitted — the behavior is unsupported and could change in a future version.

stderr | src/__tests__/librarian.test.tsx > Librarian page > keeps the conversation and project when the page is left and reopened, until the user starts over
Encountered two children with the same key, `reader:10000000-0000-4000-8000-000000000001`. Keys should be unique so that components maintain their identity across updates. Non-unique keys may cause children to be duplicated and/or omitted — the behavior is unsupported and could change in a future version.
Encountered two children with the same key, `reader:10000000-0000-4000-8000-000000000001`. Keys should be unique so that components maintain their identity across updates. Non-unique keys may cause children to be duplicated and/or omitted — the behavior is unsupported and could change in a future version.

stderr | src/__tests__/librarian.test.tsx > Librarian page > keeps the conversation and project when the page is left and reopened, until the user starts over
Encountered two children with the same key, `reader:10000000-0000-4000-8000-000000000001`. Keys should be unique so that components maintain their identity across updates. Non-unique keys may cause children to be duplicated and/or omitted — the behavior is unsupported and could change in a future version.

stderr | src/__tests__/librarian.test.tsx > Librarian page > keeps the conversation and project when the page is left and reopened, until the user starts over
Encountered two children with the same key, `reader:10000000-0000-4000-8000-000000000001`. Keys should be unique so that components maintain their identity across updates. Non-unique keys may cause children to be duplicated and/or omitted — the behavior is unsupported and could change in a future version.

stderr | src/__tests__/librarian.test.tsx > Librarian page > keeps the conversation and project when the page is left and reopened, until the user starts over
Encountered two children with the same key, `reader:10000000-0000-4000-8000-000000000001`. Keys should be unique so that components maintain their identity across updates. Non-unique keys may cause children to be duplicated and/or omitted — the behavior is unsupported and could change in a future version.

stderr | src/__tests__/librarian.test.tsx > Librarian page, asking the documents > sends the chosen budget and links each citation to the chunk it came from
Encountered two children with the same key, `reader:10000000-0000-4000-8000-000000000001`. Keys should be unique so that components maintain their identity across updates. Non-unique keys may cause children to be duplicated and/or omitted — the behavior is unsupported and could change in a future version.

stderr | src/__tests__/librarian.test.tsx > Librarian page, asking the documents > sends the chosen budget and links each citation to the chunk it came from
Encountered two children with the same key, `reader:10000000-0000-4000-8000-000000000001`. Keys should be unique so that components maintain their identity across updates. Non-unique keys may cause children to be duplicated and/or omitted — the behavior is unsupported and could change in a future version.
Encountered two children with the same key, `reader:10000000-0000-4000-8000-000000000001`. Keys should be unique so that components maintain their identity across updates. Non-unique keys may cause children to be duplicated and/or omitted — the behavior is unsupported and could change in a future version.
Encountered two children with the same key, `reader:10000000-0000-4000-8000-000000000001`. Keys should be unique so that components maintain their identity across updates. Non-unique keys may cause children to be duplicated and/or omitted — the behavior is unsupported and could change in a future version.
Encountered two children with the same key, `reader:10000000-0000-4000-8000-000000000001`. Keys should be unique so that components maintain their identity across updates. Non-unique keys may cause children to be duplicated and/or omitted — the behavior is unsupported and could change in a future version.
An update to LibrarianContent inside a test was not wrapped in act(...).

When testing, code that causes React state updates should be wrapped into act(...):

act(() => {
  /* fire events that update state */
});
/* assert on the output */

This ensures that you're testing the behavior the user would see in the browser. Learn more at https://react.dev/link/wrap-tests-with-act
An update to LibrarianContent inside a test was not wrapped in act(...).

When testing, code that causes React state updates should be wrapped into act(...):

act(() => {
  /* fire events that update state */
});
/* assert on the output */

This ensures that you're testing the behavior the user would see in the browser. Learn more at https://react.dev/link/wrap-tests-with-act

stderr | src/__tests__/librarian.test.tsx > Librarian page, asking the documents > sends the chosen budget and links each citation to the chunk it came from
Encountered two children with the same key, `reader:10000000-0000-4000-8000-000000000001`. Keys should be unique so that components maintain their identity across updates. Non-unique keys may cause children to be duplicated and/or omitted — the behavior is unsupported and could change in a future version.

stderr | src/__tests__/librarian.test.tsx > Librarian page, asking the documents > asks for a short answer unless the user chooses a full synthesis
Encountered two children with the same key, `reader:10000000-0000-4000-8000-000000000001`. Keys should be unique so that components maintain their identity across updates. Non-unique keys may cause children to be duplicated and/or omitted — the behavior is unsupported and could change in a future version.

stderr | src/__tests__/librarian.test.tsx > Librarian page, asking the documents > asks for a short answer unless the user chooses a full synthesis
Encountered two children with the same key, `reader:10000000-0000-4000-8000-000000000001`. Keys should be unique so that components maintain their identity across updates. Non-unique keys may cause children to be duplicated and/or omitted — the behavior is unsupported and could change in a future version.
Encountered two children with the same key, `reader:10000000-0000-4000-8000-000000000001`. Keys should be unique so that components maintain their identity across updates. Non-unique keys may cause children to be duplicated and/or omitted — the behavior is unsupported and could change in a future version.
Encountered two children with the same key, `reader:10000000-0000-4000-8000-000000000001`. Keys should be unique so that components maintain their identity across updates. Non-unique keys may cause children to be duplicated and/or omitted — the behavior is unsupported and could change in a future version.
An update to LibrarianContent inside a test was not wrapped in act(...).

When testing, code that causes React state updates should be wrapped into act(...):

act(() => {
  /* fire events that update state */
});
/* assert on the output */

This ensures that you're testing the behavior the user would see in the browser. Learn more at https://react.dev/link/wrap-tests-with-act
An update to LibrarianContent inside a test was not wrapped in act(...).

When testing, code that causes React state updates should be wrapped into act(...):

act(() => {
  /* fire events that update state */
});
/* assert on the output */

This ensures that you're testing the behavior the user would see in the browser. Learn more at https://react.dev/link/wrap-tests-with-act

stderr | src/__tests__/librarian.test.tsx > Librarian page, asking the documents > asks for a short answer unless the user chooses a full synthesis
Encountered two children with the same key, `reader:10000000-0000-4000-8000-000000000001`. Keys should be unique so that components maintain their identity across updates. Non-unique keys may cause children to be duplicated and/or omitted — the behavior is unsupported and could change in a future version.

stderr | src/__tests__/librarian.test.tsx > Librarian page, asking the documents > renders a refusal as a note that asserts nothing, and keeps it that way after a reload
Encountered two children with the same key, `reader:10000000-0000-4000-8000-000000000001`. Keys should be unique so that components maintain their identity across updates. Non-unique keys may cause children to be duplicated and/or omitted — the behavior is unsupported and could change in a future version.

stderr | src/__tests__/librarian.test.tsx > Librarian page, asking the documents > renders a refusal as a note that asserts nothing, and keeps it that way after a reload
Encountered two children with the same key, `reader:10000000-0000-4000-8000-000000000001`. Keys should be unique so that components maintain their identity across updates. Non-unique keys may cause children to be duplicated and/or omitted — the behavior is unsupported and could change in a future version.
Encountered two children with the same key, `reader:10000000-0000-4000-8000-000000000001`. Keys should be unique so that components maintain their identity across updates. Non-unique keys may cause children to be duplicated and/or omitted — the behavior is unsupported and could change in a future version.
Encountered two children with the same key, `reader:10000000-0000-4000-8000-000000000001`. Keys should be unique so that components maintain their identity across updates. Non-unique keys may cause children to be duplicated and/or omitted — the behavior is unsupported and could change in a future version.
An update to LibrarianContent inside a test was not wrapped in act(...).

When testing, code that causes React state updates should be wrapped into act(...):

act(() => {
  /* fire events that update state */
});
/* assert on the output */

This ensures that you're testing the behavior the user would see in the browser. Learn more at https://react.dev/link/wrap-tests-with-act
An update to LibrarianContent inside a test was not wrapped in act(...).

When testing, code that causes React state updates should be wrapped into act(...):

act(() => {
  /* fire events that update state */
});
/* assert on the output */

This ensures that you're testing the behavior the user would see in the browser. Learn more at https://react.dev/link/wrap-tests-with-act

stderr | src/__tests__/librarian.test.tsx > Librarian page, asking the documents > renders a refusal as a note that asserts nothing, and keeps it that way after a reload
Encountered two children with the same key, `reader:10000000-0000-4000-8000-000000000001`. Keys should be unique so that components maintain their identity across updates. Non-unique keys may cause children to be duplicated and/or omitted — the behavior is unsupported and could change in a future version.

stderr | src/__tests__/librarian.test.tsx > Librarian page, asking the documents > renders a refusal as a note that asserts nothing, and keeps it that way after a reload
Encountered two children with the same key, `reader:10000000-0000-4000-8000-000000000001`. Keys should be unique so that components maintain their identity across updates. Non-unique keys may cause children to be duplicated and/or omitted — the behavior is unsupported and could change in a future version.

stderr | src/__tests__/librarian.test.tsx > Librarian page, listing the chunks > puts the phrase in the URL and never sends it to the Librarian model
Encountered two children with the same key, `reader:10000000-0000-4000-8000-000000000001`. Keys should be unique so that components maintain their identity across updates. Non-unique keys may cause children to be duplicated and/or omitted — the behavior is unsupported and could change in a future version.

stderr | src/__tests__/librarian.test.tsx > Librarian page, listing the chunks > puts the phrase in the URL and never sends it to the Librarian model
Encountered two children with the same key, `reader:10000000-0000-4000-8000-000000000001`. Keys should be unique so that components maintain their identity across updates. Non-unique keys may cause children to be duplicated and/or omitted — the behavior is unsupported and could change in a future version.
Encountered two children with the same key, `reader:10000000-0000-4000-8000-000000000001`. Keys should be unique so that components maintain their identity across updates. Non-unique keys may cause children to be duplicated and/or omitted — the behavior is unsupported and could change in a future version.

stderr | src/__tests__/librarian.test.tsx > Librarian page, listing the chunks > lists the ranked chunks for the URL's phrase, each linking to its place in its document
Encountered two children with the same key, `reader:10000000-0000-4000-8000-000000000001`. Keys should be unique so that components maintain their identity across updates. Non-unique keys may cause children to be duplicated and/or omitted — the behavior is unsupported and could change in a future version.

stderr | src/__tests__/librarian.test.tsx > Librarian page, listing the chunks > keeps the list as one collection in rank order, and a retry adds only what is missing
Encountered two children with the same key, `reader:10000000-0000-4000-8000-000000000001`. Keys should be unique so that components maintain their identity across updates. Non-unique keys may cause children to be duplicated and/or omitted — the behavior is unsupported and could change in a future version.

stderr | src/__tests__/librarian.test.tsx > Librarian page, listing the chunks > saves the phrase as a saved search with its project and list size
Encountered two children with the same key, `reader:10000000-0000-4000-8000-000000000001`. Keys should be unique so that components maintain their identity across updates. Non-unique keys may cause children to be duplicated and/or omitted — the behavior is unsupported and could change in a future version.

(node:61959) TimeoutNaNWarning: NaN is not a number.
Timeout duration was set to 1.
(Use `node --trace-warnings ...` to show where the warning was created)
 ✓ src/__tests__/librarian.test.tsx (19 tests) 3823ms
   ✓ Librarian page > renders world knowledge as prose and corpus claims as cited passages  533ms
   ✓ Librarian page > drafts a mission from the transcript, shows the compiled contract, and creates it on confirmation  585ms

 Test Files  3 passed (3)
      Tests  32 passed (32)
   Start at  16:59:07
   Duration  13.35s (transform 2.09s, setup 2.71s, collect 6.57s, tests 8.42s, environment 6.17s, prepare 1.31s)
