
Running 64 tests using 1 worker

  ✓   1 [chromium] › tests/e2e/app-shell.spec.ts:36:5 › Home stays at the root and its search opens the shell palette (642ms)
  ✓   2 [chromium] › tests/e2e/app-shell.spec.ts:50:5 › theme persists through hydration and OS changes without a wrong-color frame (508ms)
  ✓   3 [chromium] › tests/e2e/app-shell.spec.ts:84:7 › the head bootstrap resolves stored system to System dark before delayed hydration (224ms)
  ✓   4 [chromium] › tests/e2e/app-shell.spec.ts:84:7 › the head bootstrap resolves stored hc to System dark before delayed hydration (214ms)
  ✓   5 [chromium] › tests/e2e/app-shell.spec.ts:104:5 › Light persists across reload and OS changes with native keyboard focus (368ms)
  ✓   6 [chromium] › tests/e2e/app-shell.spec.ts:121:5 › mobile drawer traps focus, closes with Escape, and returns focus to its trigger (426ms)
  ✓   7 [chromium] › tests/e2e/app-shell.spec.ts:142:5 › command palette submits a real search request and supports keyboard dismissal (758ms)
  ✓   8 [chromium] › tests/e2e/app-shell.spec.ts:170:5 › open modal surfaces meet the same axe severity and landmark gates (423ms)
  ✓   9 [chromium] › tests/e2e/app-shell.spec.ts:187:9 › login and registration share accessible light surfaces at 390px (366ms)
  ✓  10 [chromium] › tests/e2e/app-shell.spec.ts:187:9 › login and registration share accessible light surfaces at 1440px (404ms)
  ✓  11 [chromium] › tests/e2e/app-shell.spec.ts:187:9 › login and registration share accessible dark surfaces at 390px (432ms)
  ✓  12 [chromium] › tests/e2e/app-shell.spec.ts:187:9 › login and registration share accessible dark surfaces at 1440px (390ms)
  ✓  13 [chromium] › tests/e2e/collection-context.spec.ts:15:7 › collection context, reviewed seed and evidence citations in light at 390 (3.1s)
  ✓  14 [chromium] › tests/e2e/collection-context.spec.ts:15:7 › collection context, reviewed seed and evidence citations in light at 820 (3.2s)
  ✓  15 [chromium] › tests/e2e/collection-context.spec.ts:15:7 › collection context, reviewed seed and evidence citations in light at 1440 (3.4s)
  ✓  16 [chromium] › tests/e2e/collection-context.spec.ts:15:7 › collection context, reviewed seed and evidence citations in dark at 390 (3.3s)
  ✓  17 [chromium] › tests/e2e/collection-context.spec.ts:15:7 › collection context, reviewed seed and evidence citations in dark at 820 (3.2s)
  ✓  18 [chromium] › tests/e2e/collection-context.spec.ts:15:7 › collection context, reviewed seed and evidence citations in dark at 1440 (3.4s)
  ✓  19 [chromium] › tests/e2e/graph.spec.ts:80:5 › keyboard root selection, depth, every list control and browser Back preserve the neighborhood (792ms)
  ✓  20 [chromium] › tests/e2e/graph.spec.ts:117:7 › the complete light graph and root picker remain accessible at 1440px (894ms)
  ✓  21 [chromium] › tests/e2e/graph.spec.ts:117:7 › the complete light graph and root picker remain accessible at 390px (1.0s)
  ✓  22 [chromium] › tests/e2e/graph.spec.ts:117:7 › the complete dark graph and root picker remain accessible at 1440px (860ms)
  ✓  23 [chromium] › tests/e2e/graph.spec.ts:117:7 › the complete dark graph and root picker remain accessible at 390px (1.0s)
  ✓  24 [chromium] › tests/e2e/graph.spec.ts:147:5 › all six URL root types reach the same graph endpoint and canonical object link (873ms)
  ✓  25 [chromium] › tests/e2e/graph.spec.ts:157:5 › loading, empty, forbidden, missing and retriable failures have distinct states (1.4s)
  ✓  26 [chromium] › tests/e2e/inbox.spec.ts:65:86 › priority inbox workflow in light at 1440px (1.1s)
  ✓  27 [chromium] › tests/e2e/inbox.spec.ts:65:86 › priority inbox workflow in light at 390px (1.3s)
  ✓  28 [chromium] › tests/e2e/inbox.spec.ts:65:86 › priority inbox workflow in dark at 1440px (1.1s)
  ✓  29 [chromium] › tests/e2e/inbox.spec.ts:65:86 › priority inbox workflow in dark at 390px (1.3s)
  ✓  30 [chromium] › tests/e2e/inbox.spec.ts:107:5 › failed unread counts never render as zero (249ms)
  ✓  31 [chromium] › tests/e2e/mission-dashboards.spec.ts:55:86 › dashboards and personal view workflow in light at 1440px (1.9s)
  ✓  32 [chromium] › tests/e2e/mission-dashboards.spec.ts:55:86 › dashboards and personal view workflow in light at 390px (1.7s)
  ✓  33 [chromium] › tests/e2e/mission-dashboards.spec.ts:55:86 › dashboards and personal view workflow in dark at 1440px (1.8s)
  ✓  34 [chromium] › tests/e2e/mission-dashboards.spec.ts:55:86 › dashboards and personal view workflow in dark at 390px (1.7s)
  ✓  35 [chromium] › tests/e2e/mission-dashboards.spec.ts:108:5 › loading and failed dashboard counts never render as zero (133ms)
  ✓  36 [chromium] › tests/e2e/mission-protocol.spec.ts:14:7 › author, inspect, audit and prepare a new run in light at 390 (2.2s)
  ✓  37 [chromium] › tests/e2e/mission-protocol.spec.ts:14:7 › author, inspect, audit and prepare a new run in light at 820 (2.3s)
  ✓  38 [chromium] › tests/e2e/mission-protocol.spec.ts:14:7 › author, inspect, audit and prepare a new run in light at 1440 (2.4s)
  ✓  39 [chromium] › tests/e2e/mission-protocol.spec.ts:14:7 › author, inspect, audit and prepare a new run in dark at 390 (2.2s)
  ✓  40 [chromium] › tests/e2e/mission-protocol.spec.ts:14:7 › author, inspect, audit and prepare a new run in dark at 820 (2.3s)
  ✓  41 [chromium] › tests/e2e/mission-protocol.spec.ts:14:7 › author, inspect, audit and prepare a new run in dark at 1440 (2.6s)
  ✓  42 [chromium] › tests/e2e/mission-protocol.spec.ts:96:5 › queue bookmark permanently redirects and retains filters (12ms)
  ✓  43 [chromium] › tests/e2e/project-bundles.spec.ts:14:7 › project tabs, independent uploads, chunks and personal favorites in light at 390 (2.8s)
  ✓  44 [chromium] › tests/e2e/project-bundles.spec.ts:14:7 › project tabs, independent uploads, chunks and personal favorites in light at 820 (2.9s)
  ✓  45 [chromium] › tests/e2e/project-bundles.spec.ts:14:7 › project tabs, independent uploads, chunks and personal favorites in light at 1440 (3.0s)
  ✓  46 [chromium] › tests/e2e/project-bundles.spec.ts:14:7 › project tabs, independent uploads, chunks and personal favorites in dark at 390 (2.7s)
  ✓  47 [chromium] › tests/e2e/project-bundles.spec.ts:14:7 › project tabs, independent uploads, chunks and personal favorites in dark at 820 (3.6s)
  ✓  48 [chromium] › tests/e2e/project-bundles.spec.ts:14:7 › project tabs, independent uploads, chunks and personal favorites in dark at 1440 (3.3s)
{"routeMigration":{"mapRows":8,"coveredRows":8,"checks":16,"passed":16}}
  ✓  49 [chromium] › tests/e2e/route-migration.spec.ts:5:5 › every maintained migration preserves its destination and query parameters (36ms)
  ✓  50 [chromium] › tests/e2e/search-command.spec.ts:65:9 › palette keyboard reach, paging and focus in light at 390px (3.7s)
  ✓  51 [chromium] › tests/e2e/search-command.spec.ts:114:9 › search preserves API results, filters and saved replay in light at 390px (1.1s)
  ✓  52 [chromium] › tests/e2e/search-command.spec.ts:65:9 › palette keyboard reach, paging and focus in light at 820px (3.7s)
  ✓  53 [chromium] › tests/e2e/search-command.spec.ts:114:9 › search preserves API results, filters and saved replay in light at 820px (1.1s)
  ✓  54 [chromium] › tests/e2e/search-command.spec.ts:65:9 › palette keyboard reach, paging and focus in light at 1440px (3.8s)
  ✓  55 [chromium] › tests/e2e/search-command.spec.ts:114:9 › search preserves API results, filters and saved replay in light at 1440px (2.1s)
  ✓  56 [chromium] › tests/e2e/search-command.spec.ts:65:9 › palette keyboard reach, paging and focus in dark at 390px (4.2s)
  ✓  57 [chromium] › tests/e2e/search-command.spec.ts:114:9 › search preserves API results, filters and saved replay in dark at 390px (1.6s)
  ✓  58 [chromium] › tests/e2e/search-command.spec.ts:65:9 › palette keyboard reach, paging and focus in dark at 820px (3.8s)
  ✓  59 [chromium] › tests/e2e/search-command.spec.ts:114:9 › search preserves API results, filters and saved replay in dark at 820px (1.2s)
  ✓  60 [chromium] › tests/e2e/search-command.spec.ts:65:9 › palette keyboard reach, paging and focus in dark at 1440px (3.8s)
  ✓  61 [chromium] › tests/e2e/search-command.spec.ts:114:9 › search preserves API results, filters and saved replay in dark at 1440px (2.4s)
  ✓  62 [chromium] › tests/e2e/search-command.spec.ts:161:5 › recent and saved search times use UTC even outside the UTC timezone (232ms)
  ✓  63 [chromium] › tests/e2e/search-command.spec.ts:172:5 › legacy search URL permanently redirects with its query intact (3ms)
  ✓  64 [chromium] › tests/e2e/search-command.spec.ts:178:5 › loading, no matches, service failure and missing saved search stay distinct (611ms)

  64 passed (1.9m)
e2e-exit=0
