{"route":"/","theme":"light","width":1440,"status":200,"overflow":false,"violations":[],"errors":0}
{"route":"/inbox","theme":"light","width":1440,"status":200,"overflow":false,"violations":[],"errors":0}
{"route":"/graph","theme":"light","width":1440,"status":200,"overflow":false,"violations":[],"errors":0}
{"route":"/graph?root=project:0afcc588-e722-45bd-8320-f486601b877c","theme":"light","width":1440,"status":200,"overflow":false,"violations":[],"errors":0}
{"route":"/projects","theme":"light","width":1440,"status":200,"overflow":false,"violations":[],"errors":0}
{"route":"/projects/0afcc588-e722-45bd-8320-f486601b877c","theme":"light","width":1440,"status":200,"overflow":false,"violations":[],"errors":0}
{"route":"/documents","theme":"light","width":1440,"status":200,"overflow":false,"violations":[],"errors":0}
{"route":"/documents/d44bec3e-f665-439d-bc78-bc5385a4610d","theme":"light","width":1440,"status":200,"overflow":false,"violations":[],"errors":0}
{"route":"/documents/upload","theme":"light","width":1440,"status":200,"overflow":false,"violations":[],"errors":0}
{"route":"/collections","theme":"light","width":1440,"status":200,"overflow":false,"violations":[],"errors":0}
{"route":"/collections/a3e6d809-af90-4652-903f-5ce5c8842bf8","theme":"light","width":1440,"status":200,"overflow":false,"violations":[],"errors":0}
{"route":"/reports","theme":"light","width":1440,"status":200,"overflow":false,"violations":[],"errors":0}
{"route":"/reports/7064c47e-c198-45d5-b887-b18a1f86d7ce","theme":"light","width":1440,"status":200,"overflow":false,"violations":[],"errors":0}
{"route":"/missions","theme":"light","width":1440,"status":200,"overflow":false,"violations":[],"errors":0}
{"route":"/missions/7b847edd-5433-4237-a899-57b47e6edf0a","theme":"light","width":1440,"status":200,"overflow":false,"violations":[],"errors":0}
{"route":"/missions/new","theme":"light","width":1440,"status":200,"overflow":false,"violations":[],"errors":0}
{"route":"/missions/queue","theme":"light","width":1440,"status":200,"overflow":false,"violations":[],"errors":0}
{"route":"/missions?view=attention&reason=unreviewed","theme":"light","width":1440,"status":200,"overflow":false,"violations":[],"errors":0}
{"route":"/search","theme":"light","width":1440,"status":200,"overflow":false,"violations":[],"errors":0}
{"route":"/search/results","theme":"light","width":1440,"status":200,"overflow":false,"violations":[],"errors":0}
{"route":"/saved-searches","theme":"light","width":1440,"status":200,"overflow":false,"violations":[],"errors":0}
{"route":"/settings","theme":"light","width":1440,"status":200,"overflow":false,"violations":[],"errors":0}
{"route":"/invites","theme":"light","width":1440,"status":200,"overflow":false,"violations":[],"errors":0}
{"route":"/device","theme":"light","width":1440,"status":200,"overflow":false,"violations":[],"errors":0}
{"route":"/admin/users","theme":"light","width":1440,"status":200,"overflow":false,"violations":[],"errors":0}
{"route":"/admin/spaces","theme":"light","width":1440,"status":200,"overflow":false,"violations":[],"errors":0}
{"route":"/console","theme":"light","width":1440,"status":200,"overflow":false,"violations":[],"errors":0}
{"route":"/console/missions","theme":"light","width":1440,"status":200,"overflow":false,"violations":[],"errors":0}
{"route":"/console/missions/7b847edd-5433-4237-a899-57b47e6edf0a","theme":"light","width":1440,"status":200,"overflow":false,"violations":[],"errors":0}
{"route":"/console/corrections","theme":"light","width":1440,"status":200,"overflow":false,"violations":[],"errors":0}
{"route":"/404","theme":"light","width":1440,"status":404,"overflow":false,"violations":[],"errors":0}
{"route":"/evidence","theme":"light","width":1440,"status":200,"overflow":false,"violations":[],"errors":0}
{"route":"/admin/observability","theme":"light","width":1440,"status":200,"overflow":false,"violations":[],"errors":0}
{"route":"/admin/corrections","theme":"light","width":1440,"status":200,"overflow":false,"violations":[],"errors":0}
{"route":"/evidence/1da242cc-517e-4fcb-9850-3c620e2b484e","theme":"light","width":1440,"status":200,"overflow":false,"violations":[],"errors":0}
{"route":"/","theme":"light","width":390,"status":200,"overflow":false,"violations":[],"errors":0}
{"route":"/inbox","theme":"light","width":390,"status":200,"overflow":false,"violations":[],"errors":0}
{"route":"/graph","theme":"light","width":390,"status":200,"overflow":false,"violations":[],"errors":0}
{"route":"/graph?root=project:0afcc588-e722-45bd-8320-f486601b877c","theme":"light","width":390,"status":200,"overflow":false,"violations":[],"errors":0}
{"route":"/projects","theme":"light","width":390,"status":200,"overflow":false,"violations":[],"errors":0}
{"route":"/projects/0afcc588-e722-45bd-8320-f486601b877c","theme":"light","width":390,"status":200,"overflow":false,"violations":[],"errors":0}
{"route":"/documents","theme":"light","width":390,"status":200,"overflow":false,"violations":[],"errors":0}
{"route":"/documents/d44bec3e-f665-439d-bc78-bc5385a4610d","theme":"light","width":390,"status":200,"overflow":false,"violations":[],"errors":0}
{"route":"/documents/upload","theme":"light","width":390,"status":200,"overflow":false,"violations":[],"errors":0}
{"route":"/collections","theme":"light","width":390,"status":200,"overflow":false,"violations":[],"errors":0}
{"route":"/collections/a3e6d809-af90-4652-903f-5ce5c8842bf8","theme":"light","width":390,"status":200,"overflow":false,"violations":[],"errors":0}
{"route":"/reports","theme":"light","width":390,"status":200,"overflow":false,"violations":[],"errors":0}
{"route":"/reports/7064c47e-c198-45d5-b887-b18a1f86d7ce","theme":"light","width":390,"status":200,"overflow":false,"violations":[],"errors":0}
{"route":"/missions","theme":"light","width":390,"status":200,"overflow":false,"violations":[],"errors":0}
{"route":"/missions/7b847edd-5433-4237-a899-57b47e6edf0a","theme":"light","width":390,"status":200,"overflow":false,"violations":[],"errors":0}
{"route":"/missions/new","theme":"light","width":390,"status":200,"overflow":false,"violations":[],"errors":0}
{"route":"/missions/queue","theme":"light","width":390,"status":200,"overflow":false,"violations":[],"errors":0}
{"route":"/missions?view=attention&reason=unreviewed","theme":"light","width":390,"status":200,"overflow":false,"violations":[],"errors":0}
{"route":"/search","theme":"light","width":390,"status":200,"overflow":false,"violations":[],"errors":0}
{"route":"/search/results","theme":"light","width":390,"status":200,"overflow":false,"violations":[],"errors":0}
{"route":"/saved-searches","theme":"light","width":390,"status":200,"overflow":false,"violations":[],"errors":0}
{"route":"/settings","theme":"light","width":390,"status":200,"overflow":false,"violations":[],"errors":0}
{"route":"/invites","theme":"light","width":390,"status":200,"overflow":false,"violations":[],"errors":0}
{"route":"/device","theme":"light","width":390,"status":200,"overflow":false,"violations":[],"errors":0}
{"route":"/admin/users","theme":"light","width":390,"status":200,"overflow":false,"violations":[],"errors":0}
{"route":"/admin/spaces","theme":"light","width":390,"status":200,"overflow":false,"violations":[],"errors":0}
{"route":"/console","theme":"light","width":390,"status":200,"overflow":false,"violations":[],"errors":0}
{"route":"/console/missions","theme":"light","width":390,"status":200,"overflow":false,"violations":[],"errors":0}
{"route":"/console/missions/7b847edd-5433-4237-a899-57b47e6edf0a","theme":"light","width":390,"status":200,"overflow":false,"violations":[],"errors":0}
{"route":"/console/corrections","theme":"light","width":390,"status":200,"overflow":false,"violations":[],"errors":0}
{"route":"/404","theme":"light","width":390,"status":404,"overflow":false,"violations":[],"errors":0}
{"route":"/evidence","theme":"light","width":390,"status":200,"overflow":false,"violations":[],"errors":0}
{"route":"/admin/observability","theme":"light","width":390,"status":200,"overflow":false,"violations":[],"errors":0}
{"route":"/admin/corrections","theme":"light","width":390,"status":200,"overflow":false,"violations":[],"errors":0}
{"route":"/evidence/1da242cc-517e-4fcb-9850-3c620e2b484e","theme":"light","width":390,"status":200,"overflow":false,"violations":[],"errors":0}
{"route":"/","theme":"dark","width":1440,"status":200,"overflow":false,"violations":[],"errors":0}
{"route":"/inbox","theme":"dark","width":1440,"status":200,"overflow":false,"violations":[],"errors":0}
{"route":"/graph","theme":"dark","width":1440,"status":200,"overflow":false,"violations":[],"errors":0}
{"route":"/graph?root=project:0afcc588-e722-45bd-8320-f486601b877c","theme":"dark","width":1440,"status":200,"overflow":false,"violations":[],"errors":0}
{"route":"/projects","theme":"dark","width":1440,"status":200,"overflow":false,"violations":[],"errors":0}
{"route":"/projects/0afcc588-e722-45bd-8320-f486601b877c","theme":"dark","width":1440,"status":200,"overflow":false,"violations":[],"errors":0}
{"route":"/documents","theme":"dark","width":1440,"status":200,"overflow":false,"violations":[],"errors":0}
{"route":"/documents/d44bec3e-f665-439d-bc78-bc5385a4610d","theme":"dark","width":1440,"status":200,"overflow":false,"violations":[],"errors":0}
{"route":"/documents/upload","theme":"dark","width":1440,"status":200,"overflow":false,"violations":[],"errors":0}
{"route":"/collections","theme":"dark","width":1440,"status":200,"overflow":false,"violations":[],"errors":0}
{"route":"/collections/a3e6d809-af90-4652-903f-5ce5c8842bf8","theme":"dark","width":1440,"status":200,"overflow":false,"violations":[],"errors":0}
{"route":"/reports","theme":"dark","width":1440,"status":200,"overflow":false,"violations":[],"errors":0}
{"route":"/reports/7064c47e-c198-45d5-b887-b18a1f86d7ce","theme":"dark","width":1440,"status":200,"overflow":false,"violations":[],"errors":0}
{"route":"/missions","theme":"dark","width":1440,"status":200,"overflow":false,"violations":[],"errors":0}
{"route":"/missions/7b847edd-5433-4237-a899-57b47e6edf0a","theme":"dark","width":1440,"status":200,"overflow":false,"violations":[],"errors":0}
{"route":"/missions/new","theme":"dark","width":1440,"status":200,"overflow":false,"violations":[],"errors":0}
{"route":"/missions/queue","theme":"dark","width":1440,"status":200,"overflow":false,"violations":[],"errors":0}
{"route":"/missions?view=attention&reason=unreviewed","theme":"dark","width":1440,"status":200,"overflow":false,"violations":[],"errors":0}
{"route":"/search","theme":"dark","width":1440,"status":200,"overflow":false,"violations":[],"errors":0}
{"route":"/search/results","theme":"dark","width":1440,"status":200,"overflow":false,"violations":[],"errors":0}
{"route":"/saved-searches","theme":"dark","width":1440,"status":200,"overflow":false,"violations":[],"errors":0}
{"route":"/settings","theme":"dark","width":1440,"status":200,"overflow":false,"violations":[],"errors":0}
{"route":"/invites","theme":"dark","width":1440,"status":200,"overflow":false,"violations":[],"errors":0}
{"route":"/device","theme":"dark","width":1440,"status":200,"overflow":false,"violations":[],"errors":0}
{"route":"/admin/users","theme":"dark","width":1440,"status":200,"overflow":false,"violations":[],"errors":0}
{"route":"/admin/spaces","theme":"dark","width":1440,"status":200,"overflow":false,"violations":[],"errors":0}
{"route":"/console","theme":"dark","width":1440,"status":200,"overflow":false,"violations":[],"errors":0}
{"route":"/console/missions","theme":"dark","width":1440,"status":200,"overflow":false,"violations":[],"errors":0}
{"route":"/console/missions/7b847edd-5433-4237-a899-57b47e6edf0a","theme":"dark","width":1440,"status":200,"overflow":false,"violations":[],"errors":0}
{"route":"/console/corrections","theme":"dark","width":1440,"status":200,"overflow":false,"violations":[],"errors":0}
{"route":"/404","theme":"dark","width":1440,"status":404,"overflow":false,"violations":[],"errors":0}
{"route":"/evidence","theme":"dark","width":1440,"status":200,"overflow":false,"violations":[],"errors":0}
{"route":"/admin/observability","theme":"dark","width":1440,"status":200,"overflow":false,"violations":[],"errors":0}
{"route":"/admin/corrections","theme":"dark","width":1440,"status":200,"overflow":false,"violations":[],"errors":0}
{"route":"/evidence/1da242cc-517e-4fcb-9850-3c620e2b484e","theme":"dark","width":1440,"status":200,"overflow":false,"violations":[],"errors":0}
{"route":"/","theme":"dark","width":390,"status":200,"overflow":false,"violations":[],"errors":0}
{"route":"/inbox","theme":"dark","width":390,"status":200,"overflow":false,"violations":[],"errors":0}
{"route":"/graph","theme":"dark","width":390,"status":200,"overflow":false,"violations":[],"errors":0}
{"route":"/graph?root=project:0afcc588-e722-45bd-8320-f486601b877c","theme":"dark","width":390,"status":200,"overflow":false,"violations":[],"errors":0}
{"route":"/projects","theme":"dark","width":390,"status":200,"overflow":false,"violations":[],"errors":0}
{"route":"/projects/0afcc588-e722-45bd-8320-f486601b877c","theme":"dark","width":390,"status":200,"overflow":false,"violations":[],"errors":0}
{"route":"/documents","theme":"dark","width":390,"status":200,"overflow":false,"violations":[],"errors":0}
{"route":"/documents/d44bec3e-f665-439d-bc78-bc5385a4610d","theme":"dark","width":390,"status":200,"overflow":false,"violations":[],"errors":0}
{"route":"/documents/upload","theme":"dark","width":390,"status":200,"overflow":false,"violations":[],"errors":0}
{"route":"/collections","theme":"dark","width":390,"status":200,"overflow":false,"violations":[],"errors":0}
{"route":"/collections/a3e6d809-af90-4652-903f-5ce5c8842bf8","theme":"dark","width":390,"status":200,"overflow":false,"violations":[],"errors":0}
{"route":"/reports","theme":"dark","width":390,"status":200,"overflow":false,"violations":[],"errors":0}
{"route":"/reports/7064c47e-c198-45d5-b887-b18a1f86d7ce","theme":"dark","width":390,"status":200,"overflow":false,"violations":[],"errors":0}
{"route":"/missions","theme":"dark","width":390,"status":200,"overflow":false,"violations":[],"errors":0}
{"route":"/missions/7b847edd-5433-4237-a899-57b47e6edf0a","theme":"dark","width":390,"status":200,"overflow":false,"violations":[],"errors":0}
{"route":"/missions/new","theme":"dark","width":390,"status":200,"overflow":false,"violations":[],"errors":0}
{"route":"/missions/queue","theme":"dark","width":390,"status":200,"overflow":false,"violations":[],"errors":0}
{"route":"/missions?view=attention&reason=unreviewed","theme":"dark","width":390,"status":200,"overflow":false,"violations":[],"errors":0}
{"route":"/search","theme":"dark","width":390,"status":200,"overflow":false,"violations":[],"errors":0}
{"route":"/search/results","theme":"dark","width":390,"status":200,"overflow":false,"violations":[],"errors":0}
{"route":"/saved-searches","theme":"dark","width":390,"status":200,"overflow":false,"violations":[],"errors":0}
{"route":"/settings","theme":"dark","width":390,"status":200,"overflow":false,"violations":[],"errors":0}
{"route":"/invites","theme":"dark","width":390,"status":200,"overflow":false,"violations":[],"errors":0}
{"route":"/device","theme":"dark","width":390,"status":200,"overflow":false,"violations":[],"errors":0}
{"route":"/admin/users","theme":"dark","width":390,"status":200,"overflow":false,"violations":[],"errors":0}
{"route":"/admin/spaces","theme":"dark","width":390,"status":200,"overflow":false,"violations":[],"errors":0}
{"route":"/console","theme":"dark","width":390,"status":200,"overflow":false,"violations":[],"errors":0}
{"route":"/console/missions","theme":"dark","width":390,"status":200,"overflow":false,"violations":[],"errors":0}
{"route":"/console/missions/7b847edd-5433-4237-a899-57b47e6edf0a","theme":"dark","width":390,"status":200,"overflow":false,"violations":[],"errors":0}
{"route":"/console/corrections","theme":"dark","width":390,"status":200,"overflow":false,"violations":[],"errors":0}
{"route":"/404","theme":"dark","width":390,"status":404,"overflow":false,"violations":[],"errors":0}
{"route":"/evidence","theme":"dark","width":390,"status":200,"overflow":false,"violations":[],"errors":0}
{"route":"/admin/observability","theme":"dark","width":390,"status":200,"overflow":false,"violations":[],"errors":0}
{"route":"/admin/corrections","theme":"dark","width":390,"status":200,"overflow":false,"violations":[],"errors":0}
{"route":"/evidence/1da242cc-517e-4fcb-9850-3c620e2b484e","theme":"dark","width":390,"status":200,"overflow":false,"violations":[],"errors":0}
