F                                                                        [100%]
=================================== FAILURES ===================================
____ test_privileged_caller_is_still_scoped_before_provider_and_acceptance _____

organisation = (<starlette.testclient.TestClient object at 0x114bcb350>, <Mock id='4649302864'>, <app.models.project.Project object a...4dd0>, <app.models.chunk.DocumentChunk object at 0x115b55d50>, <app.models.chunk.DocumentChunk object at 0x115b56f50>])
db_session = <sqlalchemy.orm.session.Session object at 0x1155e86d0>
monkeypatch = <_pytest.monkeypatch.MonkeyPatch object at 0x1158b1150>

    def test_privileged_caller_is_still_scoped_before_provider_and_acceptance(organisation, db_session, monkeypatch):
        client, model, project, _, _ = organisation
        monkeypatch.setattr(settings, "rbac_enabled", True)
        foreign = Project(name="Foreign")
        db_session.add(foreign)
        db_session.flush()
        doc = Document(name="Private", project_id=foreign.id)
        db_session.add(doc)
        db_session.flush()
        db_session.add(DocumentChunk(document_id=doc.id, chunk_index=0, content="FOREIGN SECRET"))
        db_session.commit()
>       result = draft(client, project)
                 ^^^^^^^^^^^^^^^^^^^^^^

tests/test_librarian_collections.py:281:
_ _ _ _ _ _ _ _ _ _ _ _ _ _ _ _ _ _ _ _ _ _ _ _ _ _ _ _ _ _ _ _ _ _ _ _ _ _ _ _

client = <starlette.testclient.TestClient object at 0x114bcb350>
project = <app.models.project.Project object at 0x114c1c950>

    def draft(client, project):
        response = client.post("/api/v1/librarian/collections/draft", json={"project_id": str(project.id), "prompt": "Group feedback by pain point"})
>       assert response.status_code == 200, response.text
E       AssertionError: {"detail":"The reviewed sources moved out of this project. Draft again."}
E       assert 409 == 200
E        +  where 409 = <Response [409 Conflict]>.status_code

tests/test_librarian_collections.py:51: AssertionError
=========================== short test summary info ============================
FAILED tests/test_librarian_collections.py::test_privileged_caller_is_still_scoped_before_provider_and_acceptance
1 failed, 14 warnings in 5.91s
