
 RUN  v3.2.4 <repo>/frontend

[baseline-browser-mapping] The data in this module is over two months old.  To ensure accurate Baseline data, please update: `npm i baseline-browser-mapping@latest -D`
stderr | src/components/AppShell.test.tsx > the shared shell > opens focused search from the Home entry point
An update to Navigation inside a test was not wrapped in act(...).

When testing, code that causes React state updates should be wrapped into act(...):

act(() => {
  /* fire events that update state */
});
/* assert on the output */

This ensures that you're testing the behavior the user would see in the browser. Learn more at https://react.dev/link/wrap-tests-with-act
An update to Navigation inside a test was not wrapped in act(...).

When testing, code that causes React state updates should be wrapped into act(...):

act(() => {
  /* fire events that update state */
});
/* assert on the output */

This ensures that you're testing the behavior the user would see in the browser. Learn more at https://react.dev/link/wrap-tests-with-act
An update to CommandPalette inside a test was not wrapped in act(...).

When testing, code that causes React state updates should be wrapped into act(...):

act(() => {
  /* fire events that update state */
});
/* assert on the output */

This ensures that you're testing the behavior the user would see in the browser. Learn more at https://react.dev/link/wrap-tests-with-act

stderr | src/components/AppShell.test.tsx > the shared shell > provides one main and banner, and marks only the deepest navigation route current
An update to Navigation inside a test was not wrapped in act(...).

When testing, code that causes React state updates should be wrapped into act(...):

act(() => {
  /* fire events that update state */
});
/* assert on the output */

This ensures that you're testing the behavior the user would see in the browser. Learn more at https://react.dev/link/wrap-tests-with-act
An update to Navigation inside a test was not wrapped in act(...).

When testing, code that causes React state updates should be wrapped into act(...):

act(() => {
  /* fire events that update state */
});
/* assert on the output */

This ensures that you're testing the behavior the user would see in the browser. Learn more at https://react.dev/link/wrap-tests-with-act

stderr | src/components/CommandPalette.test.tsx > scoped palette data and actions > keeps old lookup results out of a new query and a new account
An update to Navigation inside a test was not wrapped in act(...).

When testing, code that causes React state updates should be wrapped into act(...):

act(() => {
  /* fire events that update state */
});
/* assert on the output */

This ensures that you're testing the behavior the user would see in the browser. Learn more at https://react.dev/link/wrap-tests-with-act
An update to Navigation inside a test was not wrapped in act(...).

When testing, code that causes React state updates should be wrapped into act(...):

act(() => {
  /* fire events that update state */
});
/* assert on the output */

This ensures that you're testing the behavior the user would see in the browser. Learn more at https://react.dev/link/wrap-tests-with-act

stderr | src/components/AppShell.test.tsx > the shared shell > keeps admin destinations out of both navigation and command search for non-admins
An update to Navigation inside a test was not wrapped in act(...).

When testing, code that causes React state updates should be wrapped into act(...):

act(() => {
  /* fire events that update state */
});
/* assert on the output */

This ensures that you're testing the behavior the user would see in the browser. Learn more at https://react.dev/link/wrap-tests-with-act
An update to Navigation inside a test was not wrapped in act(...).

When testing, code that causes React state updates should be wrapped into act(...):

act(() => {
  /* fire events that update state */
});
/* assert on the output */

This ensures that you're testing the behavior the user would see in the browser. Learn more at https://react.dev/link/wrap-tests-with-act
An update to CommandPalette inside a test was not wrapped in act(...).

When testing, code that causes React state updates should be wrapped into act(...):

act(() => {
  /* fire events that update state */
});
/* assert on the output */

This ensures that you're testing the behavior the user would see in the browser. Learn more at https://react.dev/link/wrap-tests-with-act

stderr | src/components/AppShell.test.tsx > the shared shell > opens focused keyboard search and submits an encoded research query ({"ctrlKey":true})
An update to Navigation inside a test was not wrapped in act(...).

When testing, code that causes React state updates should be wrapped into act(...):

act(() => {
  /* fire events that update state */
});
/* assert on the output */

This ensures that you're testing the behavior the user would see in the browser. Learn more at https://react.dev/link/wrap-tests-with-act
An update to Navigation inside a test was not wrapped in act(...).

When testing, code that causes React state updates should be wrapped into act(...):

act(() => {
  /* fire events that update state */
});
/* assert on the output */

This ensures that you're testing the behavior the user would see in the browser. Learn more at https://react.dev/link/wrap-tests-with-act

stderr | src/components/AppShell.test.tsx > the shared shell > opens focused keyboard search and submits an encoded research query ({"metaKey":true})
An update to Navigation inside a test was not wrapped in act(...).

When testing, code that causes React state updates should be wrapped into act(...):

act(() => {
  /* fire events that update state */
});
/* assert on the output */

This ensures that you're testing the behavior the user would see in the browser. Learn more at https://react.dev/link/wrap-tests-with-act
An update to Navigation inside a test was not wrapped in act(...).

When testing, code that causes React state updates should be wrapped into act(...):

act(() => {
  /* fire events that update state */
});
/* assert on the output */

This ensures that you're testing the behavior the user would see in the browser. Learn more at https://react.dev/link/wrap-tests-with-act

 ✓ src/components/CommandPalette.test.tsx (6 tests) 3852ms
   ✓ scoped palette data and actions > queries names only while open and exposes every server-returned entity link  1730ms
   ✓ scoped palette data and actions > pages a full scoped group and resets its page for a new name  403ms
   ✓ scoped palette data and actions > keeps a quickly reopened palette active when the previous native close event arrives late  359ms
   ✓ scoped palette data and actions > keeps old lookup results out of a new query and a new account  497ms
   ✓ scoped palette data and actions > runs a saved search in the Librarian, not the retired /search alias, and exposes useful actions  697ms
stderr | src/components/AppShell.test.tsx > the shared shell > jumps to a section and restores drawer state on close
An update to Navigation inside a test was not wrapped in act(...).

When testing, code that causes React state updates should be wrapped into act(...):

act(() => {
  /* fire events that update state */
});
/* assert on the output */

This ensures that you're testing the behavior the user would see in the browser. Learn more at https://react.dev/link/wrap-tests-with-act
An update to Navigation inside a test was not wrapped in act(...).

When testing, code that causes React state updates should be wrapped into act(...):

act(() => {
  /* fire events that update state */
});
/* assert on the output */

This ensures that you're testing the behavior the user would see in the browser. Learn more at https://react.dev/link/wrap-tests-with-act

 ✓ src/components/AppShell.test.tsx (8 tests) 4424ms
   ✓ the shared shell > opens focused search from the Home entry point  667ms
   ✓ the shared shell > provides one main and banner, and marks only the deepest navigation route current  968ms
   ✓ the shared shell > shows new-item counts on the Missions, Evidence and Reports entries in the sidebar and the drawer, hidden at zero  605ms
   ✓ the shared shell > keeps admin destinations out of both navigation and command search for non-admins  990ms
   ✓ the shared shell > jumps to a section and restores drawer state on close  642ms
 ✓ src/__tests__/mission-authoring.test.tsx (9 tests) 5947ms
   ✓ saves and previews inline, preserves authored fields, and submits the same pristine draft  2069ms
   ✓ retains a saved draft after failed submission and maps lint errors to the field  431ms
   ✓ normalizes optional empty loop inputs and blocks malformed JSON before saving  836ms
   ✓ does not reset a run after an ambiguous submission response  801ms
   ✓ shows the rerun destination after project options load and retains user changes  492ms
   ✓ preserves document identity when editing or removing references with duplicate filenames  524ms
stderr | src/__tests__/librarian.test.tsx > Librarian page, asking the documents > sends the chosen budget and links each citation to the chunk it came from
An update to LibrarianContent inside a test was not wrapped in act(...).

When testing, code that causes React state updates should be wrapped into act(...):

act(() => {
  /* fire events that update state */
});
/* assert on the output */

This ensures that you're testing the behavior the user would see in the browser. Learn more at https://react.dev/link/wrap-tests-with-act
An update to LibrarianContent inside a test was not wrapped in act(...).

When testing, code that causes React state updates should be wrapped into act(...):

act(() => {
  /* fire events that update state */
});
/* assert on the output */

This ensures that you're testing the behavior the user would see in the browser. Learn more at https://react.dev/link/wrap-tests-with-act

stderr | src/__tests__/librarian.test.tsx > Librarian page, asking the documents > asks for a short answer unless the user chooses a full synthesis
An update to LibrarianContent inside a test was not wrapped in act(...).

When testing, code that causes React state updates should be wrapped into act(...):

act(() => {
  /* fire events that update state */
});
/* assert on the output */

This ensures that you're testing the behavior the user would see in the browser. Learn more at https://react.dev/link/wrap-tests-with-act
An update to LibrarianContent inside a test was not wrapped in act(...).

When testing, code that causes React state updates should be wrapped into act(...):

act(() => {
  /* fire events that update state */
});
/* assert on the output */

This ensures that you're testing the behavior the user would see in the browser. Learn more at https://react.dev/link/wrap-tests-with-act

stderr | src/__tests__/librarian.test.tsx > Librarian page, asking the documents > renders a refusal as a note that asserts nothing, and keeps it that way after a reload
An update to LibrarianContent inside a test was not wrapped in act(...).

When testing, code that causes React state updates should be wrapped into act(...):

act(() => {
  /* fire events that update state */
});
/* assert on the output */

This ensures that you're testing the behavior the user would see in the browser. Learn more at https://react.dev/link/wrap-tests-with-act
An update to LibrarianContent inside a test was not wrapped in act(...).

When testing, code that causes React state updates should be wrapped into act(...):

act(() => {
  /* fire events that update state */
});
/* assert on the output */

This ensures that you're testing the behavior the user would see in the browser. Learn more at https://react.dev/link/wrap-tests-with-act

(node:5284) TimeoutNaNWarning: NaN is not a number.
Timeout duration was set to 1.
(Use `node --trace-warnings ...` to show where the warning was created)
 ✓ src/__tests__/librarian.test.tsx (19 tests) 7439ms
   ✓ Librarian page > renders world knowledge as prose and corpus claims as cited passages  906ms
   ✓ Librarian page > drafts a mission from the transcript, shows the compiled contract, and creates it on confirmation  1033ms
   ✓ Librarian page > keeps the conversation and project when the page is left and reopened, until the user starts over  922ms
   ✓ Librarian page, asking the documents > sends the chosen budget and links each citation to the chunk it came from  449ms
   ✓ Librarian page, asking the documents > asks for a short answer unless the user chooses a full synthesis  383ms
   ✓ Librarian page, asking the documents > renders a refusal as a note that asserts nothing, and keeps it that way after a reload  513ms
   ✓ Librarian page, listing the chunks > lists the ranked chunks for the URL's phrase, each linking to its place in its document  416ms
   ✓ Librarian page, listing the chunks > keeps the list as one collection in rank order, and a retry adds only what is missing  515ms
   ✓ Librarian page, listing the chunks > saves the phrase as a saved search with its project and list size  310ms
 ✓ src/__tests__/document-detail.test.tsx (12 tests) 2846ms
   ✓ opens on the Text tab and shows the full text from the content endpoint, not the preview  566ms
   ✓ renders markdown documents as markdown and plain text verbatim  439ms
   ✓ moves stats and metadata to Overview and loads chunks only on the Chunks tab  565ms
 ✓ src/__tests__/hygiene.test.tsx (10 tests) 2652ms
   ✓ shared feedback and page state > requires explicit acceptance before deletion, preserves failure, and retries through the same confirmation  1140ms
   ✓ shared feedback and page state > requests each server collection page without hiding its scoped total  452ms
 ✓ src/__tests__/graph.test.tsx (16 tests) 3950ms
   ✓ relationship accessibility and truthful totals > gives the list every diagram node and every edge, including repeated targets  1179ms
   ✓ the relationship page > finds roots across all six types without sending an unscoped neighborhood request  543ms
   ✓ the relationship page > loads depth 1 from the URL and pushes root/depth changes into history  676ms
   ✓ the relationship page > loads depth 2 from the URL and pushes root/depth changes into history  336ms
   ✓ the relationship page > separates loading, an isolated root and an invalid root link  338ms
 ✓ src/__tests__/missions.test.tsx (13 tests) 8148ms
   ✓ uses server totals, query filters and recency sorts, and never pins rows by status  598ms
   ✓ renders draft with actions appropriate to one execution  738ms
   ✓ renders in_progress with actions appropriate to one execution  470ms
   ✓ renders completed with actions appropriate to one execution  445ms
   ✓ renders blocked with actions appropriate to one execution  754ms
   ✓ renders cancelled with actions appropriate to one execution  689ms
   ✓ renders validation_failed with actions appropriate to one execution  590ms
   ✓ requires the shared confirmation before cancel and refreshes the persisted status  737ms
   ✓ prepares a new run only after confirmation without mutating the old result  823ms
   ✓ orients a draft reached from the Librarian once, and never a draft opened directly  892ms
   ✓ marks the run's evidence group seen when its Evidence tab opens, and only then (BADGE-1)  1020ms
 ✓ src/__tests__/admin/users.test.tsx (15 tests) 6610ms
   ✓ UsersAdmin — list + lifecycle > lists users from the API  530ms
   ✓ UsersAdmin — list + lifecycle > creates a user at a role and reloads the list  1285ms
   ✓ UsersAdmin — list + lifecycle > changes a user's role  314ms
   ✓ UsersAdmin — list + lifecycle > disables the delete control for your own account  314ms
   ✓ UsersAdmin — owner-gating > hides the owner role option from an admin caller  373ms
   ✓ UsersAdmin — owner-gating > offers the owner role option to an owner caller  603ms
   ✓ UsersAdmin — error surfacing > surfaces a 409 duplicate-email error from create  1174ms
   ✓ UsersAdmin — error surfacing > blocks submit and shows a field error when the display name is blank  475ms
 ✓ src/__tests__/admin/observability.test.tsx (6 tests) 3360ms
   ✓ admin observability > renders server totals separately from recent rows and preserves unknown telemetry  1782ms
   ✓ admin observability > retries failed reads without presenting an empty system  569ms
   ✓ admin observability > preserves correction actions at the new route and exposes total dead letters without a fake clear action  785ms
 ✓ src/__tests__/evidence.test.tsx (9 tests) 4016ms
   ✓ the evidence browser > marks the whole opened group seen once, not once per page (BADGE-1)  1293ms
   ✓ the evidence browser > preserves Home's mission and session scope through pagination, then clears it when switching projects  539ms
   ✓ the evidence browser > requires a project and uses the server total while paging  795ms
   ✓ the evidence browser > submits search with all filters and counts results independently of the visible page  411ms
   ✓ the evidence browser > opens entry provenance and uses accessible source-history totals  551ms
 ✓ src/__tests__/admin/spaces.test.tsx (18 tests) 5129ms
   ✓ SpacesAdmin > lists spaces  328ms
   ✓ SpacesAdmin > creates a space and reloads the list  324ms
   ✓ SpacesAdmin > loads a space's members and offers only active non-members in the picker  695ms
   ✓ SpacesAdmin > surfaces a 409 when adding a duplicate member  771ms
   ✓ SpacesAdmin > disables Add member until a user is picked  418ms
   ✓ SpacesAdmin personal Spaces (PERSONAL-1) > keeps adding members to a shared Space enabled  310ms
 ✓ src/__tests__/librarian-description.test.tsx (6 tests) 2318ms
   ✓ drafts only on request, preserves edits across navigation, and dismissal never accepts  948ms
   ✓ binds acceptance to the reviewed proposal and edits, then shows provenance and guarded restore  450ms
   ✓ isolates stored proposals by account and project  450ms
stderr | src/__tests__/home.test.tsx > Home's recent activity > marks an item viewed explicitly or by opening it, then refreshes from the server
Error: Not implemented: navigation (except hash changes)
    at module.exports (<repo>/frontend/node_modules/jsdom/lib/jsdom/browser/not-implemented.js:9:17)
    at navigateFetch (<repo>/frontend/node_modules/jsdom/lib/jsdom/living/window/navigation.js:77:3)
    at exports.navigate (<repo>/frontend/node_modules/jsdom/lib/jsdom/living/window/navigation.js:55:3)
    at Timeout._onTimeout (<repo>/frontend/node_modules/jsdom/lib/jsdom/living/nodes/HTMLHyperlinkElementUtils-impl.js:80:7)
    at listOnTimeout (node:internal/timers:608:17)
    at processTimers (node:internal/timers:543:7) undefined

 ✓ src/__tests__/home.test.tsx (5 tests) 2482ms
   ✓ Home's recent activity > lists what happened newest first with status as a label only, and keeps missing progress unknown  1073ms
   ✓ Home's recent activity > keeps loading, empty and error states distinct and supports retry  330ms
   ✓ Home's recent activity > loads more activity on demand and retains stale data when refresh fails  559ms
 ✓ src/__tests__/collection-context.test.tsx (7 tests) 3562ms
   ✓ edits instructions and links to reviewed authoring without creating a mission  1689ms
   ✓ pages the full document context and removes only after explicit confirmation  796ms
   ✓ presents citation links from every authorized page without synthesizing raw source destinations  462ms
 ✓ scripts/check-token-colors.test.ts (8 tests) 2158ms
   ✓ one semantic palette on every surface > rejects a new competing palette utility: hover:dark:bg-surface  312ms
   ✓ one semantic palette on every surface > rejects a new competing palette utility: text-gray-500  449ms
   ✓ one semantic palette on every surface > accepts semantic CSS apply rules  410ms
 ✓ src/__tests__/librarian-duplicates.test.tsx (7 tests) 2182ms
   ✓ scans only on request, preserves review after navigation, and dismisses without a corpus request  702ms
   ✓ rechecks sources before displaying full text and returns keyboard focus on close  512ms
   ✓ isolates saved results and late replies across account and project changes  387ms
 ✓ src/__tests__/mission-run.test.tsx (9 tests) 905ms
   ✓ keeps missing observations unknown for draft and never calls empty logs live  403ms
 ✓ src/__tests__/settings-notifications.test.tsx (3 tests) 860ms
   ✓ mission email preference on Settings > shows the stored preference and then whatever the server saved  584ms
 ✓ src/__tests__/document-upload.test.tsx (4 tests) 948ms
   ✓ independent document uploads > keeps a rejected file visible and still uploads the next file  556ms
 ✓ src/__tests__/collection-picker.test.tsx (3 tests) 1075ms
   ✓ adds a document without manufacturing a chunk and pages the complete collection total  777ms
 ✓ src/contexts/ThemeContext.test.tsx (5 tests) 261ms
 ✓ src/__tests__/project-new.test.tsx (3 tests) 1798ms
   ✓ New project page > shows no Space picker with one Space and sends no workspace_id  336ms
   ✓ New project page > defaults to My Space, which leaves the placement to the server  363ms
   ✓ New project page > creates in the shared Space the member picks  1097ms
 ✓ src/components/RequireAdmin.test.tsx (12 tests) 646ms
 ✓ src/components/MarkdownRenderer.test.tsx (2 tests) 1429ms
   ✓ accessible research markdown > announces task status as document content instead of unnamed form controls  1037ms
   ✓ accessible research markdown > lets keyboard users reach a wide table's scroll region  383ms
 ✓ src/__tests__/project-bundles.test.tsx (9 tests) 3490ms
   ✓ project bundle resources > pages documents using the full server total and current project  1380ms
   ✓ project bundle resources > gets Evidence from its scoped paginated endpoint  388ms
   ✓ project bundle resources > gets Collections from its scoped paginated endpoint  300ms
   ✓ project bundle resources > gets Missions from its scoped paginated endpoint  316ms
   ✓ project bundle resources > gets Reports from its scoped paginated endpoint  417ms
   ✓ project bundle resources > distinguishes inaccessible resource failures from an empty project tab  405ms
 ✓ src/contexts/RoleContext.test.tsx (8 tests) 230ms
 ✓ src/__tests__/document-upload-api.test.ts (3 tests) 25ms
 ✓ src/contexts/AuthContext.test.tsx (1 test) 115ms
 ✓ src/lib/theme.test.ts (7 tests) 13ms
 ✓ src/__tests__/librarian-collections.test.tsx (8 tests) 2068ms
   ✓ generates only on request and preserves review edits without saving on navigation or dismissal  635ms
   ✓ accepts only the edited group and selected subset with no second model call  685ms
 ✓ src/lib/api/librarian.test.ts (3 tests) 5ms
 ✓ src/lib/api/errors.test.ts (4 tests) 3ms
 ✓ src/lib/route-migrations.test.ts (3 tests) 16ms
 ✓ src/lib/api/timestamps.test.ts (1 test) 8ms
 ✓ src/lib/route-migration-links.test.ts (2 tests) 24ms
 ✓ src/lib/api/admin.test.ts (12 tests) 8ms
 ✓ src/__tests__/document-state.test.ts (6 tests) 6ms
 ✓ src/__tests__/mission-timeline.test.tsx (1 test) 97ms

 Test Files  39 passed (39)
      Tests  283 passed (283)
   Start at  18:12:39
   Duration  46.56s (transform 10.20s, setup 32.39s, collect 79.26s, tests 85.10s, environment 78.29s, prepare 13.28s)
