node:internal/modules/run_main:107
    triggerUncaughtException(
    ^

AssertionError [ERR_ASSERTION]: Expected values to be strictly deep-equal:
+ actual - expected

+ [
+   {
+     method: 'PUT',
+     path: '/api/v1/activity/viewed'
+   },
+   {
+     method: 'PUT',
+     path: '/api/v1/activity/viewed'
+   },
+   {
+     method: 'PUT',
+     path: '/api/v1/activity/viewed'
+   },
+   {
+     method: 'PUT',
+     path: '/api/v1/activity/viewed'
+   }
+ ]
- []

    at file:///Users/systemsystems/portfolio/TraceLab/cmos/reports/sprint-60/LIB-4/deployed_acceptance.mjs:169:65
    at runNextTicks (node:internal/process/task_queues:65:5)
    at process.processImmediate (node:internal/timers:473:9) {
  generatedMessage: true,
  code: 'ERR_ASSERTION',
  actual: [
    { method: 'PUT', path: '/api/v1/activity/viewed' },
    { method: 'PUT', path: '/api/v1/activity/viewed' },
    { method: 'PUT', path: '/api/v1/activity/viewed' },
    { method: 'PUT', path: '/api/v1/activity/viewed' }
  ],
  expected: [],
  operator: 'deepStrictEqual',
  diff: 'simple'
}

Node.js v24.6.0
