
> frontend@0.1.0 test:unit
> vitest --run

[baseline-browser-mapping] The data in this module is over two months old.  To ensure accurate Baseline data, please update: `npm i baseline-browser-mapping@latest -D`

 RUN  v3.2.4 /Users/systemsystems/portfolio/TraceLab/frontend

 ✓ src/__tests__/librarian-duplicates.test.tsx (7 tests) 1939ms
   ✓ scans only on request, preserves review after navigation, and dismisses without a corpus request  1048ms
stderr | src/components/AppShell.test.tsx > the shared shell > opens focused search from the Home entry point
An update to Navigation inside a test was not wrapped in act(...).

When testing, code that causes React state updates should be wrapped into act(...):

act(() => {
  /* fire events that update state */
});
/* assert on the output */

This ensures that you're testing the behavior the user would see in the browser. Learn more at https://react.dev/link/wrap-tests-with-act
An update to Navigation inside a test was not wrapped in act(...).

When testing, code that causes React state updates should be wrapped into act(...):

act(() => {
  /* fire events that update state */
});
/* assert on the output */

This ensures that you're testing the behavior the user would see in the browser. Learn more at https://react.dev/link/wrap-tests-with-act
An update to CommandPalette inside a test was not wrapped in act(...).

When testing, code that causes React state updates should be wrapped into act(...):

act(() => {
  /* fire events that update state */
});
/* assert on the output */

This ensures that you're testing the behavior the user would see in the browser. Learn more at https://react.dev/link/wrap-tests-with-act

stderr | src/components/AppShell.test.tsx > the shared shell > provides one main and banner, and marks only the deepest navigation route current
An update to Navigation inside a test was not wrapped in act(...).

When testing, code that causes React state updates should be wrapped into act(...):

act(() => {
  /* fire events that update state */
});
/* assert on the output */

This ensures that you're testing the behavior the user would see in the browser. Learn more at https://react.dev/link/wrap-tests-with-act
An update to Navigation inside a test was not wrapped in act(...).

When testing, code that causes React state updates should be wrapped into act(...):

act(() => {
  /* fire events that update state */
});
/* assert on the output */

This ensures that you're testing the behavior the user would see in the browser. Learn more at https://react.dev/link/wrap-tests-with-act

stderr | src/components/AppShell.test.tsx > the shared shell > keeps admin destinations out of both navigation and command search for non-admins
An update to Navigation inside a test was not wrapped in act(...).

When testing, code that causes React state updates should be wrapped into act(...):

act(() => {
  /* fire events that update state */
});
/* assert on the output */

This ensures that you're testing the behavior the user would see in the browser. Learn more at https://react.dev/link/wrap-tests-with-act
An update to Navigation inside a test was not wrapped in act(...).

When testing, code that causes React state updates should be wrapped into act(...):

act(() => {
  /* fire events that update state */
});
/* assert on the output */

This ensures that you're testing the behavior the user would see in the browser. Learn more at https://react.dev/link/wrap-tests-with-act
An update to CommandPalette inside a test was not wrapped in act(...).

When testing, code that causes React state updates should be wrapped into act(...):

act(() => {
  /* fire events that update state */
});
/* assert on the output */

This ensures that you're testing the behavior the user would see in the browser. Learn more at https://react.dev/link/wrap-tests-with-act

stderr | src/components/AppShell.test.tsx > the shared shell > opens focused keyboard search and submits an encoded research query ({"ctrlKey":true})
An update to Navigation inside a test was not wrapped in act(...).

When testing, code that causes React state updates should be wrapped into act(...):

act(() => {
  /* fire events that update state */
});
/* assert on the output */

This ensures that you're testing the behavior the user would see in the browser. Learn more at https://react.dev/link/wrap-tests-with-act
An update to Navigation inside a test was not wrapped in act(...).

When testing, code that causes React state updates should be wrapped into act(...):

act(() => {
  /* fire events that update state */
});
/* assert on the output */

This ensures that you're testing the behavior the user would see in the browser. Learn more at https://react.dev/link/wrap-tests-with-act

stderr | src/components/AppShell.test.tsx > the shared shell > opens focused keyboard search and submits an encoded research query ({"metaKey":true})
An update to Navigation inside a test was not wrapped in act(...).

When testing, code that causes React state updates should be wrapped into act(...):

act(() => {
  /* fire events that update state */
});
/* assert on the output */

This ensures that you're testing the behavior the user would see in the browser. Learn more at https://react.dev/link/wrap-tests-with-act
An update to Navigation inside a test was not wrapped in act(...).

When testing, code that causes React state updates should be wrapped into act(...):

act(() => {
  /* fire events that update state */
});
/* assert on the output */

This ensures that you're testing the behavior the user would see in the browser. Learn more at https://react.dev/link/wrap-tests-with-act

stderr | src/components/CommandPalette.test.tsx > scoped palette data and actions > keeps old lookup results out of a new query and a new account
An update to Navigation inside a test was not wrapped in act(...).

When testing, code that causes React state updates should be wrapped into act(...):

act(() => {
  /* fire events that update state */
});
/* assert on the output */

This ensures that you're testing the behavior the user would see in the browser. Learn more at https://react.dev/link/wrap-tests-with-act
An update to Navigation inside a test was not wrapped in act(...).

When testing, code that causes React state updates should be wrapped into act(...):

act(() => {
  /* fire events that update state */
});
/* assert on the output */

This ensures that you're testing the behavior the user would see in the browser. Learn more at https://react.dev/link/wrap-tests-with-act

 ✓ src/__tests__/librarian-reports.test.tsx (8 tests) 6859ms
   ✓ requires explicit source review, discloses scope/caps, and performs no work on mount  1222ms
   ✓ saves only the signed reviewed preview and does not generate a second time  1716ms
   ✓ requires regeneration after editing inputs and dismisses without saving  877ms
   ✓ retains exact preview through navigation and a failed-save retry  927ms
   ✓ isolates account/project keys and ignores late previews after switching  519ms
   ✓ blocks over-budget selection and duplicate save presses  1003ms
   ✓ loads paged readable collections only on request and clears stale source selection  470ms
 ✓ src/components/CommandPalette.test.tsx (6 tests) 6702ms
   ✓ scoped palette data and actions > queries names only while open and exposes every server-returned entity link  2218ms
   ✓ scoped palette data and actions > pages a full scoped group and resets its page for a new name  973ms
   ✓ scoped palette data and actions > distinguishes a failed lookup from no matches and allows retry  622ms
   ✓ scoped palette data and actions > keeps a quickly reopened palette active when the previous native close event arrives late  1047ms
   ✓ scoped palette data and actions > keeps old lookup results out of a new query and a new account  782ms
   ✓ scoped palette data and actions > runs a saved search in the Librarian, not the retired /search alias, and exposes useful actions  1056ms
stderr | src/components/AppShell.test.tsx > the shared shell > jumps to a section and restores drawer state on close
An update to Navigation inside a test was not wrapped in act(...).

When testing, code that causes React state updates should be wrapped into act(...):

act(() => {
  /* fire events that update state */
});
/* assert on the output */

This ensures that you're testing the behavior the user would see in the browser. Learn more at https://react.dev/link/wrap-tests-with-act
An update to Navigation inside a test was not wrapped in act(...).

When testing, code that causes React state updates should be wrapped into act(...):

act(() => {
  /* fire events that update state */
});
/* assert on the output */

This ensures that you're testing the behavior the user would see in the browser. Learn more at https://react.dev/link/wrap-tests-with-act

 ✓ src/components/AppShell.test.tsx (8 tests) 6737ms
   ✓ the shared shell > opens focused search from the Home entry point  961ms
   ✓ the shared shell > provides one main and banner, and marks only the deepest navigation route current  1626ms
   ✓ the shared shell > shows new-item counts on the Missions, Evidence and Reports entries in the sidebar and the drawer, hidden at zero  1223ms
   ✓ the shared shell > keeps admin destinations out of both navigation and command search for non-admins  1068ms
   ✓ the shared shell > opens focused keyboard search and submits an encoded research query ({"metaKey":true})  346ms
   ✓ the shared shell > jumps to a section and restores drawer state on close  1221ms
stderr | src/__tests__/librarian.test.tsx > Librarian page, asking the documents > sends the chosen budget and links each citation to the chunk it came from
An update to LibrarianContent inside a test was not wrapped in act(...).

When testing, code that causes React state updates should be wrapped into act(...):

act(() => {
  /* fire events that update state */
});
/* assert on the output */

This ensures that you're testing the behavior the user would see in the browser. Learn more at https://react.dev/link/wrap-tests-with-act
An update to LibrarianContent inside a test was not wrapped in act(...).

When testing, code that causes React state updates should be wrapped into act(...):

act(() => {
  /* fire events that update state */
});
/* assert on the output */

This ensures that you're testing the behavior the user would see in the browser. Learn more at https://react.dev/link/wrap-tests-with-act

 ✓ src/__tests__/mission-authoring.test.tsx (9 tests) 10167ms
   ✓ saves and previews inline, preserves authored fields, and submits the same pristine draft  2969ms
   ✓ retains a saved draft after failed submission and maps lint errors to the field  1040ms
   ✓ normalizes optional empty loop inputs and blocks malformed JSON before saving  1207ms
   ✓ does not reset a run after an ambiguous submission response  932ms
   ✓ seeds collection instructions and document references into a reviewed draft before submission  625ms
   ✓ shows the collection destination after project options load and retains user changes  1178ms
   ✓ shows the rerun destination after project options load and retains user changes  552ms
   ✓ does not choose a destination project for mixed-project collection context  376ms
   ✓ preserves document identity when editing or removing references with duplicate filenames  1255ms
stderr | src/__tests__/librarian.test.tsx > Librarian page, asking the documents > asks for a short answer unless the user chooses a full synthesis
An update to LibrarianContent inside a test was not wrapped in act(...).

When testing, code that causes React state updates should be wrapped into act(...):

act(() => {
  /* fire events that update state */
});
/* assert on the output */

This ensures that you're testing the behavior the user would see in the browser. Learn more at https://react.dev/link/wrap-tests-with-act
An update to LibrarianContent inside a test was not wrapped in act(...).

When testing, code that causes React state updates should be wrapped into act(...):

act(() => {
  /* fire events that update state */
});
/* assert on the output */

This ensures that you're testing the behavior the user would see in the browser. Learn more at https://react.dev/link/wrap-tests-with-act

stderr | src/__tests__/librarian.test.tsx > Librarian page, asking the documents > renders a refusal as a note that asserts nothing, and keeps it that way after a reload
An update to LibrarianContent inside a test was not wrapped in act(...).

When testing, code that causes React state updates should be wrapped into act(...):

act(() => {
  /* fire events that update state */
});
/* assert on the output */

This ensures that you're testing the behavior the user would see in the browser. Learn more at https://react.dev/link/wrap-tests-with-act
An update to LibrarianContent inside a test was not wrapped in act(...).

When testing, code that causes React state updates should be wrapped into act(...):

act(() => {
  /* fire events that update state */
});
/* assert on the output */

This ensures that you're testing the behavior the user would see in the browser. Learn more at https://react.dev/link/wrap-tests-with-act

 ✓ src/__tests__/admin/users.test.tsx (15 tests) 5236ms
   ✓ UsersAdmin — list + lifecycle > lists users from the API  532ms
   ✓ UsersAdmin — list + lifecycle > creates a user at a role and reloads the list  1373ms
   ✓ UsersAdmin — list + lifecycle > does not PATCH the role when the selection is unchanged  313ms
   ✓ UsersAdmin — list + lifecycle > requires confirmation (with the cascade warning) before deleting  337ms
   ✓ UsersAdmin — error surfacing > surfaces a 409 duplicate-email error from create  342ms
   ✓ UsersAdmin — error surfacing > blocks submit and shows a field error when the display name is blank  354ms
   ✓ UsersAdmin — error surfacing > surfaces a delete failure, dismisses the dialog, and does not reload  597ms
(node:53647) TimeoutNaNWarning: NaN is not a number.
Timeout duration was set to 1.
(Use `node --trace-warnings ...` to show where the warning was created)
 ✓ src/__tests__/librarian.test.tsx (19 tests) 13963ms
   ✓ Librarian page > renders world knowledge as prose and corpus claims as cited passages  2121ms
   ✓ Librarian page > shows a withheld notice instead of an unproven claim and keeps talking without a project  559ms
   ✓ Librarian page > drafts a mission from the transcript, shows the compiled contract, and creates it on confirmation  1375ms
   ✓ Librarian page > lets a user with no project create one inline and selects it  493ms
   ✓ Librarian page > shows no Space picker to someone whose only Space is their own  360ms
   ✓ Librarian page > lets a member of a shared Space create the new project there  340ms
   ✓ Librarian page > keeps the conversation and project when the page is left and reopened, until the user starts over  2050ms
   ✓ Librarian page > explains the three steps until the user asks it not to  511ms
   ✓ Librarian page, asking the documents > sends the chosen budget and links each citation to the chunk it came from  1172ms
   ✓ Librarian page, asking the documents > asks for a short answer unless the user chooses a full synthesis  456ms
   ✓ Librarian page, asking the documents > renders a refusal as a note that asserts nothing, and keeps it that way after a reload  886ms
   ✓ Librarian page, listing the chunks > puts the phrase in the URL and never sends it to the Librarian model  545ms
   ✓ Librarian page, listing the chunks > lists the ranked chunks for the URL's phrase, each linking to its place in its document  493ms
   ✓ Librarian page, listing the chunks > keeps the list as one collection in rank order, and a retry adds only what is missing  838ms
   ✓ Librarian page, listing the chunks > saves the phrase as a saved search with its project and list size  636ms
   ✓ Librarian page, listing the chunks > runs a saved search once through the call that counts its runs, and shows no answer  446ms
 ✓ src/__tests__/librarian-collections.test.tsx (8 tests) 4079ms
   ✓ generates only on request and preserves review edits without saving on navigation or dismissal  1676ms
   ✓ accepts only the edited group and selected subset with no second model call  899ms
   ✓ retries a persisted partial result using the same frozen proposal and order  442ms
   ✓ reopens provenance without fabricating links for unavailable sources  467ms
 ✓ src/__tests__/admin/spaces.test.tsx (18 tests) 4970ms
   ✓ SpacesAdmin > lists spaces  636ms
   ✓ SpacesAdmin > creates a space and reloads the list  780ms
   ✓ SpacesAdmin > blocks a blank space name client-side  496ms
   ✓ SpacesAdmin > loads a space's members and offers only active non-members in the picker  388ms
   ✓ SpacesAdmin > adds a member  494ms
   ✓ SpacesAdmin personal Spaces (PERSONAL-1) > disables adding members to a personal Space, so it never silently becomes shared  537ms
 ✓ src/__tests__/missions.test.tsx (13 tests) 8797ms
   ✓ uses server totals, query filters and recency sorts, and never pins rows by status  943ms
   ✓ renders draft with actions appropriate to one execution  1330ms
   ✓ renders queued with actions appropriate to one execution  1144ms
   ✓ renders in_progress with actions appropriate to one execution  993ms
   ✓ renders completed with actions appropriate to one execution  407ms
   ✓ renders blocked with actions appropriate to one execution  387ms
   ✓ renders cancelled with actions appropriate to one execution  836ms
   ✓ renders validation_failed with actions appropriate to one execution  1157ms
   ✓ requires the shared confirmation before cancel and refreshes the persisted status  504ms
   ✓ orients a draft reached from the Librarian once, and never a draft opened directly  348ms
   ✓ marks the run's evidence group seen when its Evidence tab opens, and only then (BADGE-1)  385ms
 ✓ src/__tests__/evidence.test.tsx (9 tests) 4550ms
   ✓ the evidence browser > marks the whole opened group seen once, not once per page (BADGE-1)  801ms
   ✓ the evidence browser > preserves Home's mission and session scope through pagination, then clears it when switching projects  846ms
   ✓ the evidence browser > requires a project and uses the server total while paging  422ms
   ✓ the evidence browser > submits search with all filters and counts results independently of the visible page  1090ms
   ✓ the evidence browser > opens entry provenance and uses accessible source-history totals  359ms
   ✓ the evidence browser > requires an explicit confirmation before promoting the entire session and permits retry  674ms
 ✓ scripts/check-token-colors.test.ts (8 tests) 2852ms
   ✓ one semantic palette on every surface > rejects a new competing palette utility: dark:prose-invert  372ms
   ✓ one semantic palette on every surface > rejects a new competing palette utility: hover:dark:bg-surface  569ms
   ✓ one semantic palette on every surface > rejects a new competing palette utility: text-gray-500  434ms
   ✓ one semantic palette on every surface > accepts token colors that adapt to every theme  473ms
 ✓ src/__tests__/graph.test.tsx (16 tests) 3299ms
   ✓ relationship accessibility and truthful totals > gives the list every diagram node and every edge, including repeated targets  1169ms
   ✓ the relationship page > finds roots across all six types without sending an unscoped neighborhood request  324ms
   ✓ the relationship page > loads depth 2 from the URL and pushes root/depth changes into history  391ms
   ✓ the relationship page > distinguishes HTTP 500  571ms
 ✓ src/__tests__/document-detail.test.tsx (12 tests) 3940ms
   ✓ opens on the Text tab and shows the full text from the content endpoint, not the preview  1054ms
   ✓ renders markdown documents as markdown and plain text verbatim  690ms
   ✓ moves stats and metadata to Overview and loads chunks only on the Chunks tab  405ms
   ✓ explains empty text and offers a retry when the text fails to load  640ms
   ✓ citation deep links > opens the Chunks tab on the page holding the chunk, expanded and marked as cited  319ms
stderr | src/__tests__/home.test.tsx > Home's recent activity > marks an item viewed explicitly or by opening it, then refreshes from the server
Error: Not implemented: navigation (except hash changes)
    at module.exports (/Users/systemsystems/portfolio/TraceLab/frontend/node_modules/jsdom/lib/jsdom/browser/not-implemented.js:9:17)
    at navigateFetch (/Users/systemsystems/portfolio/TraceLab/frontend/node_modules/jsdom/lib/jsdom/living/window/navigation.js:77:3)
    at exports.navigate (/Users/systemsystems/portfolio/TraceLab/frontend/node_modules/jsdom/lib/jsdom/living/window/navigation.js:55:3)
    at Timeout._onTimeout (/Users/systemsystems/portfolio/TraceLab/frontend/node_modules/jsdom/lib/jsdom/living/nodes/HTMLHyperlinkElementUtils-impl.js:80:7)
    at listOnTimeout (node:internal/timers:608:17)
    at processTimers (node:internal/timers:543:7) undefined

 ✓ src/__tests__/home.test.tsx (5 tests) 2698ms
   ✓ Home's recent activity > lists what happened newest first with status as a label only, and keeps missing progress unknown  1506ms
   ✓ Home's recent activity > marks an item viewed explicitly or by opening it, then refreshes from the server  462ms
   ✓ Home's recent activity > loads more activity on demand and retains stale data when refresh fails  533ms
 ✓ src/__tests__/admin/observability.test.tsx (6 tests) 2560ms
   ✓ admin observability > renders server totals separately from recent rows and preserves unknown telemetry  1796ms
   ✓ admin observability > preserves correction actions at the new route and exposes total dead letters without a fake clear action  496ms
 ✓ src/__tests__/collection-picker.test.tsx (3 tests) 2236ms
   ✓ adds a document without manufacturing a chunk and pages the complete collection total  1323ms
   ✓ keeps a created collection when adding its first document fails  328ms
   ✓ keeps excerpt callers on the existing chunk API and distinguishes collection load failure  583ms
 ✓ src/__tests__/collection-context.test.tsx (7 tests) 3751ms
   ✓ edits instructions and links to reviewed authoring without creating a mission  907ms
   ✓ pages the full document context and removes only after explicit confirmation  1088ms
   ✓ presents citation links from every authorized page without synthesizing raw source destinations  358ms
   ✓ never renders a raw ledger source id as an authorized evidence link  573ms
   ✓ preserves the report total and resets paging when filters change  303ms
 ✓ src/__tests__/hygiene.test.tsx (10 tests) 3943ms
   ✓ shared feedback and page state > requires explicit acceptance before deletion, preserves failure, and retries through the same confirmation  970ms
   ✓ shared feedback and page state > resets paging in the filter event so a new filter never requests the old page  416ms
   ✓ shared feedback and page state > failed collections reads show retry instead of a false empty state  407ms
   ✓ shared feedback and page state > failed reports reads show retry instead of a false empty state  443ms
   ✓ shared feedback and page state > requests each server collection page without hiding its scoped total  1322ms
 ✓ src/__tests__/document-upload.test.tsx (4 tests) 637ms
   ✓ independent document uploads > keeps a rejected file visible and still uploads the next file  359ms
 ✓ src/__tests__/librarian-description.test.tsx (6 tests) 1467ms
   ✓ drafts only on request, preserves edits across navigation, and dismissal never accepts  881ms
 ✓ src/__tests__/mission-run.test.tsx (9 tests) 754ms
   ✓ keeps missing observations unknown for draft and never calls empty logs live  307ms
 ✓ src/contexts/ThemeContext.test.tsx (5 tests) 679ms
   ✓ per-user appearance > offers the accepted shipped palettes and explicitly defers High contrast  379ms
 ✓ src/components/RequireAdmin.test.tsx (12 tests) 505ms
   ✓ RequireAdmin — fail-closed denials > denies (fail-closed) but offers a Retry when the /auth/me lookup errored  326ms
 ✓ src/__tests__/project-new.test.tsx (3 tests) 2436ms
   ✓ New project page > shows no Space picker with one Space and sends no workspace_id  1210ms
   ✓ New project page > creates in the shared Space the member picks  987ms
 ✓ src/contexts/RoleContext.test.tsx (8 tests) 1068ms
   ✓ RoleProvider > resolves an admin role from /auth/me  549ms
   ✓ RoleProvider > refetch() re-resolves the role after a transient error (#315b)  306ms
 ✓ src/contexts/AuthContext.test.tsx (1 test) 93ms
 ✓ src/__tests__/project-bundles.test.tsx (9 tests) 4434ms
   ✓ project bundle resources > pages documents using the full server total and current project  3160ms
   ✓ project bundle resources > gets Evidence from its scoped paginated endpoint  415ms
 ✓ src/components/MarkdownRenderer.test.tsx (2 tests) 769ms
   ✓ accessible research markdown > announces task status as document content instead of unnamed form controls  565ms
 ✓ src/lib/theme.test.ts (7 tests) 43ms
 ✓ src/__tests__/document-upload-api.test.ts (3 tests) 43ms
 ✓ src/__tests__/settings-notifications.test.tsx (3 tests) 939ms
   ✓ mission email preference on Settings > shows the stored preference and then whatever the server saved  543ms
 ✓ src/lib/api/errors.test.ts (4 tests) 5ms
 ✓ src/lib/route-migrations.test.ts (3 tests) 150ms
 ✓ src/__tests__/mission-timeline.test.tsx (1 test) 673ms
   ✓ does not call a cancelled run a successful completion  551ms
 ✓ src/lib/api/timestamps.test.ts (1 test) 9ms
 ✓ src/lib/api/librarian.test.ts (3 tests) 20ms
 ✓ src/lib/route-migration-links.test.ts (2 tests) 66ms
 ✓ src/__tests__/document-state.test.ts (6 tests) 11ms
 ✓ src/lib/api/admin.test.ts (12 tests) 45ms

 Test Files  40 passed (40)
      Tests  291 passed (291)
   Start at  20:18:06
   Duration  57.69s (transform 13.31s, setup 32.57s, collect 98.73s, tests 114.12s, environment 83.18s, prepare 13.13s)

