
> frontend@0.1.0 build
> npm run check:tokens && next build


> frontend@0.1.0 check:tokens
> node scripts/check-token-colors.mjs

OODS color gate passed: no fixed palette colors or dark variants in rendered source.
[baseline-browser-mapping] The data in this module is over two months old.  To ensure accurate Baseline data, please update: `npm i baseline-browser-mapping@latest -D`
   ▲ Next.js 16.0.10 (Turbopack)
   - Environments: .env.production.local, .env.local

   Running TypeScript ...
   Creating an optimized production build ...
[baseline-browser-mapping] The data in this module is over two months old.  To ensure accurate Baseline data, please update: `npm i baseline-browser-mapping@latest -D`
[baseline-browser-mapping] The data in this module is over two months old.  To ensure accurate Baseline data, please update: `npm i baseline-browser-mapping@latest -D`
Browserslist: browsers data (caniuse-lite) is 10 months old. Please run:
  npx update-browserslist-db@latest
  Why you should do it regularly: https://github.com/browserslist/update-db#readme
 ✓ Compiled successfully in 13.9s
   Collecting page data using 7 workers ...
[baseline-browser-mapping] The data in this module is over two months old.  To ensure accurate Baseline data, please update: `npm i baseline-browser-mapping@latest -D`
[baseline-browser-mapping] The data in this module is over two months old.  To ensure accurate Baseline data, please update: `npm i baseline-browser-mapping@latest -D`
[baseline-browser-mapping] The data in this module is over two months old.  To ensure accurate Baseline data, please update: `npm i baseline-browser-mapping@latest -D`
[baseline-browser-mapping] The data in this module is over two months old.  To ensure accurate Baseline data, please update: `npm i baseline-browser-mapping@latest -D`
[baseline-browser-mapping] The data in this module is over two months old.  To ensure accurate Baseline data, please update: `npm i baseline-browser-mapping@latest -D`
[baseline-browser-mapping] The data in this module is over two months old.  To ensure accurate Baseline data, please update: `npm i baseline-browser-mapping@latest -D`
[baseline-browser-mapping] The data in this module is over two months old.  To ensure accurate Baseline data, please update: `npm i baseline-browser-mapping@latest -D`
   Generating static pages using 7 workers (0/29) ...
[baseline-browser-mapping] The data in this module is over two months old.  To ensure accurate Baseline data, please update: `npm i baseline-browser-mapping@latest -D`
[baseline-browser-mapping] The data in this module is over two months old.  To ensure accurate Baseline data, please update: `npm i baseline-browser-mapping@latest -D`
   Generating static pages using 7 workers (7/29) 
   Generating static pages using 7 workers (14/29) 
   Generating static pages using 7 workers (21/29) 
 ✓ Generating static pages using 7 workers (29/29) in 1679.0ms
   Finalizing page optimization ...

Route (pages)
┌ ○ /
├   /_app
├ ○ /404
├ ○ /admin/corrections (631 ms)
├ ○ /admin/observability (630 ms)
├ ○ /admin/spaces
├ ○ /admin/users
├ ƒ /api/version
├ ○ /collections
├ ○ /collections/[id]
├ ○ /collections/new
├ ○ /device
├ ○ /documents
├ ○ /documents/[id]
├ ○ /documents/upload
├ ○ /evidence
├ ○ /evidence/[id]
├ ○ /graph
├ ○ /librarian (629 ms)
├ ○ /missions
├ ○ /missions/[id]
├ ○ /missions/new (629 ms)
├ ● /missions/queue
├ ○ /projects
├ ○ /projects/[id]
├ ○ /projects/new (636 ms)
├ ○ /reports (631 ms)
├ ○ /reports/[id]
├ ○ /saved-searches (630 ms)
└ ○ /settings (632 ms)

○  (Static)   prerendered as static content
●  (SSG)      prerendered as static HTML (uses getStaticProps)
ƒ  (Dynamic)  server-rendered on demand

