============================= test session starts ==============================
platform darwin -- Python 3.11.9, pytest-9.0.2, pluggy-1.6.0
benchmark: 5.2.3 (defaults: timer=time.perf_counter disable_gc=False min_rounds=5 min_time=0.000005 max_time=1.0 calibration_precision=10 warmup=False warmup_iterations=100000)
rootdir: /Users/systemsystems/portfolio/TraceLab
configfile: pytest.ini (WARNING: ignoring pytest config in pyproject.toml!)
testpaths: tests
plugins: anyio-4.12.1, benchmark-5.2.3, Faker-19.12.0, asyncio-1.3.0, httpx-0.36.2, cov-7.0.0
asyncio: mode=Mode.STRICT, debug=False, asyncio_default_fixture_loop_scope=None, asyncio_default_test_loop_scope=function
collected 3003 items

tests/mcp_tools/test_mcp_missions_unit.py .............................. [  0%]
...........                                                              [  1%]
tests/performance/test_concurrent_queries.py .                           [  1%]
tests/performance/test_db_query_optimizations.py ..                      [  1%]
tests/performance/test_qdrant_performance.py .                           [  1%]
tests/sprint_03/test_api_stability.py F                                  [  1%]
tests/sprint_03/test_evidence_integrity.py F                             [  1%]
tests/sprint_03/test_progress_tracking.py .                              [  1%]
tests/sprint_03/test_quality_gate_effectiveness.py F                     [  1%]
tests/sprint_03/test_validation_coverage.py F                            [  1%]
tests/sprint_03/test_yaml_roundtrip.py .                                 [  1%]
tests/sprint_04/test_coverage_metric.py F                                [  1%]
tests/sprint_04/test_performance_metrics.py FF                           [  1%]
tests/sprint_04/test_quality_and_load.py FF                              [  1%]
tests/sprint_04/test_tech_debt.py F                                      [  1%]
tests/test_accessible_filter.py ...................                      [  2%]
tests/test_activity_api.py .......                                       [  2%]
tests/test_admin_dashboard.py F...                                       [  2%]
tests/test_admin_endpoints.py .......                                    [  3%]
tests/test_admin_stats.py .........                                      [  3%]
tests/test_admin_user_management.py ..................................   [  4%]
tests/test_api_documentation.py ..                                       [  4%]
tests/test_api_key_auth.py ................                              [  5%]
tests/test_auth_api.py ......                                            [  5%]
tests/test_auth_device.py .....................                          [  6%]
tests/test_auth_flow.py ......                                           [  6%]
tests/test_auth_hardening.py ......................................      [  7%]
tests/test_auth_me_role_contract.py ..........                           [  7%]
tests/test_authz.py .................                                    [  8%]
tests/test_auto_ingest.py ...............s......                         [  9%]
tests/test_auto_report.py ...............................                [ 10%]
tests/test_bias_detection.py .                                           [ 10%]
tests/test_caching.py ......                                             [ 10%]
tests/test_cmos_mission_bridge.py ....................                   [ 11%]
tests/test_collection_context.py ..................                      [ 11%]
tests/test_collections.py ...........                                    [ 12%]
tests/test_content_hash_dedup.py ..............                          [ 12%]
tests/test_context_compression.py ....                                   [ 12%]
tests/test_corpus_qa.py ............                                     [ 13%]
tests/test_correction_loop.py ......................                     [ 13%]
tests/test_cost_monitor.py ..                                            [ 13%]
tests/test_create_ownership_parity.py ............                       [ 14%]
tests/test_decision_insight_linking.py ................................. [ 15%]
.......                                                                  [ 15%]
tests/test_deepsearch_client.py ..............................           [ 16%]
tests/test_deepsearch_evidence_projection.py ........................... [ 17%]
........................................................................ [ 19%]
..........                                                               [ 20%]
tests/test_deepsearch_hmac_signer.py ..............                      [ 20%]
tests/test_deepsearch_ingestion.py ...                                   [ 20%]
tests/test_delete_endpoint_security.py .............                     [ 21%]
tests/test_document_chunks_api.py .....                                  [ 21%]
tests/test_document_content_api.py .........                             [ 21%]
tests/test_document_download_api.py ......                               [ 21%]
tests/test_document_embedding_integration.py ...                         [ 21%]
tests/test_document_ingestion.py ......F                                 [ 22%]
tests/test_e2e_smoke.py .............                                    [ 22%]
tests/test_edge_materialization.py ...                                   [ 22%]
tests/test_embedding_generation.py ..                                    [ 22%]
tests/test_evidence_auto_linking.py .......                              [ 23%]
tests/test_evidence_ledger_api.py ...................................... [ 24%]
..                                                                       [ 24%]
tests/test_faceted_search.py ..                                          [ 24%]
tests/test_facets_scope.py ........                                      [ 24%]
tests/test_format_parsers.py ..........................                  [ 25%]
tests/test_graph_e2e_validation.py .........                             [ 25%]
tests/test_graph_layer.py ...........................                    [ 26%]
tests/test_graph_neighborhood_api.py ................................... [ 27%]
....                                                                     [ 28%]
tests/test_graph_quality_validation.py .................                 [ 28%]
tests/test_graph_rag.py ...........                                      [ 29%]
tests/test_health.py ....                                                [ 29%]
tests/test_home_api.py .....                                             [ 29%]
tests/test_hybrid_search.py ....                                         [ 29%]
tests/test_ingestion_edge_materialization.py .........                   [ 29%]
tests/test_is_active_enforcement.py .........                            [ 30%]
tests/test_librarian_api.py ..........................                   [ 30%]
tests/test_librarian_collections.py ..............................       [ 31%]
tests/test_librarian_descriptions.py .................                   [ 32%]
tests/test_librarian_duplicates.py ....................                  [ 33%]
tests/test_librarian_reports.py ...........................              [ 34%]
tests/test_list_row_filtering_api.py ............                        [ 34%]
tests/test_mcp_install_contract.py .                                     [ 34%]
tests/test_methodology_rigor.py .                                        [ 34%]
tests/test_mission_contract_preview.py .............                     [ 34%]
tests/test_mission_events.py .................                           [ 35%]
tests/test_mission_linter.py ...................................         [ 36%]
tests/test_mission_model.py ........................                     [ 37%]
tests/test_mission_protocol_advanced.py ....                             [ 37%]
tests/test_mission_protocol_service.py ......                            [ 37%]
tests/test_mission_protocol_validation.py ....                           [ 37%]
tests/test_mission_validation.py ....................................... [ 39%]
........................................                                 [ 40%]
tests/test_mission_views.py ....                                         [ 40%]
tests/test_missions_api.py ............................................. [ 42%]
.................................                                        [ 43%]
tests/test_monitoring_api.py ....                                        [ 43%]
tests/test_navigation_search_api.py .....................                [ 44%]
tests/test_notifications.py ....................                         [ 44%]
tests/test_onboarding_api.py ..                                          [ 44%]
tests/test_onboarding_register_authz.py ................................ [ 45%]
............                                                             [ 46%]
tests/test_owner_grant_policy.py .....                                   [ 46%]
tests/test_owner_read_path.py .........                                  [ 46%]
tests/test_ownership.py ..........                                       [ 47%]
tests/test_pedr_collection_scope.py ....                                 [ 47%]
tests/test_pedr_delta_sync.py ......................                     [ 47%]
tests/test_pedr_enhancements.py .......................                  [ 48%]
tests/test_pedr_error_handling.py ....                                   [ 48%]
tests/test_pedr_manifest_transformer.py ....                             [ 49%]
tests/test_pedr_pragmatic.py ........................................... [ 50%]
.........................................                                [ 51%]
tests/test_pedr_preflight.py ...................                         [ 52%]
tests/test_pedr_ranking_validation.py .........                          [ 52%]
tests/test_pedr_related_preflight_scope.py ..............                [ 53%]
tests/test_pedr_related_soft_delete_scope.py .......                     [ 53%]
tests/test_pedr_relational.py .......................                    [ 54%]
tests/test_pedr_report_scope.py ..................                       [ 54%]
tests/test_pedr_scope_core.py ..............                             [ 55%]
tests/test_pedr_search_api.py ......                                     [ 55%]
tests/test_pedr_search_scope.py .....................                    [ 56%]
tests/test_pedr_semantic_protocol.py ................................... [ 57%]
....................................                                     [ 58%]
tests/test_pedr_syntactic.py ........................................... [ 59%]
...........                                                              [ 60%]
tests/test_pedr_synthesis_scope.py ...................                   [ 60%]
tests/test_pedr_unified_search.py .....................................s [ 62%]
s...                                                                     [ 62%]
tests/test_personal_spaces.py ...........                                [ 62%]
tests/test_pre_flip_gates.py ............                                [ 63%]
tests/test_preflight_validation.py ..................................... [ 64%]
......                                                                   [ 64%]
tests/test_presidio_advanced.py ..                                       [ 64%]
tests/test_presidio_redaction.py ...                                     [ 64%]
tests/test_project_document_read_api.py ..                               [ 64%]
tests/test_project_hub.py .....                                          [ 64%]
tests/test_project_management_api.py .....................               [ 65%]
tests/test_project_owner_document_read.py .............................. [ 66%]
.....                                                                    [ 66%]
tests/test_proxy_headers_middleware.py .....                             [ 66%]
tests/test_qdrant_prewarm.py .....................                       [ 67%]
tests/test_quality_aware_search.py ...............                       [ 68%]
tests/test_quality_gates.py ....                                         [ 68%]
tests/test_rag_service.py ..................                             [ 68%]
tests/test_rag_service_scope.py ........                                 [ 69%]
tests/test_rbac_flip_regression.py ............                          [ 69%]
tests/test_rbac_observability_api.py .....                               [ 69%]
tests/test_rbac_route_enforcement_api.py ............................... [ 70%]
..............................................                           [ 72%]
tests/test_rbac_verify_harness.py ...................................... [ 73%]
.........................                                                [ 74%]
tests/test_rbac_verify_mutation_proof.py ..                              [ 74%]
tests/test_reconcile_mission_results_cli.py ...                          [ 74%]
tests/test_reconciler_scheduler.py ...........                           [ 74%]
tests/test_recovery_routes.py ..................                         [ 75%]
tests/test_relationship_api.py ...                                       [ 75%]
tests/test_relationship_scope.py ....                                    [ 75%]
tests/test_report_citations.py .....................                     [ 76%]
tests/test_report_export.py ...                                          [ 76%]
tests/test_report_promotion.py .................                         [ 77%]
tests/test_reports_api.py .............................                  [ 78%]
tests/test_reprocess_embeddings.py ..................                    [ 78%]
tests/test_result_materialization.py ................................... [ 79%]
..........                                                               [ 80%]
tests/test_retrieval_service.py ...                                      [ 80%]
tests/test_route_registration.py ...                                     [ 80%]
tests/test_saved_searches.py ................                            [ 80%]
tests/test_search_ask.py ..........                                      [ 81%]
tests/test_search_history.py ..........                                  [ 81%]
tests/test_semantic_edge_e2e_validation.py ......                        [ 81%]
tests/test_semantic_edge_types.py ..............                         [ 82%]
tests/test_service_principal_route_boundary.py ......                    [ 82%]
tests/test_shared_space_create.py .........                              [ 82%]
tests/test_soft_delete.py ..................................             [ 83%]
tests/test_space_management_api.py ..........................            [ 84%]
tests/test_support_inbox.py ........                                     [ 85%]
tests/test_synthesis_analyzer.py .                                       [ 85%]
tests/test_synthesis_cache.py ......................                     [ 85%]
tests/test_synthesize.py .....................                           [ 86%]
tests/test_synthesize_report_integration.py ...............              [ 87%]
tests/test_t30_3_pedr_e2e_validation.py ................................ [ 88%]
.                                                                        [ 88%]
tests/test_t30_4_hnsw_3072d_tuning.py .....................              [ 88%]
tests/test_telemetry_migration_completion.py .......                     [ 89%]
tests/test_telemetry_standardization.py ................................ [ 90%]
...                                                                      [ 90%]
tests/test_traceability_validator.py .                                   [ 90%]
tests/test_usage_records.py ..............                               [ 90%]
tests/test_validation_error_sanitization.py ...                          [ 90%]
tests/test_wait_for_deploy.py .....                                      [ 90%]
tests/test_webhook_handler.py ....................................       [ 92%]
tests/unit/test_authorization.py .........................               [ 93%]
tests/unit/test_benchmark_corpus.py ..                                   [ 93%]
tests/unit/test_embedding_collection_benchmark.py ...                    [ 93%]
tests/unit/test_evidence_ledger_note_upsert.py ..                        [ 93%]
tests/unit/test_format_only_guard.py .......                             [ 93%]
tests/unit/test_generate_mission_map.py ..                               [ 93%]
tests/unit/test_gpt5_model_migration.py ....                             [ 93%]
tests/unit/test_librarian_provenance.py ..................               [ 94%]
tests/unit/test_missions_agent_ux.py ....                                [ 94%]
tests/unit/test_no_credential_literals.py ...................            [ 95%]
tests/unit/test_oods_object_contract.py ..................               [ 95%]
tests/unit/test_pedr_benchmark_regression.py ..                          [ 95%]
tests/unit/test_pedr_cache.py ...                                        [ 95%]
tests/unit/test_pedr_cache_standalone.py .....................           [ 96%]
tests/unit/test_pedr_graph_tuning_baseline.py ....                       [ 96%]
tests/unit/test_pedr_hybrid_rerank.py ..                                 [ 96%]
tests/unit/test_pedr_hybrid_rerank_standalone.py ..................      [ 97%]
tests/unit/test_pedr_validation_benchmark.py ....                        [ 97%]
tests/unit/test_qdrant_delete.py .                                       [ 97%]
tests/unit/test_rag_baseline_benchmark.py ...                            [ 97%]
tests/unit/test_recovery_database_engine.py ....                         [ 97%]
tests/unit/test_recovery_evidence_telemetry.py ..                        [ 97%]
tests/unit/test_recovery_search_diagnostics.py ..................        [ 98%]
tests/unit/test_recovery_telemetry_writers.py ..................         [ 98%]
tests/unit/test_space_membership.py ................                     [ 99%]
tests/unit/test_usage_extraction.py ......                               [ 99%]
tests/unit/test_validate_foundational_refs.py .........                  [100%]

=================================== FAILURES ===================================
___________________ test_api_uptime_and_latency_meet_targets ___________________

    def test_api_uptime_and_latency_meet_targets() -> None:
        events = load_jsonl(TELEMETRY_FILES["api_performance"])
>       result = compute_api_stability(events)
                 ^^^^^^^^^^^^^^^^^^^^^^^^^^^^^

tests/sprint_03/test_api_stability.py:10:
_ _ _ _ _ _ _ _ _ _ _ _ _ _ _ _ _ _ _ _ _ _ _ _ _ _ _ _ _ _ _ _ _ _ _ _ _ _ _ _
scripts/evaluate_sprint_03.py:179: in compute_api_stability
    avg_uptime = fmean(uptimes)
                 ^^^^^^^^^^^^^^
_ _ _ _ _ _ _ _ _ _ _ _ _ _ _ _ _ _ _ _ _ _ _ _ _ _ _ _ _ _ _ _ _ _ _ _ _ _ _ _

data = [], weights = None

    def fmean(data, weights=None):
        """Convert data to floats and compute the arithmetic mean.

        This runs faster than the mean() function and it always returns a float.
        If the input dataset is empty, it raises a StatisticsError.

        >>> fmean([3.5, 4.0, 5.25])
        4.25
        """
        try:
            n = len(data)
        except TypeError:
            # Handle iterators that do not define __len__().
            n = 0
            def count(iterable):
                nonlocal n
                for n, x in enumerate(iterable, start=1):
                    yield x
            data = count(data)
        if weights is None:
            total = fsum(data)
            if not n:
>               raise StatisticsError('fmean requires at least one data point')
E               statistics.StatisticsError: fmean requires at least one data point

../../.pyenv/versions/3.11.9/lib/python3.11/statistics.py:458: StatisticsError
[Captured SQL/application logging omitted; assertion trace and result retained.]
_____________ test_evidence_integrity_checks_detect_missing_chunks _____________

    def test_evidence_integrity_checks_detect_missing_chunks() -> None:
        events = load_jsonl(TELEMETRY_FILES["evidence_integrity"])
        result = compute_evidence_integrity(events)

>       assert result.met is True
E       AssertionError: assert False is True
E        +  where False = MetricResult(name='Evidence linking integrity (chunk presence + relevance >= 0.8)', met=False, actual={'missing_chunk_...': 0, 'average_relevance': 0.8}, details={'checked_missions': 12, 'missing_chunk_events': 0, 'average_relevance': 0.0}).met

tests/sprint_03/test_evidence_integrity.py:12: AssertionError
[Captured SQL/application logging omitted; assertion trace and result retained.]
_________ test_quality_gate_failures_blocked_with_actionable_feedback __________

    def test_quality_gate_failures_blocked_with_actionable_feedback() -> None:
        events = load_jsonl(TELEMETRY_FILES["quality_gates"])
        result = compute_quality_gate_effectiveness(events)

>       assert result.met is True
E       AssertionError: assert False is True
E        +  where False = MetricResult(name='Quality gates block invalid missions with actionable remediation guidance', met=False, actual=0.0, ...activity': {None: {'total': 30, 'fails': 30}}, 'failure_count': 30, 'actionable_failures': 0, 'actionable_ratio': 0.0}).met

tests/sprint_03/test_quality_gate_effectiveness.py:12: AssertionError
[Captured SQL/application logging omitted; assertion trace and result retained.]
_____________________ test_validation_rate_exceeds_target ______________________

    def test_validation_rate_exceeds_target() -> None:
        events = load_jsonl(TELEMETRY_FILES["validation"])
        result = compute_validation_coverage(events)

>       assert result.met is True
E       AssertionError: assert False is True
E        +  where False = MetricResult(name='Mission Protocol validation coverage >95% across API/service/database layers', met=False, actual=0....n_id': None, 'missing_layers': ['api', 'service', 'database'], 'detail': None}], 'reference': 'docs/quality_gates.md'}).met

tests/sprint_03/test_validation_coverage.py:12: AssertionError
[Captured SQL/application logging omitted; assertion trace and result retained.]
_______________________ test_coverage_threshold_exceeded _______________________

    def test_coverage_threshold_exceeded() -> None:
        events = load_jsonl(TELEMETRY_FILES["coverage"])
        result = compute_test_coverage(events)

>       assert result.met is True
E       AssertionError: assert False is True
E        +  where False = MetricResult(name='Test coverage ≥80% across Python codebase', met=False, actual={'coverage': 0.0}, target={'coverage'..., details={'lines_covered': None, 'lines_total': None, 'report_path': None, 'command': None, 'modules_reported': None}).met

tests/sprint_04/test_coverage_metric.py:12: AssertionError
[Captured SQL/application logging omitted; assertion trace and result retained.]
_____________________ test_latency_stays_under_two_seconds _____________________

    def test_latency_stays_under_two_seconds() -> None:
        events = load_jsonl(TELEMETRY_FILES["performance"])
>       result = compute_query_latency(events)
                 ^^^^^^^^^^^^^^^^^^^^^^^^^^^^^

tests/sprint_04/test_performance_metrics.py:11:
_ _ _ _ _ _ _ _ _ _ _ _ _ _ _ _ _ _ _ _ _ _ _ _ _ _ _ _ _ _ _ _ _ _ _ _ _ _ _ _

events = [{'event_type': 'latency_sample', 'payload': {'cache_hit_rate': 0.64, 'notes': 'Query cache enabled, database indexes ...ore_latency_ms': 2420, 'cached_queries': 18, 'indexes_added': 3}, 'source': 'tracelab', 'sprint_id': 'sprint-04', ...}]
target_ms = 2000

    def compute_query_latency(
        events: Sequence[Dict[str, Any]], target_ms: int = 2000
    ) -> MetricResult:
        """Ensure P95 latency remains under the 2s target."""

        latency_events = [
            event for event in events if event.get("type") == "latency_sample"
        ]
        if not latency_events:
>           raise ValueError("Latency telemetry missing.")
E           ValueError: Latency telemetry missing.

scripts/evaluate_sprint_04.py:152: ValueError
[Captured SQL/application logging omitted; assertion trace and result retained.]
_______________________ test_cost_profile_within_budget ________________________

    def test_cost_profile_within_budget() -> None:
        events = load_jsonl(TELEMETRY_FILES["performance"])
>       result = compute_cost_compliance(events)
                 ^^^^^^^^^^^^^^^^^^^^^^^^^^^^^^^

tests/sprint_04/test_performance_metrics.py:19:
_ _ _ _ _ _ _ _ _ _ _ _ _ _ _ _ _ _ _ _ _ _ _ _ _ _ _ _ _ _ _ _ _ _ _ _ _ _ _ _

events = [{'event_type': 'latency_sample', 'payload': {'cache_hit_rate': 0.64, 'notes': 'Query cache enabled, database indexes ...ore_latency_ms': 2420, 'cached_queries': 18, 'indexes_added': 3}, 'source': 'tracelab', 'sprint_id': 'sprint-04', ...}]
budget_min = 80.0, budget_max = 105.0, cost_per_query_target = 0.00023

    def compute_cost_compliance(
        events: Sequence[Dict[str, Any]],
        budget_min: float = 80.0,
        budget_max: float = 105.0,
        cost_per_query_target: float = 0.00023,
    ) -> MetricResult:
        """Validate monthly API spend and per-query cost stay within roadmap targets."""

        cost_events = [event for event in events if event.get("type") == "cost_report"]
        if not cost_events:
>           raise ValueError("Cost telemetry missing.")
E           ValueError: Cost telemetry missing.

scripts/evaluate_sprint_04.py:189: ValueError
[Captured SQL/application logging omitted; assertion trace and result retained.]
______________________ test_quality_checks_block_and_pass ______________________

    def test_quality_checks_block_and_pass() -> None:
        events = load_jsonl(TELEMETRY_FILES["quality"])
>       result = compute_quality_automation(events)
                 ^^^^^^^^^^^^^^^^^^^^^^^^^^^^^^^^^^

tests/sprint_04/test_quality_and_load.py:11:
_ _ _ _ _ _ _ _ _ _ _ _ _ _ _ _ _ _ _ _ _ _ _ _ _ _ _ _ _ _ _ _ _ _ _ _ _ _ _ _
scripts/evaluate_sprint_04.py:110: in compute_quality_automation
    record = _first(events, lambda event, chk=check: event.get("check") == chk)
             ^^^^^^^^^^^^^^^^^^^^^^^^^^^^^^^^^^^^^^^^^^^^^^^^^^^^^^^^^^^^^^^^^^
_ _ _ _ _ _ _ _ _ _ _ _ _ _ _ _ _ _ _ _ _ _ _ _ _ _ _ _ _ _ _ _ _ _ _ _ _ _ _ _

items = [{'event_type': 'quality.automation.check', 'payload': {'check': 'bias_detection', 'issues_blocked': 2, 'issues_detect...is', 'median_runtime_ms': 172, 'runs': 34, 'status': 'pass', ...}, 'source': 'quality', 'sprint_id': 'sprint-04', ...}]
predicate = <function compute_quality_automation.<locals>.<lambda> at 0x115636a20>

    def _first(items: Iterable[Dict[str, Any]], predicate) -> Dict[str, Any]:
        for item in items:
            if predicate(item):
                return item
>       raise ValueError("Expected telemetry event not found.")
E       ValueError: Expected telemetry event not found.

scripts/evaluate_sprint_04.py:68: ValueError
[Captured SQL/application logging omitted; assertion trace and result retained.]
__________________ test_load_test_supports_target_concurrency __________________

    def test_load_test_supports_target_concurrency() -> None:
        events = load_jsonl(TELEMETRY_FILES["performance"])
>       result = compute_load_test(events)
                 ^^^^^^^^^^^^^^^^^^^^^^^^^

tests/sprint_04/test_quality_and_load.py:20:
_ _ _ _ _ _ _ _ _ _ _ _ _ _ _ _ _ _ _ _ _ _ _ _ _ _ _ _ _ _ _ _ _ _ _ _ _ _ _ _

events = [{'event_type': 'latency_sample', 'payload': {'cache_hit_rate': 0.64, 'notes': 'Query cache enabled, database indexes ...ore_latency_ms': 2420, 'cached_queries': 18, 'indexes_added': 3}, 'source': 'tracelab', 'sprint_id': 'sprint-04', ...}]
target_users = 100

    def compute_load_test(
        events: Sequence[Dict[str, Any]], target_users: int = 100
    ) -> MetricResult:
        """Confirm system sustains 100 concurrent queries without errors."""

        load_events = [event for event in events if event.get("type") == "load_test"]
        if not load_events:
>           raise ValueError("Load test telemetry missing.")
E           ValueError: Load test telemetry missing.

scripts/evaluate_sprint_04.py:226: ValueError
[Captured SQL/application logging omitted; assertion trace and result retained.]
______________ test_playwright_migration_eliminates_cypress_cost _______________

    def test_playwright_migration_eliminates_cypress_cost() -> None:
        events = load_jsonl(TELEMETRY_FILES["playwright"])
>       result = compute_tech_debt_resolution(events)
                 ^^^^^^^^^^^^^^^^^^^^^^^^^^^^^^^^^^^^

tests/sprint_04/test_tech_debt.py:10:
_ _ _ _ _ _ _ _ _ _ _ _ _ _ _ _ _ _ _ _ _ _ _ _ _ _ _ _ _ _ _ _ _ _ _ _ _ _ _ _
scripts/evaluate_sprint_04.py:74: in compute_tech_debt_resolution
    primary = _first(events, lambda event: "cypress_cost_monthly" in event)
              ^^^^^^^^^^^^^^^^^^^^^^^^^^^^^^^^^^^^^^^^^^^^^^^^^^^^^^^^^^^^^
_ _ _ _ _ _ _ _ _ _ _ _ _ _ _ _ _ _ _ _ _ _ _ _ _ _ _ _ _ _ _ _ _ _ _ _ _ _ _ _

items = [{'event_type': 'tracelab.playwright.migration', 'payload': {'ci_duration_minutes': 5.4, 'cypress_cost_monthly': 70.0,...d': True, 'package_json_clean': True, 'status': 'complete', ...}, 'source': 'tracelab', 'sprint_id': 'sprint-04', ...}]
predicate = <function compute_tech_debt_resolution.<locals>.<lambda> at 0x115a25d00>

    def _first(items: Iterable[Dict[str, Any]], predicate) -> Dict[str, Any]:
        for item in items:
            if predicate(item):
                return item
>       raise ValueError("Expected telemetry event not found.")
E       ValueError: Expected telemetry event not found.

scripts/evaluate_sprint_04.py:68: ValueError
[Captured SQL/application logging omitted; assertion trace and result retained.]
__________________ test_metrics_aggregator_generates_sections __________________

tmp_path = PosixPath('/private/var/folders/gd/rty3217130vdbr9_q713nvg80000gn/T/pytest-of-systemsystems/pytest-493/test_metrics_aggregator_genera0')

    def test_metrics_aggregator_generates_sections(tmp_path):
        telemetry_path = tmp_path / "telemetry.jsonl"
        _write_events(telemetry_path)
        aggregator = MetricsAggregator(
            telemetry_path=telemetry_path,
            cost_monitor=_FakeCostMonitor(),
            cache_manager=_FakeCacheManager(),
            semantic_cache_metrics=_FakeSemanticMetrics(),
            engine=engine,
            qdrant_service_factory=_FakeQdrantService,
            max_events=50,
        )

        payload = aggregator.collect()

>       assert payload["cost_overview"]["periods"]["today"] == pytest.approx(0.45)
E       assert 0.0 == 0.45 ± 4.5e-07
E
E         comparison failed
E         Obtained: 0.0
E         Expected: 0.45 ± 4.5e-07

tests/test_admin_dashboard.py:130: AssertionError
[Captured SQL/application logging omitted; assertion trace and result retained.]
______________ test_upload_and_process_endpoints_record_statuses _______________

db_session = <sqlalchemy.orm.session.Session object at 0x11c1c48d0>
project = <app.models.project.Project object at 0x11407bfd0>
tmp_path = PosixPath('/private/var/folders/gd/rty3217130vdbr9_q713nvg80000gn/T/pytest-of-systemsystems/pytest-493/test_upload_and_process_endpoi0')
monkeypatch = <_pytest.monkeypatch.MonkeyPatch object at 0x11b8bc510>
auth_headers = {'Authorization': 'Bearer [test-token-redacted]'}

    @pytest.mark.asyncio
    async def test_upload_and_process_endpoints_record_statuses(
        db_session, project, tmp_path, monkeypatch, auth_headers
    ):
        """Verify FastAPI endpoints create audit events and trigger the ingestion pipeline."""

        stub_service = DocumentIngestionService(
            redaction_service=StubRedactionService(),
            chunking_service=ChunkingService(),
            status_recorder=ProcessingStatusRecorder(),
            coverage_report_generator=CoverageReportGenerator(),
        )

        monkeypatch.setattr(documents_api, "_ingestion_service", stub_service)
        monkeypatch.setattr(documents_api, "_ingestion_init_error", None)
        monkeypatch.setattr(documents_api, "get_ingestion_service", lambda: stub_service)

        file_path = build_csv(tmp_path / "api_upload.csv", LONG_TEXT)

        def override_get_db():
            yield db_session

        app.dependency_overrides[get_db] = override_get_db

        try:
            transport = ASGITransport(app=app)
            async with AsyncClient(
                transport=transport, base_url="http://test", headers=auth_headers
            ) as client:
                upload_response = await client.post(
>                   f"{documents_api.settings.api_v1_prefix}/documents/upload",
                       ^^^^^^^^^^^^^^^^^^^^^^
                    params={"project_id": str(project.id)},
                    files={"file": (file_path.name, file_path.read_bytes(), "text/csv")},
                )
E               AttributeError: module 'app.api.v1.documents' has no attribute 'settings'

tests/test_document_ingestion.py:275: AttributeError
[Captured SQL/application logging omitted; assertion trace and result retained.]
=============================== warnings summary ===============================
.venv/lib/python3.11/site-packages/_pytest/config/__init__.py:852
  /Users/systemsystems/portfolio/TraceLab/.venv/lib/python3.11/site-packages/_pytest/config/__init__.py:852: PytestAssertRewriteWarning: Module already imported so cannot be rewritten; cmos_pytest_telemetry_plugin
    self.import_plugin(import_spec)

app/core/config.py:11
  /Users/systemsystems/portfolio/TraceLab/app/core/config.py:11: PydanticDeprecatedSince20: Support for class-based `config` is deprecated, use ConfigDict instead. Deprecated in Pydantic V2.0 to be removed in V3.0. See Pydantic V2 Migration Guide at https://errors.pydantic.dev/2.12/migration/
    class Settings(BaseSettings):

app/core/database.py:29
tests/unit/test_recovery_database_engine.py::test_sqlite_pool_override_is_limited_to_test_sqlite[test-sqlite+pysqlite:///:memory:-True]
tests/unit/test_recovery_database_engine.py::test_sqlite_pool_override_is_limited_to_test_sqlite[production-sqlite:///:memory:-False]
tests/unit/test_recovery_database_engine.py::test_sqlite_pool_override_is_limited_to_test_sqlite[test-postgresql://unused.invalid/tracelab-False]
  /Users/systemsystems/portfolio/TraceLab/app/core/database.py:29: MovedIn20Warning: The ``declarative_base()`` function is now available as sqlalchemy.orm.declarative_base(). (deprecated since: 2.0) (Background on SQLAlchemy 2.0 at: https://sqlalche.me/e/b8d9)
    Base = declarative_base()

.venv/lib/python3.11/site-packages/passlib/utils/__init__.py:854
  /Users/systemsystems/portfolio/TraceLab/.venv/lib/python3.11/site-packages/passlib/utils/__init__.py:854: DeprecationWarning: 'crypt' is deprecated and slated for removal in Python 3.13
    from crypt import crypt as _crypt

app/schemas/pagination.py:8
  /Users/systemsystems/portfolio/TraceLab/app/schemas/pagination.py:8: PydanticDeprecatedSince20: `pydantic.generics:GenericModel` has been moved to `pydantic.BaseModel`. Deprecated in Pydantic V2.0 to be removed in V3.0. See Pydantic V2 Migration Guide at https://errors.pydantic.dev/2.12/migration/
    from pydantic.generics import GenericModel

app/schemas/api_key.py:23
  /Users/systemsystems/portfolio/TraceLab/app/schemas/api_key.py:23: PydanticDeprecatedSince20: Support for class-based `config` is deprecated, use ConfigDict instead. Deprecated in Pydantic V2.0 to be removed in V3.0. See Pydantic V2 Migration Guide at https://errors.pydantic.dev/2.12/migration/
    class APIKeyResponse(BaseModel):

app/schemas/api_key.py:39
  /Users/systemsystems/portfolio/TraceLab/app/schemas/api_key.py:39: PydanticDeprecatedSince20: Support for class-based `config` is deprecated, use ConfigDict instead. Deprecated in Pydantic V2.0 to be removed in V3.0. See Pydantic V2 Migration Guide at https://errors.pydantic.dev/2.12/migration/
    class APIKeyInfo(BaseModel):

app/schemas/saved_searches.py:41
  /Users/systemsystems/portfolio/TraceLab/app/schemas/saved_searches.py:41: PydanticDeprecatedSince20: Support for class-based `config` is deprecated, use ConfigDict instead. Deprecated in Pydantic V2.0 to be removed in V3.0. See Pydantic V2 Migration Guide at https://errors.pydantic.dev/2.12/migration/
    class SavedSearchResponse(SavedSearchBase):

app/schemas/search_history.py:15
  /Users/systemsystems/portfolio/TraceLab/app/schemas/search_history.py:15: PydanticDeprecatedSince20: Support for class-based `config` is deprecated, use ConfigDict instead. Deprecated in Pydantic V2.0 to be removed in V3.0. See Pydantic V2 Migration Guide at https://errors.pydantic.dev/2.12/migration/
    class SearchHistoryEntry(BaseModel):

app/schemas/webhook.py:22
  /Users/systemsystems/portfolio/TraceLab/app/schemas/webhook.py:22: PydanticDeprecatedSince20: Support for class-based `config` is deprecated, use ConfigDict instead. Deprecated in Pydantic V2.0 to be removed in V3.0. See Pydantic V2 Migration Guide at https://errors.pydantic.dev/2.12/migration/
    class ExecutionMetadata(BaseModel):

app/main.py:161
  /Users/systemsystems/portfolio/TraceLab/app/main.py:161: DeprecationWarning:
          on_event is deprecated, use lifespan event handlers instead.

          Read more about it in the
          [FastAPI docs for Lifespan Events](https://fastapi.tiangolo.com/advanced/events/).

    @app.on_event("startup")

.venv/lib/python3.11/site-packages/fastapi/applications.py:4599
.venv/lib/python3.11/site-packages/fastapi/applications.py:4599
  /Users/systemsystems/portfolio/TraceLab/.venv/lib/python3.11/site-packages/fastapi/applications.py:4599: DeprecationWarning:
          on_event is deprecated, use lifespan event handlers instead.

          Read more about it in the
          [FastAPI docs for Lifespan Events](https://fastapi.tiangolo.com/advanced/events/).

    return self.router.on_event(event_type)

app/main.py:210
  /Users/systemsystems/portfolio/TraceLab/app/main.py:210: DeprecationWarning:
          on_event is deprecated, use lifespan event handlers instead.

          Read more about it in the
          [FastAPI docs for Lifespan Events](https://fastapi.tiangolo.com/advanced/events/).

    @app.on_event("shutdown")

tests/test_mission_model.py:1
  /Users/systemsystems/portfolio/TraceLab/tests/test_mission_model.py:1: PytestWarning: usefixtures() in tests/test_mission_model.py::TestMissionStatuses::test_all_statuses_defined without arguments has no effect
    """Tests for the Mission model with DeepSearch-compatible schema.

tests/test_mission_model.py:1
  /Users/systemsystems/portfolio/TraceLab/tests/test_mission_model.py:1: PytestWarning: usefixtures() in tests/test_mission_model.py::TestMissionInstantiation::test_create_mission_minimal without arguments has no effect
    """Tests for the Mission model with DeepSearch-compatible schema.

tests/test_mission_model.py:1
  /Users/systemsystems/portfolio/TraceLab/tests/test_mission_model.py:1: PytestWarning: usefixtures() in tests/test_mission_model.py::TestMissionInstantiation::test_create_mission_full without arguments has no effect
    """Tests for the Mission model with DeepSearch-compatible schema.

tests/test_mission_model.py:1
  /Users/systemsystems/portfolio/TraceLab/tests/test_mission_model.py:1: PytestWarning: usefixtures() in tests/test_mission_model.py::TestMissionMethods::test_to_dict without arguments has no effect
    """Tests for the Mission model with DeepSearch-compatible schema.

tests/test_mission_model.py:1
  /Users/systemsystems/portfolio/TraceLab/tests/test_mission_model.py:1: PytestWarning: usefixtures() in tests/test_mission_model.py::TestMissionMethods::test_to_dict_with_none_values without arguments has no effect
    """Tests for the Mission model with DeepSearch-compatible schema.

tests/test_mission_model.py:1
  /Users/systemsystems/portfolio/TraceLab/tests/test_mission_model.py:1: PytestWarning: usefixtures() in tests/test_mission_model.py::TestMissionMethods::test_to_mission_protocol without arguments has no effect
    """Tests for the Mission model with DeepSearch-compatible schema.

tests/test_mission_model.py:1
  /Users/systemsystems/portfolio/TraceLab/tests/test_mission_model.py:1: PytestWarning: usefixtures() in tests/test_mission_model.py::TestMissionMethods::test_from_mission_protocol_minimal without arguments has no effect
    """Tests for the Mission model with DeepSearch-compatible schema.

tests/test_mission_model.py:1
  /Users/systemsystems/portfolio/TraceLab/tests/test_mission_model.py:1: PytestWarning: usefixtures() in tests/test_mission_model.py::TestMissionMethods::test_from_mission_protocol_full without arguments has no effect
    """Tests for the Mission model with DeepSearch-compatible schema.

tests/test_mission_model.py:1
  /Users/systemsystems/portfolio/TraceLab/tests/test_mission_model.py:1: PytestWarning: usefixtures() in tests/test_mission_model.py::TestMissionResultFields::test_execution_lifecycle_fields without arguments has no effect
    """Tests for the Mission model with DeepSearch-compatible schema.

tests/test_mission_model.py:1
  /Users/systemsystems/portfolio/TraceLab/tests/test_mission_model.py:1: PytestWarning: usefixtures() in tests/test_mission_model.py::TestMissionResultFields::test_result_protocol_storage without arguments has no effect
    """Tests for the Mission model with DeepSearch-compatible schema.

tests/test_mission_model.py:1
  /Users/systemsystems/portfolio/TraceLab/tests/test_mission_model.py:1: PytestWarning: usefixtures() in tests/test_mission_model.py::TestMissionResultFields::test_error_handling_fields without arguments has no effect
    """Tests for the Mission model with DeepSearch-compatible schema.

tests/test_mission_model.py:1
  /Users/systemsystems/portfolio/TraceLab/tests/test_mission_model.py:1: PytestWarning: usefixtures() in tests/test_mission_model.py::TestMissionTableDefinition::test_table_name without arguments has no effect
    """Tests for the Mission model with DeepSearch-compatible schema.

tests/test_mission_model.py:1
  /Users/systemsystems/portfolio/TraceLab/tests/test_mission_model.py:1: PytestWarning: usefixtures() in tests/test_mission_model.py::TestMissionTableDefinition::test_required_columns_exist without arguments has no effect
    """Tests for the Mission model with DeepSearch-compatible schema.

tests/test_mission_model.py:1
  /Users/systemsystems/portfolio/TraceLab/tests/test_mission_model.py:1: PytestWarning: usefixtures() in tests/test_mission_model.py::TestMissionTableDefinition::test_indexes_defined without arguments has no effect
    """Tests for the Mission model with DeepSearch-compatible schema.

tests/test_mission_model.py:1
  /Users/systemsystems/portfolio/TraceLab/tests/test_mission_model.py:1: PytestWarning: usefixtures() in tests/test_mission_model.py::TestMissionTableDefinition::test_lease_timestamps_are_timezone_aware without arguments has no effect
    """Tests for the Mission model with DeepSearch-compatible schema.

tests/test_mission_model.py:1
  /Users/systemsystems/portfolio/TraceLab/tests/test_mission_model.py:1: PytestWarning: usefixtures() in tests/test_mission_model.py::TestMissionTableDefinition::test_opaque_lease_fields_are_not_public_dict_fields without arguments has no effect
    """Tests for the Mission model with DeepSearch-compatible schema.

tests/test_mission_model.py:1
  /Users/systemsystems/portfolio/TraceLab/tests/test_mission_model.py:1: PytestWarning: usefixtures() in tests/test_mission_model.py::TestMissionTableDefinition::test_constraints_defined without arguments has no effect
    """Tests for the Mission model with DeepSearch-compatible schema.

tests/test_mission_model.py:1
  /Users/systemsystems/portfolio/TraceLab/tests/test_mission_model.py:1: PytestWarning: usefixtures() in tests/test_mission_model.py::TestMissionAuthoringFields::test_instantiation_with_all_authoring_fields without arguments has no effect
    """Tests for the Mission model with DeepSearch-compatible schema.

tests/test_mission_model.py:1
  /Users/systemsystems/portfolio/TraceLab/tests/test_mission_model.py:1: PytestWarning: usefixtures() in tests/test_mission_model.py::TestMissionAuthoringFields::test_to_dict_includes_authoring_fields without arguments has no effect
    """Tests for the Mission model with DeepSearch-compatible schema.

tests/test_mission_model.py:1
  /Users/systemsystems/portfolio/TraceLab/tests/test_mission_model.py:1: PytestWarning: usefixtures() in tests/test_mission_model.py::TestMissionAuthoringFields::test_to_mission_protocol_includes_authoring_fields without arguments has no effect
    """Tests for the Mission model with DeepSearch-compatible schema.

tests/test_mission_model.py:1
  /Users/systemsystems/portfolio/TraceLab/tests/test_mission_model.py:1: PytestWarning: usefixtures() in tests/test_mission_model.py::TestMissionAuthoringFields::test_from_mission_protocol_round_trip without arguments has no effect
    """Tests for the Mission model with DeepSearch-compatible schema.

tests/test_mission_model.py:1
  /Users/systemsystems/portfolio/TraceLab/tests/test_mission_model.py:1: PytestWarning: usefixtures() in tests/test_mission_model.py::TestMissionAuthoringFields::test_constraints_fallback_to_context without arguments has no effect
    """Tests for the Mission model with DeepSearch-compatible schema.

tests/test_mission_model.py:1
  /Users/systemsystems/portfolio/TraceLab/tests/test_mission_model.py:1: PytestWarning: usefixtures() in tests/test_mission_model.py::TestMissionAuthoringFields::test_constraints_column_wins_over_context without arguments has no effect
    """Tests for the Mission model with DeepSearch-compatible schema.

tests/test_mission_model.py:1
  /Users/systemsystems/portfolio/TraceLab/tests/test_mission_model.py:1: PytestWarning: usefixtures() in tests/test_mission_model.py::TestMissionAuthoringFields::test_authoring_fields_optional without arguments has no effect
    """Tests for the Mission model with DeepSearch-compatible schema.

tests/test_evidence_auto_linking.py::test_auto_linking_respects_threshold_and_counts_skips
  /Users/systemsystems/portfolio/TraceLab/.venv/lib/python3.11/site-packages/pydantic/main.py:464: UserWarning: Pydantic serializer warnings:
    PydanticSerializationUnexpectedValue(Expected `Evidence` - serialized value may not be as expected [field_name='evidence', input_value={'evidence_id': 'EV-alrea...ry', 'chunk_id': '1234'}, input_type=dict])
    return self.__pydantic_serializer__.to_python(

tests/test_evidence_ledger_api.py::TestWorkingNotes::test_dot_segment_note_keys_are_rejected[dot]
tests/test_evidence_ledger_api.py::TestWorkingNotes::test_dot_segment_note_keys_are_rejected[dot-dot]
tests/test_librarian_api.py::TestDraft::test_unrecoverable_draft_is_422
tests/test_usage_records.py::TestSummary::test_admin_endpoint_returns_the_summary_and_members_are_refused
  /Users/systemsystems/portfolio/TraceLab/.venv/lib/python3.11/site-packages/anyio/_backends/_asyncio.py:986: DeprecationWarning: 'HTTP_422_UNPROCESSABLE_ENTITY' is deprecated. Use 'HTTP_422_UNPROCESSABLE_CONTENT' instead.
    result = context.run(func, *args)

tests/test_evidence_ledger_api.py::TestEvidenceBrowser::test_filters_count_all_matching_rows_and_keep_exact_tags
  /Users/systemsystems/portfolio/TraceLab/app/api/v1/evidence.py:105: DeprecationWarning: 'HTTP_422_UNPROCESSABLE_ENTITY' is deprecated. Use 'HTTP_422_UNPROCESSABLE_CONTENT' instead.
    return _normalize_required_filter(value, label)

tests/test_mission_linter.py::TestSubmitEndpointLintIntegration::test_hard_fail_returns_422_with_errors
tests/test_mission_linter.py::TestSubmitEndpointLintIntegration::test_hard_fail_preserves_draft_status
  /Users/systemsystems/portfolio/TraceLab/app/api/v1/missions.py:899: DeprecationWarning: 'HTTP_422_UNPROCESSABLE_ENTITY' is deprecated. Use 'HTTP_422_UNPROCESSABLE_CONTENT' instead.
    return _submit_existing_mission(db=db, mission=mission, submitted_by=user.user_id)

-- Docs: https://docs.pytest.org/en/stable/how-to/capture-warnings.html

---------------------------------------------------- benchmark 'rag_concurrency': 1 tests ---------------------------------------------------
Name (time in ms)                                        Min      Max    Mean  StdDev  Median     IQR  Outliers       OPS  Rounds  Iterations
---------------------------------------------------------------------------------------------------------------------------------------------
test_concurrent_queries_reaches_target_throughput     6.7108  34.9211  8.0698  3.4547  7.1480  0.8173      8;12  123.9191     136           1
---------------------------------------------------------------------------------------------------------------------------------------------

Legend:
  Outliers: 1 Standard Deviation from Mean; 1.5 IQR (InterQuartile Range) from 1st Quartile and 3rd Quartile.
  OPS: Operations Per Second, computed as 1 / Mean
============================= slowest 25 durations =============================
6.27s call     tests/test_service_principal_route_boundary.py::test_service_credential_is_machine_only_in_every_rbac_state[api-key-rbac-off]
4.56s call     tests/test_onboarding_register_authz.py::test_alternate_callers_cannot_use_replay_to_gain_access[project_owner-api_key-True]
3.97s call     tests/test_onboarding_register_authz.py::test_alternate_callers_cannot_use_replay_to_gain_access[project_owner-api_key-False]
3.79s call     tests/test_rbac_verify_harness.py::test_harness_passes_against_enforced_app
3.77s call     tests/test_graph_neighborhood_api.py::test_all_root_statuses_match_canonical_details_and_service_is_denied[service-api_key-False]
3.69s call     tests/test_graph_neighborhood_api.py::test_all_root_statuses_match_canonical_details_and_service_is_denied[space_member-api_key-True]
3.66s call     tests/test_service_principal_route_boundary.py::test_service_credential_is_machine_only_in_every_rbac_state[api-key-rbac-on]
3.60s call     tests/test_graph_neighborhood_api.py::test_all_root_statuses_match_canonical_details_and_service_is_denied[service-api_key-True]
3.49s call     tests/test_graph_neighborhood_api.py::test_all_root_statuses_match_canonical_details_and_service_is_denied[admin-api_key-False]
3.44s call     tests/test_deepsearch_ingestion.py::test_ingest_endpoint_returns_quality_gate_failure
3.30s call     tests/test_graph_neighborhood_api.py::test_all_root_statuses_match_canonical_details_and_service_is_denied[resource_owner-api_key-True]
3.29s call     tests/test_rbac_verify_harness.py::test_run_never_creates_or_deletes_a_user
3.15s call     tests/test_graph_neighborhood_api.py::test_all_root_statuses_match_canonical_details_and_service_is_denied[space_member-api_key-False]
3.12s call     tests/test_graph_neighborhood_api.py::test_all_root_statuses_match_canonical_details_and_service_is_denied[non_member-api_key-False]
3.09s call     tests/test_graph_neighborhood_api.py::test_all_root_statuses_match_canonical_details_and_service_is_denied[admin-api_key-True]
3.07s call     tests/test_graph_neighborhood_api.py::test_all_root_statuses_match_canonical_details_and_service_is_denied[resource_owner-api_key-False]
3.04s call     tests/test_correction_loop.py::TestWebhookClient::test_retry_on_failure
3.03s call     tests/test_correction_loop.py::TestWebhookClient::test_dead_letter_queue
3.00s call     tests/test_graph_neighborhood_api.py::test_all_root_statuses_match_canonical_details_and_service_is_denied[non_member-api_key-True]
2.83s call     tests/test_project_owner_document_read.py::test_alternate_caller_document_read_matrix[project_owner-api_key-False]
2.66s call     tests/test_project_owner_document_read.py::test_alternate_caller_document_read_matrix[service-api_key-True]
2.66s call     tests/test_wait_for_deploy.py::test_anything_short_of_both_services_serving_the_sha_fails[backend-stale]
2.65s call     tests/test_wait_for_deploy.py::test_anything_short_of_both_services_serving_the_sha_fails[backend-no-marker]
2.63s call     tests/test_wait_for_deploy.py::test_anything_short_of_both_services_serving_the_sha_fails[frontend-stale]
2.59s call     tests/test_wait_for_deploy.py::test_anything_short_of_both_services_serving_the_sha_fails[frontend-forbidden]
=========================== short test summary info ============================
FAILED tests/sprint_03/test_api_stability.py::test_api_uptime_and_latency_meet_targets
FAILED tests/sprint_03/test_evidence_integrity.py::test_evidence_integrity_checks_detect_missing_chunks
FAILED tests/sprint_03/test_quality_gate_effectiveness.py::test_quality_gate_failures_blocked_with_actionable_feedback
FAILED tests/sprint_03/test_validation_coverage.py::test_validation_rate_exceeds_target
FAILED tests/sprint_04/test_coverage_metric.py::test_coverage_threshold_exceeded
FAILED tests/sprint_04/test_performance_metrics.py::test_latency_stays_under_two_seconds
FAILED tests/sprint_04/test_performance_metrics.py::test_cost_profile_within_budget
FAILED tests/sprint_04/test_quality_and_load.py::test_quality_checks_block_and_pass
FAILED tests/sprint_04/test_quality_and_load.py::test_load_test_supports_target_concurrency
FAILED tests/sprint_04/test_tech_debt.py::test_playwright_migration_eliminates_cypress_cost
FAILED tests/test_admin_dashboard.py::test_metrics_aggregator_generates_sections
FAILED tests/test_document_ingestion.py::test_upload_and_process_endpoints_record_statuses
===== 12 failed, 2988 passed, 3 skipped, 49 warnings in 546.20s (0:09:06) ======
