
Running 88 tests using 1 worker

(node:40593) Warning: The 'NO_COLOR' env is ignored due to the 'FORCE_COLOR' env being set.
(Use `node --trace-warnings ...` to show where the warning was created)
(node:40593) Warning: The 'NO_COLOR' env is ignored due to the 'FORCE_COLOR' env being set.
(Use `node --trace-warnings ...` to show where the warning was created)
  ✓   1 [chromium] › tests/e2e/app-shell.spec.ts:34:5 › Home stays at the root and its search opens the shell palette (759ms)
  ✓   2 [chromium] › tests/e2e/app-shell.spec.ts:48:5 › Home keeps viewed activity rows at AA contrast in the light theme (739ms)
  ✓   3 [chromium] › tests/e2e/app-shell.spec.ts:71:5 › document tables scroll sideways on a phone instead of breaking words apart (482ms)
  ✓   4 [chromium] › tests/e2e/app-shell.spec.ts:95:5 › markdown table headers are exposed as column headers to assistive technology (403ms)
  ✓   5 [chromium] › tests/e2e/app-shell.spec.ts:126:5 › theme persists through hydration and OS changes without a wrong-color frame (852ms)
  ✓   6 [chromium] › tests/e2e/app-shell.spec.ts:164:7 › the head bootstrap resolves stored system to System dark before delayed hydration (574ms)
  ✓   7 [chromium] › tests/e2e/app-shell.spec.ts:164:7 › the head bootstrap resolves stored hc to System dark before delayed hydration (435ms)
  ✓   8 [chromium] › tests/e2e/app-shell.spec.ts:185:5 › Light persists across reload and OS changes with native keyboard focus (564ms)
  ✓   9 [chromium] › tests/e2e/app-shell.spec.ts:202:5 › mobile drawer traps focus, closes with Escape, and returns focus to its trigger (730ms)
  ✓  10 [chromium] › tests/e2e/app-shell.spec.ts:223:5 › command palette submits a real search request and supports keyboard dismissal (850ms)
  ✓  11 [chromium] › tests/e2e/app-shell.spec.ts:252:5 › open modal surfaces meet the same axe severity and landmark gates (601ms)
  ✓  12 [chromium] › tests/e2e/app-shell.spec.ts:269:9 › login and registration share accessible light surfaces at 390px (494ms)
  ✓  13 [chromium] › tests/e2e/app-shell.spec.ts:269:9 › login and registration share accessible light surfaces at 1440px (469ms)
  ✓  14 [chromium] › tests/e2e/app-shell.spec.ts:269:9 › login and registration share accessible dark surfaces at 390px (455ms)
  ✓  15 [chromium] › tests/e2e/app-shell.spec.ts:269:9 › login and registration share accessible dark surfaces at 1440px (505ms)
  ✓  16 [chromium] › tests/e2e/collection-context.spec.ts:15:7 › collection context, reviewed seed and evidence citations in light at 390 (4.2s)
  ✓  17 [chromium] › tests/e2e/collection-context.spec.ts:15:7 › collection context, reviewed seed and evidence citations in light at 820 (3.7s)
  ✓  18 [chromium] › tests/e2e/collection-context.spec.ts:15:7 › collection context, reviewed seed and evidence citations in light at 1440 (4.6s)
  ✓  19 [chromium] › tests/e2e/collection-context.spec.ts:15:7 › collection context, reviewed seed and evidence citations in dark at 390 (4.0s)
  ✓  20 [chromium] › tests/e2e/collection-context.spec.ts:15:7 › collection context, reviewed seed and evidence citations in dark at 820 (3.9s)
  ✓  21 [chromium] › tests/e2e/collection-context.spec.ts:15:7 › collection context, reviewed seed and evidence citations in dark at 1440 (5.0s)
  ✓  22 [chromium] › tests/e2e/graph.spec.ts:80:5 › keyboard root selection, depth, every list control and browser Back preserve the neighborhood (1.7s)
  ✓  23 [chromium] › tests/e2e/graph.spec.ts:117:7 › the complete light graph and root picker remain accessible at 1440px (1.4s)
  ✓  24 [chromium] › tests/e2e/graph.spec.ts:117:7 › the complete light graph and root picker remain accessible at 390px (1.7s)
  ✓  25 [chromium] › tests/e2e/graph.spec.ts:117:7 › the complete dark graph and root picker remain accessible at 1440px (1.4s)
  ✓  26 [chromium] › tests/e2e/graph.spec.ts:117:7 › the complete dark graph and root picker remain accessible at 390px (1.7s)
  ✓  27 [chromium] › tests/e2e/graph.spec.ts:147:5 › all six URL root types reach the same graph endpoint and canonical object link (857ms)
  ✓  28 [chromium] › tests/e2e/graph.spec.ts:157:5 › loading, empty, forbidden, missing and retriable failures have distinct states (1.8s)
  ✓  29 [chromium] › tests/e2e/librarian-collections.spec.ts:5:7 › reviewed collections light 390 (1.1s)
  ✓  30 [chromium] › tests/e2e/librarian-collections.spec.ts:5:7 › reviewed collections light 820 (1.2s)
  ✓  31 [chromium] › tests/e2e/librarian-collections.spec.ts:5:7 › reviewed collections light 1440 (1.2s)
  ✓  32 [chromium] › tests/e2e/librarian-collections.spec.ts:5:7 › reviewed collections dark 390 (1.0s)
  ✓  33 [chromium] › tests/e2e/librarian-collections.spec.ts:5:7 › reviewed collections dark 820 (1.3s)
  ✓  34 [chromium] › tests/e2e/librarian-collections.spec.ts:5:7 › reviewed collections dark 1440 (1.4s)
  ✓  35 [chromium] › tests/e2e/librarian-description.spec.ts:5:7 › reviewed project description light 390 (1.2s)
  ✓  36 [chromium] › tests/e2e/librarian-description.spec.ts:5:7 › reviewed project description light 820 (1.7s)
  ✓  37 [chromium] › tests/e2e/librarian-description.spec.ts:5:7 › reviewed project description light 1440 (1.5s)
  ✓  38 [chromium] › tests/e2e/librarian-description.spec.ts:5:7 › reviewed project description dark 390 (1.0s)
  ✓  39 [chromium] › tests/e2e/librarian-description.spec.ts:5:7 › reviewed project description dark 820 (1.2s)
  ✓  40 [chromium] › tests/e2e/librarian-description.spec.ts:5:7 › reviewed project description dark 1440 (1.3s)
  ✓  41 [chromium] › tests/e2e/librarian-duplicates.spec.ts:5:7 › duplicate review light 390 (1.1s)
  ✓  42 [chromium] › tests/e2e/librarian-duplicates.spec.ts:5:7 › duplicate review light 820 (1.4s)
  ✓  43 [chromium] › tests/e2e/librarian-duplicates.spec.ts:5:7 › duplicate review light 1440 (1.3s)
  ✓  44 [chromium] › tests/e2e/librarian-duplicates.spec.ts:5:7 › duplicate review dark 390 (1.1s)
  ✓  45 [chromium] › tests/e2e/librarian-duplicates.spec.ts:5:7 › duplicate review dark 820 (1.2s)
  ✓  46 [chromium] › tests/e2e/librarian-duplicates.spec.ts:5:7 › duplicate review dark 1440 (1.4s)
  ✓  47 [chromium] › tests/e2e/librarian-reports.spec.ts:5:7 › reviewed report light 390 (1.4s)
  ✓  48 [chromium] › tests/e2e/librarian-reports.spec.ts:5:7 › reviewed report light 820 (1.4s)
  ✓  49 [chromium] › tests/e2e/librarian-reports.spec.ts:5:7 › reviewed report light 1440 (1.7s)
  ✓  50 [chromium] › tests/e2e/librarian-reports.spec.ts:5:7 › reviewed report dark 390 (1.5s)
  ✓  51 [chromium] › tests/e2e/librarian-reports.spec.ts:5:7 › reviewed report dark 820 (1.5s)
  ✓  52 [chromium] › tests/e2e/librarian-reports.spec.ts:5:7 › reviewed report dark 1440 (1.6s)
  ✓  53 [chromium] › tests/e2e/mission-protocol.spec.ts:14:7 › author, inspect, audit and prepare a new run in light at 390 (2.6s)
  ✓  54 [chromium] › tests/e2e/mission-protocol.spec.ts:14:7 › author, inspect, audit and prepare a new run in light at 820 (2.4s)
  ✓  55 [chromium] › tests/e2e/mission-protocol.spec.ts:14:7 › author, inspect, audit and prepare a new run in light at 1440 (2.6s)
  ✓  56 [chromium] › tests/e2e/mission-protocol.spec.ts:14:7 › author, inspect, audit and prepare a new run in dark at 390 (2.4s)
  ✓  57 [chromium] › tests/e2e/mission-protocol.spec.ts:14:7 › author, inspect, audit and prepare a new run in dark at 820 (2.5s)
  ✓  58 [chromium] › tests/e2e/mission-protocol.spec.ts:14:7 › author, inspect, audit and prepare a new run in dark at 1440 (2.6s)
  ✓  59 [chromium] › tests/e2e/mission-protocol.spec.ts:94:5 › the mission Results tab is addressable by URL so it can be linked and captured (549ms)
  ✓  60 [chromium] › tests/e2e/mission-protocol.spec.ts:135:5 › the retired /missions/queue alias is gone rather than silently redirecting (24ms)
  ✓  61 [chromium] › tests/e2e/project-bundles.spec.ts:14:7 › project tabs, independent uploads, chunks and personal favorites in light at 390 (3.1s)
  ✓  62 [chromium] › tests/e2e/project-bundles.spec.ts:14:7 › project tabs, independent uploads, chunks and personal favorites in light at 820 (3.2s)
  ✓  63 [chromium] › tests/e2e/project-bundles.spec.ts:14:7 › project tabs, independent uploads, chunks and personal favorites in light at 1440 (3.4s)
  ✓  64 [chromium] › tests/e2e/project-bundles.spec.ts:14:7 › project tabs, independent uploads, chunks and personal favorites in dark at 390 (3.2s)
  ✓  65 [chromium] › tests/e2e/project-bundles.spec.ts:14:7 › project tabs, independent uploads, chunks and personal favorites in dark at 820 (3.2s)
  ✓  66 [chromium] › tests/e2e/project-bundles.spec.ts:14:7 › project tabs, independent uploads, chunks and personal favorites in dark at 1440 (4.3s)
  ✓  67 [chromium] › tests/e2e/report-citations.spec.ts:5:7 › durable report citations light 390 (654ms)
  ✓  68 [chromium] › tests/e2e/report-citations.spec.ts:5:7 › durable report citations light 820 (597ms)
  ✓  69 [chromium] › tests/e2e/report-citations.spec.ts:5:7 › durable report citations light 1440 (579ms)
  ✓  70 [chromium] › tests/e2e/report-citations.spec.ts:5:7 › durable report citations dark 390 (572ms)
  ✓  71 [chromium] › tests/e2e/report-citations.spec.ts:5:7 › durable report citations dark 820 (684ms)
  ✓  72 [chromium] › tests/e2e/report-citations.spec.ts:5:7 › durable report citations dark 1440 (716ms)
{"routeMigration":{"mapRows":10,"coveredRows":10,"checks":20,"passed":20}}
  ✓  73 [chromium] › tests/e2e/route-migration.spec.ts:5:5 › every maintained migration preserves its destination and query parameters (60ms)
  ✓  74 [chromium] › tests/e2e/search-command.spec.ts:65:9 › palette keyboard reach, paging and focus in light at 390px (3.9s)
  ✓  75 [chromium] › tests/e2e/search-command.spec.ts:114:9 › the Librarian lists what /search found, keeps it as a collection and reruns a saved search in light at 390px (1.2s)
  ✓  76 [chromium] › tests/e2e/search-command.spec.ts:65:9 › palette keyboard reach, paging and focus in light at 820px (4.1s)
  ✓  77 [chromium] › tests/e2e/search-command.spec.ts:114:9 › the Librarian lists what /search found, keeps it as a collection and reruns a saved search in light at 820px (1.1s)
  ✓  78 [chromium] › tests/e2e/search-command.spec.ts:65:9 › palette keyboard reach, paging and focus in light at 1440px (4.2s)
  ✓  79 [chromium] › tests/e2e/search-command.spec.ts:114:9 › the Librarian lists what /search found, keeps it as a collection and reruns a saved search in light at 1440px (1.7s)
  ✓  80 [chromium] › tests/e2e/search-command.spec.ts:65:9 › palette keyboard reach, paging and focus in dark at 390px (4.3s)
  ✓  81 [chromium] › tests/e2e/search-command.spec.ts:114:9 › the Librarian lists what /search found, keeps it as a collection and reruns a saved search in dark at 390px (1.2s)
  ✓  82 [chromium] › tests/e2e/search-command.spec.ts:65:9 › palette keyboard reach, paging and focus in dark at 820px (3.9s)
  ✓  83 [chromium] › tests/e2e/search-command.spec.ts:114:9 › the Librarian lists what /search found, keeps it as a collection and reruns a saved search in dark at 820px (1.1s)
  ✓  84 [chromium] › tests/e2e/search-command.spec.ts:65:9 › palette keyboard reach, paging and focus in dark at 1440px (3.9s)
  ✓  85 [chromium] › tests/e2e/search-command.spec.ts:114:9 › the Librarian lists what /search found, keeps it as a collection and reruns a saved search in dark at 1440px (1.1s)
  ✓  86 [chromium] › tests/e2e/search-command.spec.ts:159:5 › saved search times use UTC even outside the UTC timezone (218ms)
  ✓  87 [chromium] › tests/e2e/search-command.spec.ts:168:5 › the retired /search/results alias is gone rather than silently redirecting (3ms)
  ✓  88 [chromium] › tests/e2e/search-command.spec.ts:175:5 › loading, no matches, service failure and missing saved search stay distinct (506ms)

  88 passed (2.5m)
