
> frontend@0.1.0 test:unit
> vitest --run


 RUN  v3.2.4 /Users/systemsystems/portfolio/TraceLab/frontend

[baseline-browser-mapping] The data in this module is over two months old.  To ensure accurate Baseline data, please update: `npm i baseline-browser-mapping@latest -D`
stderr | src/components/AppShell.test.tsx > the shared shell > opens focused search from the Home entry point
An update to Navigation inside a test was not wrapped in act(...).

When testing, code that causes React state updates should be wrapped into act(...):

act(() => {
  /* fire events that update state */
});
/* assert on the output */

This ensures that you're testing the behavior the user would see in the browser. Learn more at https://react.dev/link/wrap-tests-with-act
An update to Navigation inside a test was not wrapped in act(...).

When testing, code that causes React state updates should be wrapped into act(...):

act(() => {
  /* fire events that update state */
});
/* assert on the output */

This ensures that you're testing the behavior the user would see in the browser. Learn more at https://react.dev/link/wrap-tests-with-act
An update to CommandPalette inside a test was not wrapped in act(...).

When testing, code that causes React state updates should be wrapped into act(...):

act(() => {
  /* fire events that update state */
});
/* assert on the output */

This ensures that you're testing the behavior the user would see in the browser. Learn more at https://react.dev/link/wrap-tests-with-act

stderr | src/components/AppShell.test.tsx > the shared shell > provides one main and banner, and marks only the deepest navigation route current
An update to Navigation inside a test was not wrapped in act(...).

When testing, code that causes React state updates should be wrapped into act(...):

act(() => {
  /* fire events that update state */
});
/* assert on the output */

This ensures that you're testing the behavior the user would see in the browser. Learn more at https://react.dev/link/wrap-tests-with-act
An update to Navigation inside a test was not wrapped in act(...).

When testing, code that causes React state updates should be wrapped into act(...):

act(() => {
  /* fire events that update state */
});
/* assert on the output */

This ensures that you're testing the behavior the user would see in the browser. Learn more at https://react.dev/link/wrap-tests-with-act

 ✓ src/__tests__/admin/users.test.tsx (15 tests) 1456ms
stderr | src/components/AppShell.test.tsx > the shared shell > keeps admin destinations out of both navigation and command search for non-admins
An update to Navigation inside a test was not wrapped in act(...).

When testing, code that causes React state updates should be wrapped into act(...):

act(() => {
  /* fire events that update state */
});
/* assert on the output */

This ensures that you're testing the behavior the user would see in the browser. Learn more at https://react.dev/link/wrap-tests-with-act
An update to Navigation inside a test was not wrapped in act(...).

When testing, code that causes React state updates should be wrapped into act(...):

act(() => {
  /* fire events that update state */
});
/* assert on the output */

This ensures that you're testing the behavior the user would see in the browser. Learn more at https://react.dev/link/wrap-tests-with-act
An update to CommandPalette inside a test was not wrapped in act(...).

When testing, code that causes React state updates should be wrapped into act(...):

act(() => {
  /* fire events that update state */
});
/* assert on the output */

This ensures that you're testing the behavior the user would see in the browser. Learn more at https://react.dev/link/wrap-tests-with-act

stderr | src/components/AppShell.test.tsx > the shared shell > opens focused keyboard search and submits an encoded research query ({"ctrlKey":true})
An update to Navigation inside a test was not wrapped in act(...).

When testing, code that causes React state updates should be wrapped into act(...):

act(() => {
  /* fire events that update state */
});
/* assert on the output */

This ensures that you're testing the behavior the user would see in the browser. Learn more at https://react.dev/link/wrap-tests-with-act
An update to Navigation inside a test was not wrapped in act(...).

When testing, code that causes React state updates should be wrapped into act(...):

act(() => {
  /* fire events that update state */
});
/* assert on the output */

This ensures that you're testing the behavior the user would see in the browser. Learn more at https://react.dev/link/wrap-tests-with-act

stderr | src/components/CommandPalette.test.tsx > scoped palette data and actions > keeps old lookup results out of a new query and a new account
An update to Navigation inside a test was not wrapped in act(...).

When testing, code that causes React state updates should be wrapped into act(...):

act(() => {
  /* fire events that update state */
});
/* assert on the output */

This ensures that you're testing the behavior the user would see in the browser. Learn more at https://react.dev/link/wrap-tests-with-act
An update to Navigation inside a test was not wrapped in act(...).

When testing, code that causes React state updates should be wrapped into act(...):

act(() => {
  /* fire events that update state */
});
/* assert on the output */

This ensures that you're testing the behavior the user would see in the browser. Learn more at https://react.dev/link/wrap-tests-with-act

stderr | src/components/AppShell.test.tsx > the shared shell > opens focused keyboard search and submits an encoded research query ({"metaKey":true})
An update to Navigation inside a test was not wrapped in act(...).

When testing, code that causes React state updates should be wrapped into act(...):

act(() => {
  /* fire events that update state */
});
/* assert on the output */

This ensures that you're testing the behavior the user would see in the browser. Learn more at https://react.dev/link/wrap-tests-with-act
An update to Navigation inside a test was not wrapped in act(...).

When testing, code that causes React state updates should be wrapped into act(...):

act(() => {
  /* fire events that update state */
});
/* assert on the output */

This ensures that you're testing the behavior the user would see in the browser. Learn more at https://react.dev/link/wrap-tests-with-act

 ✓ src/components/CommandPalette.test.tsx (6 tests) 1809ms
   ✓ scoped palette data and actions > queries names only while open and exposes every server-returned entity link  588ms
   ✓ scoped palette data and actions > pages a full scoped group and resets its page for a new name  475ms
stderr | src/components/AppShell.test.tsx > the shared shell > jumps to a section and restores drawer state on close
An update to Navigation inside a test was not wrapped in act(...).

When testing, code that causes React state updates should be wrapped into act(...):

act(() => {
  /* fire events that update state */
});
/* assert on the output */

This ensures that you're testing the behavior the user would see in the browser. Learn more at https://react.dev/link/wrap-tests-with-act
An update to Navigation inside a test was not wrapped in act(...).

When testing, code that causes React state updates should be wrapped into act(...):

act(() => {
  /* fire events that update state */
});
/* assert on the output */

This ensures that you're testing the behavior the user would see in the browser. Learn more at https://react.dev/link/wrap-tests-with-act

 ✓ src/components/AppShell.test.tsx (8 tests) 1845ms
   ✓ the shared shell > provides one main and banner, and marks only the deepest navigation route current  416ms
   ✓ the shared shell > shows new-item counts on the Missions, Evidence and Reports entries in the sidebar and the drawer, hidden at zero  472ms
   ✓ the shared shell > keeps admin destinations out of both navigation and command search for non-admins  306ms
 ✓ src/__tests__/librarian-reports.test.tsx (8 tests) 2187ms
   ✓ requires explicit source review, discloses scope/caps, and performs no work on mount  831ms
 ✓ src/__tests__/mission-authoring.test.tsx (9 tests) 2941ms
   ✓ saves and previews inline, preserves authored fields, and submits the same pristine draft  1011ms
   ✓ retains a saved draft after failed submission and maps lint errors to the field  309ms
   ✓ normalizes optional empty loop inputs and blocks malformed JSON before saving  395ms
   ✓ preserves document identity when editing or removing references with duplicate filenames  497ms
stderr | src/__tests__/librarian.test.tsx > Librarian page, asking the documents > sends the chosen budget and links each citation to the chunk it came from
An update to LibrarianContent inside a test was not wrapped in act(...).

When testing, code that causes React state updates should be wrapped into act(...):

act(() => {
  /* fire events that update state */
});
/* assert on the output */

This ensures that you're testing the behavior the user would see in the browser. Learn more at https://react.dev/link/wrap-tests-with-act
An update to LibrarianContent inside a test was not wrapped in act(...).

When testing, code that causes React state updates should be wrapped into act(...):

act(() => {
  /* fire events that update state */
});
/* assert on the output */

This ensures that you're testing the behavior the user would see in the browser. Learn more at https://react.dev/link/wrap-tests-with-act

stderr | src/__tests__/librarian.test.tsx > Librarian page, asking the documents > asks for a short answer unless the user chooses a full synthesis
An update to LibrarianContent inside a test was not wrapped in act(...).

When testing, code that causes React state updates should be wrapped into act(...):

act(() => {
  /* fire events that update state */
});
/* assert on the output */

This ensures that you're testing the behavior the user would see in the browser. Learn more at https://react.dev/link/wrap-tests-with-act
An update to LibrarianContent inside a test was not wrapped in act(...).

When testing, code that causes React state updates should be wrapped into act(...):

act(() => {
  /* fire events that update state */
});
/* assert on the output */

This ensures that you're testing the behavior the user would see in the browser. Learn more at https://react.dev/link/wrap-tests-with-act

stderr | src/__tests__/librarian.test.tsx > Librarian page, asking the documents > renders a refusal as a note that asserts nothing, and keeps it that way after a reload
An update to LibrarianContent inside a test was not wrapped in act(...).

When testing, code that causes React state updates should be wrapped into act(...):

act(() => {
  /* fire events that update state */
});
/* assert on the output */

This ensures that you're testing the behavior the user would see in the browser. Learn more at https://react.dev/link/wrap-tests-with-act
An update to LibrarianContent inside a test was not wrapped in act(...).

When testing, code that causes React state updates should be wrapped into act(...):

act(() => {
  /* fire events that update state */
});
/* assert on the output */

This ensures that you're testing the behavior the user would see in the browser. Learn more at https://react.dev/link/wrap-tests-with-act

 ✓ src/__tests__/admin/spaces.test.tsx (18 tests) 1548ms
 ✓ src/__tests__/evidence.test.tsx (9 tests) 1422ms
   ✓ the evidence browser > marks the whole opened group seen once, not once per page (BADGE-1)  390ms
(node:30020) TimeoutNaNWarning: NaN is not a number.
Timeout duration was set to 1.
(Use `node --trace-warnings ...` to show where the warning was created)
 ✓ src/__tests__/missions.test.tsx (13 tests) 2270ms
   ✓ renders draft with actions appropriate to one execution  331ms
 ✓ src/__tests__/librarian.test.tsx (19 tests) 4347ms
   ✓ Librarian page > renders world knowledge as prose and corpus claims as cited passages  686ms
   ✓ Librarian page > drafts a mission from the transcript, shows the compiled contract, and creates it on confirmation  422ms
   ✓ Librarian page > keeps the conversation and project when the page is left and reopened, until the user starts over  493ms
   ✓ Librarian page, asking the documents > sends the chosen budget and links each citation to the chunk it came from  349ms
   ✓ Librarian page, listing the chunks > saves the phrase as a saved search with its project and list size  360ms
 ✓ src/__tests__/librarian-collections.test.tsx (8 tests) 1237ms
   ✓ generates only on request and preserves review edits without saving on navigation or dismissal  414ms
 ✓ src/__tests__/project-bundles.test.tsx (9 tests) 1064ms
   ✓ project bundle resources > pages documents using the full server total and current project  662ms
 ✓ scripts/check-token-colors.test.ts (8 tests) 1008ms
stderr | src/__tests__/home.test.tsx > Home's recent activity > marks an item viewed explicitly or by opening it, then refreshes from the server
Error: Not implemented: navigation (except hash changes)
    at module.exports (/Users/systemsystems/portfolio/TraceLab/frontend/node_modules/jsdom/lib/jsdom/browser/not-implemented.js:9:17)
    at navigateFetch (/Users/systemsystems/portfolio/TraceLab/frontend/node_modules/jsdom/lib/jsdom/living/window/navigation.js:77:3)
    at exports.navigate (/Users/systemsystems/portfolio/TraceLab/frontend/node_modules/jsdom/lib/jsdom/living/window/navigation.js:55:3)
    at Timeout._onTimeout (/Users/systemsystems/portfolio/TraceLab/frontend/node_modules/jsdom/lib/jsdom/living/nodes/HTMLHyperlinkElementUtils-impl.js:80:7)
    at listOnTimeout (node:internal/timers:608:17)
    at processTimers (node:internal/timers:543:7) undefined

 ✓ src/__tests__/home.test.tsx (5 tests) 975ms
   ✓ Home's recent activity > lists what happened newest first with status as a label only, and keeps missing progress unknown  395ms
 ✓ src/__tests__/graph.test.tsx (16 tests) 1108ms
   ✓ relationship accessibility and truthful totals > gives the list every diagram node and every edge, including repeated targets  318ms
   ✓ the relationship page > finds roots across all six types without sending an unscoped neighborhood request  371ms
 ✓ src/__tests__/hygiene.test.tsx (10 tests) 1046ms
   ✓ shared feedback and page state > requires explicit acceptance before deletion, preserves failure, and retries through the same confirmation  400ms
 ✓ src/__tests__/admin/observability.test.tsx (6 tests) 1982ms
   ✓ admin observability > renders server totals separately from recent rows and preserves unknown telemetry  630ms
   ✓ admin observability > preserves correction actions at the new route and exposes total dead letters without a fake clear action  953ms
 ✓ src/__tests__/project-new.test.tsx (3 tests) 1783ms
   ✓ New project page > shows no Space picker with one Space and sends no workspace_id  526ms
   ✓ New project page > defaults to My Space, which leaves the placement to the server  340ms
   ✓ New project page > creates in the shared Space the member picks  913ms
 ✓ src/__tests__/document-detail.test.tsx (12 tests) 3467ms
   ✓ opens on the Text tab and shows the full text from the content endpoint, not the preview  399ms
   ✓ moves stats and metadata to Overview and loads chunks only on the Chunks tab  756ms
   ✓ explains empty text and offers a retry when the text fails to load  347ms
   ✓ citation deep links > opens the Chunks tab on the page holding the chunk, expanded and marked as cited  914ms
 ✓ src/__tests__/collection-context.test.tsx (7 tests) 3303ms
   ✓ edits instructions and links to reviewed authoring without creating a mission  1349ms
   ✓ pages the full document context and removes only after explicit confirmation  1516ms
 ✓ src/__tests__/collection-picker.test.tsx (3 tests) 2428ms
   ✓ adds a document without manufacturing a chunk and pages the complete collection total  1926ms
   ✓ keeps a created collection when adding its first document fails  318ms
 ✓ src/__tests__/librarian-duplicates.test.tsx (7 tests) 2774ms
   ✓ scans only on request, preserves review after navigation, and dismisses without a corpus request  1766ms
   ✓ rechecks sources before displaying full text and returns keyboard focus on close  370ms
 ✓ src/__tests__/librarian-description.test.tsx (6 tests) 926ms
   ✓ drafts only on request, preserves edits across navigation, and dismissal never accepts  361ms
 ✓ src/contexts/RoleContext.test.tsx (8 tests) 284ms
 ✓ src/contexts/ThemeContext.test.tsx (5 tests) 366ms
 ✓ src/components/MarkdownRenderer.test.tsx (2 tests) 244ms
 ✓ src/__tests__/mission-run.test.tsx (9 tests) 662ms
 ✓ src/components/RequireAdmin.test.tsx (12 tests) 259ms
 ✓ src/__tests__/document-upload.test.tsx (4 tests) 570ms
 ✓ src/contexts/AuthContext.test.tsx (1 test) 105ms
 ✓ src/lib/route-migrations.test.ts (3 tests) 25ms
 ✓ src/lib/route-migration-links.test.ts (2 tests) 9ms
 ✓ src/lib/api/admin.test.ts (12 tests) 7ms
 ✓ src/__tests__/mission-timeline.test.tsx (1 test) 424ms
   ✓ does not call a cancelled run a successful completion  422ms
 ✓ src/__tests__/settings-notifications.test.tsx (3 tests) 627ms
   ✓ mission email preference on Settings > shows the stored preference and then whatever the server saved  359ms
 ✓ src/lib/api/librarian.test.ts (3 tests) 8ms
 ✓ src/lib/theme.test.ts (7 tests) 68ms
 ✓ src/__tests__/document-upload-api.test.ts (3 tests) 43ms
 ✓ src/__tests__/document-state.test.ts (6 tests) 2ms
 ✓ src/lib/api/timestamps.test.ts (1 test) 2ms
 ✓ src/lib/api/errors.test.ts (4 tests) 3ms

 Test Files  40 passed (40)
      Tests  291 passed (291)
   Start at  21:18:10
   Duration  21.33s (transform 3.61s, setup 12.04s, collect 31.68s, tests 46.63s, environment 34.99s, prepare 5.73s)
