rbac-status OK: enabled=True owner_count=1 your_role=owner policy_version=1.1
anon-401 sweep across every per-id route...
anon-401 sweep across PEDR/retrieval scope routes...
anon-401 sweep across RAG/synthesis/facet scope routes...
anon-401 sweep across alternate artifact routes...
provisioned principals: ['member', 'second_owner', 'service', 'viewer']
onboarding registration tenant-scope matrix...
existing-document tenant-scope matrix...
reusing owner project=a5245f04-08a0-4660-bf98-61c85aa767db; running non-destructive authz matrix...
seeded collection=4c8a84f4-194d-4fc8-a7f6-fb56b630af20; running authz matrix...
seeded mission=c26c138d-5eef-4851-a687-a36f03aa53a5; running authz matrix...
graph neighborhood tenant-scope matrix...
PEDR/retrieval tenant-scope matrix...
RAG/synthesis/facet tenant-scope matrix...
saved-search/history/report/collection-child scope matrix...
service-role log-ingest gate (POST .../logs)...
NOTE: SEC-2 document deny probes skipped: discovered owner project has no live document; no production document was created.
NOTE: pedr-preflight: owner baseline had zero matches; member/viewer scoped-empty checks are smoke only, not a non-vacuous isolation proof
NOTE: authz matrix reuses a validated owner project and seeds only hard-deletable collection/mission fixtures; project DELETE is local-only (live anonymous 401 coverage retained); 11 per-id routes remain in the explicit anon registry; reports/collection children also receive PEDR-1C cross-tenant probes; onboarding registration has member/viewer deny probes; existing documents receive read/list/PATCH/restore deny probes. Project-owner document read positives are local-only because the bootstrap owner is privileged and live fixture creation would mutate production projects/documents.

PASS: anon-401 enforced on every per-id and scoped retrieval route + seeded authz matrix (project/collection/mission/PEDR/RAG/synthesis/facets/saved-search/history/reports/collection-children) clean; no leaked cruft.
